 #   Flux in [erg/s/Hz/ster] pro g IM
 # wel(mu)  emis_tot  emis_c    emis_Si   emis_pol  emi_DD    emi_vgr   emi_vsi   epah_s+b  ISRF j_v
  1.00E+04  5.36E-21  2.30E-21  1.25E-21  7.49E-22  1.48E-21  5.88E-24  3.22E-22  1.85E-26  3.03E-21
  9.00E+03  7.71E-21  3.31E-21  1.81E-21  1.08E-21  2.11E-21  9.16E-24  4.67E-22  2.77E-26  8.23E-21
  8.00E+03  1.16E-20  4.98E-21  2.73E-21  1.61E-21  3.14E-21  1.49E-23  7.10E-22  4.32E-26  2.21E-20
  7.00E+03  1.83E-20  7.91E-21  4.36E-21  2.54E-21  4.93E-21  2.56E-23  1.12E-21  7.13E-26  5.85E-20
  6.00E+03  3.12E-20  1.35E-20  7.48E-21  4.31E-21  8.28E-21  4.73E-23  1.91E-21  1.26E-25  1.51E-19
  5.50E+03  4.21E-20  1.82E-20  1.01E-20  5.80E-21  1.11E-20  6.63E-23  2.59E-21  1.74E-25  2.41E-19
  5.00E+03  5.84E-20  2.53E-20  1.41E-20  8.03E-21  1.53E-20  9.55E-23  3.56E-21  2.46E-25  3.81E-19
  4.50E+03  8.39E-20  3.65E-20  2.04E-20  1.15E-20  2.17E-20  1.42E-22  5.12E-21  3.61E-25  5.97E-19
  4.00E+03  1.25E-19  5.48E-20  3.07E-20  1.72E-20  3.22E-20  2.19E-22  7.57E-21  5.49E-25  9.22E-19
  3.50E+03  1.98E-19  8.69E-20  4.87E-20  2.70E-20  5.02E-20  3.53E-22  1.19E-20  8.78E-25  1.40E-18
  3.00E+03  3.34E-19  1.48E-19  8.26E-20  4.55E-20  8.36E-20  6.02E-22  1.97E-20  1.49E-24  2.09E-18
  2.50E+03  6.19E-19  2.77E-19  1.53E-19  8.39E-20  1.52E-19  1.11E-21  3.55E-20  2.76E-24  3.03E-18
  2.10E+03  1.11E-18  5.04E-19  2.76E-19  1.51E-19  2.69E-19  1.94E-21  6.22E-20  4.91E-24  3.96E-18
  1.50E+03  3.36E-18  1.57E-18  8.31E-19  4.52E-19  7.82E-19  6.04E-21  1.72E-19  1.43E-23  5.49E-18
  1.38E+03  4.38E-18  2.07E-18  1.08E-18  5.88E-19  1.01E-18  7.96E-21  2.20E-19  1.85E-23  5.76E-18
  1.32E+03  5.08E-18  2.41E-18  1.25E-18  6.80E-19  1.16E-18  9.26E-21  2.52E-19  2.14E-23  5.89E-18
  1.15E+03  7.88E-18  3.80E-18  1.92E-18  1.05E-18  1.77E-18  1.45E-20  3.72E-19  3.30E-23  6.20E-18
  1.00E+03  1.22E-17  6.00E-18  2.93E-18  1.62E-18  2.68E-18  2.25E-20  5.42E-19  5.17E-23  6.36E-18
  9.97E+02  1.23E-17  6.06E-18  2.96E-18  1.64E-18  2.71E-18  2.27E-20  5.47E-19  5.22E-23  6.47E-18
  8.67E+02  1.87E-17  9.37E-18  4.46E-18  2.47E-18  4.01E-18  3.50E-20  7.88E-19  8.23E-23  1.34E-17
  8.50E+02  1.98E-17  9.98E-18  4.72E-18  2.62E-18  4.24E-18  3.71E-20  8.29E-19  8.79E-23  1.48E-17
  7.50E+02  2.90E-17  1.50E-17  6.69E-18  3.83E-18  6.09E-18  5.34E-20  1.13E-18  1.33E-22  2.55E-17
  6.00E+02  5.35E-17  2.91E-17  1.19E-17  6.99E-18  1.06E-17  9.93E-20  1.89E-18  2.81E-22  5.56E-17
  5.50E+02  6.66E-17  3.70E-17  1.42E-17  8.67E-18  1.30E-17  1.25E-19  2.30E-18  3.76E-22  7.13E-17
  5.00E+02  8.60E-17  4.83E-17  1.86E-17  1.11E-17  1.61E-17  1.58E-19  2.84E-18  5.14E-22  9.06E-17
  4.50E+02  1.15E-16  6.50E-17  2.57E-17  1.47E-17  2.04E-17  2.04E-19  3.55E-18  7.22E-22  1.14E-16
  4.00E+02  1.56E-16  9.04E-17  3.51E-17  1.97E-17  2.59E-17  2.67E-19  4.53E-18  1.05E-21  1.42E-16
  3.50E+02  2.10E-16  1.20E-16  5.26E-17  2.57E-17  3.09E-17  3.56E-19  5.90E-18  1.56E-21  1.73E-16
  3.00E+02  2.96E-16  1.74E-16  7.58E-17  3.51E-17  3.82E-17  4.85E-19  7.91E-18  2.43E-21  2.07E-16
  2.75E+02  3.44E-16  2.05E-16  8.82E-17  3.99E-17  4.06E-17  5.72E-19  9.28E-18  3.07E-21  2.25E-16
  2.50E+02  3.92E-16  2.38E-16  1.00E-16  4.45E-17  4.22E-17  6.78E-19  1.10E-17  3.91E-21  2.42E-16
  2.40E+02  4.14E-16  2.55E-16  1.04E-16  4.65E-17  4.23E-17  7.29E-19  1.17E-17  4.32E-21  2.52E-16
  2.00E+02  4.81E-16  3.12E-16  1.14E-16  5.15E-17  3.92E-17  9.83E-19  1.48E-17  6.54E-21  3.10E-16
  1.80E+02  4.90E-16  3.31E-16  1.07E-16  5.12E-17  3.49E-17  1.16E-18  1.67E-17  8.09E-21  3.39E-16
  1.60E+02  4.84E-16  3.45E-16  9.05E-17  4.93E-17  2.83E-17  1.38E-18  1.91E-17  1.00E-20  3.66E-16
  1.50E+02  4.75E-16  3.50E-16  7.96E-17  4.77E-17  2.42E-17  1.51E-18  2.02E-17  1.12E-20  3.78E-16
  1.40E+02  4.35E-16  3.26E-16  6.68E-17  4.27E-17  1.92E-17  1.66E-18  2.17E-17  1.24E-20  3.40E-16
  1.20E+02  3.64E-16  2.87E-16  3.96E-17  3.42E-17  1.06E-17  2.05E-18  2.50E-17  1.54E-20  2.54E-16
  1.00E+02  2.34E-16  1.83E-16  1.67E-17  2.00E-17  3.77E-18  2.59E-18  2.89E-17  1.93E-20  1.84E-16
  9.00E+01  1.74E-16  1.30E-16  8.58E-18  1.36E-17  1.80E-18  2.96E-18  3.09E-17  2.16E-20  1.54E-16
  8.00E+01  1.16E-16  7.54E-17  3.59E-18  7.42E-18  6.32E-19  3.41E-18  3.29E-17  2.45E-20  1.10E-16
  7.50E+01  9.28E-17  5.29E-17  2.13E-18  5.08E-18  3.41E-19  3.69E-18  3.37E-17  2.61E-20  9.23E-17
  7.00E+01  7.47E-17  3.50E-17  1.16E-18  3.25E-18  1.62E-19  4.01E-18  3.44E-17  2.79E-20  7.72E-17
  6.00E+01  5.04E-17  1.06E-17  2.38E-19  9.03E-19  2.32E-20  4.84E-18  3.47E-17  3.20E-20  5.31E-17
  5.00E+01  4.04E-17  1.56E-18  2.43E-20  1.16E-19  1.31E-21  6.11E-18  3.27E-17  3.65E-20  3.57E-17
  4.50E+01  3.78E-17  4.02E-19  4.97E-21  2.73E-20  1.83E-22  7.02E-18  3.03E-17  3.89E-20  2.89E-17
  4.00E+01  3.51E-17  6.57E-20  6.44E-22  3.92E-21  1.46E-23  8.03E-18  2.69E-17  4.16E-20  2.31E-17
  3.50E+01  3.06E-17  5.94E-21  4.17E-23  3.02E-22  5.38E-25  8.28E-18  2.23E-17  4.52E-20  1.82E-17
  3.00E+01  2.35E-17  2.19E-22  9.55E-25  8.78E-24  6.09E-27  6.10E-18  1.74E-17  5.20E-20  1.45E-17
  2.75E+01  1.93E-17  2.51E-23  8.09E-26  8.63E-25  3.37E-28  4.27E-18  1.50E-17  6.00E-20  1.29E-17
  2.50E+01  1.56E-17  1.77E-24  4.03E-27  5.07E-26  1.01E-29  2.67E-18  1.29E-17  8.39E-20  1.14E-17
  2.40E+01  1.43E-17  5.25E-25  1.00E-27  1.38E-26  2.01E-30  2.17E-18  1.21E-17  1.09E-19  1.08E-17
  2.35E+01  1.38E-17  2.75E-25  4.79E-28  6.92E-27  8.49E-31  1.95E-18  1.17E-17  1.25E-19  1.05E-17
  2.32E+01  1.34E-17  1.83E-25  3.03E-28  4.49E-27  4.97E-31  1.83E-18  1.14E-17  1.32E-19  1.03E-17
  2.31E+01  1.33E-17  1.60E-25  2.59E-28  3.88E-27  4.14E-31  1.79E-18  1.14E-17  1.33E-19  1.03E-17
  2.30E+01  1.32E-17  1.39E-25  2.21E-28  3.35E-27  3.45E-31  1.75E-18  1.13E-17  1.34E-19  1.02E-17
  2.25E+01  1.27E-17  6.83E-26  9.88E-29  1.56E-27  1.34E-31  1.57E-18  1.10E-17  1.36E-19  9.93E-18
  2.20E+01  1.22E-17  3.23E-26  4.25E-29  7.01E-28  5.02E-32  1.41E-18  1.07E-17  1.39E-19  9.65E-18
  2.15E+01  1.17E-17  1.48E-26  1.76E-29  3.04E-28  1.78E-32  1.26E-18  1.03E-17  1.48E-19  9.37E-18
  2.12E+01  1.15E-17  9.10E-27  1.01E-29  1.81E-28  9.35E-33  1.18E-18  1.01E-17  1.52E-19  9.21E-18
  2.11E+01  1.14E-17  7.71E-27  8.38E-30  1.51E-28  7.51E-33  1.16E-18  1.01E-17  1.52E-19  9.16E-18
  2.10E+01  1.13E-17  6.52E-27  6.93E-30  1.26E-28  6.02E-33  1.13E-18  1.00E-17  1.52E-19  9.10E-18
  2.08E+01  1.11E-17  4.62E-27  4.70E-30  8.74E-29  3.83E-33  1.09E-18  9.88E-18  1.49E-19  8.99E-18
  2.00E+01  1.05E-17  1.09E-27  9.22E-31  1.87E-29  5.76E-34  9.17E-19  9.45E-18  1.37E-19  8.57E-18
  1.95E+01  1.01E-17  4.18E-28  3.08E-31  6.74E-30  1.62E-34  8.27E-19  9.17E-18  1.45E-19  8.51E-18
  1.90E+01  9.67E-18  1.53E-28  9.62E-32  2.31E-30  4.22E-35  7.47E-19  8.75E-18  1.70E-19  8.44E-18
  1.85E+01  9.07E-18  5.27E-29  2.78E-32  7.44E-31  1.01E-35  6.75E-19  8.18E-18  2.13E-19  8.38E-18
  1.83E+01  8.79E-18  3.39E-29  1.66E-32  4.65E-31  5.58E-36  6.49E-19  7.92E-18  2.27E-19  8.35E-18
  1.82E+01  8.64E-18  2.71E-29  1.27E-32  3.65E-31  0.00E+00  6.36E-19  7.78E-18  2.32E-19  8.33E-18
  1.81E+01  8.48E-18  2.16E-29  9.71E-33  2.86E-31  0.00E+00  6.24E-19  7.62E-18  2.34E-19  8.32E-18
  1.80E+01  8.31E-18  1.71E-29  7.40E-33  2.24E-31  0.00E+00  6.12E-19  7.46E-18  2.35E-19  8.30E-18
  1.75E+01  7.42E-18  5.21E-30  1.78E-33  6.29E-32  0.00E+00  5.56E-19  6.63E-18  2.36E-19  8.22E-18
  1.70E+01  6.53E-18  1.46E-30  3.82E-34  1.62E-32  0.00E+00  5.07E-19  5.74E-18  2.83E-19  8.13E-18
  1.67E+01  6.03E-18  6.61E-31  1.42E-34  6.98E-33  0.00E+00  4.81E-19  5.22E-18  3.29E-19  8.08E-18
  1.65E+01  5.68E-18  3.84E-31  7.17E-35  3.92E-33  0.00E+00  4.64E-19  4.87E-18  3.44E-19  8.04E-18
  1.64E+01  5.50E-18  2.91E-31  5.04E-35  2.91E-33  0.00E+00  4.56E-19  4.70E-18  3.42E-19  8.02E-18
  1.63E+01  5.32E-18  2.20E-31  3.52E-35  2.16E-33  0.00E+00  4.48E-19  4.54E-18  3.35E-19  8.00E-18
  1.61E+01  4.96E-18  1.24E-31  1.69E-35  1.17E-33  0.00E+00  4.34E-19  4.22E-18  3.12E-19  7.96E-18
  1.60E+01  4.79E-18  9.24E-32  1.15E-35  8.55E-34  0.00E+00  4.26E-19  4.06E-18  3.02E-19  7.94E-18
  1.59E+01  4.62E-18  6.88E-32  7.85E-36  6.24E-34  0.00E+00  4.19E-19  3.91E-18  2.94E-19  7.92E-18
  1.58E+01  4.47E-18  5.09E-32  5.31E-36  4.53E-34  0.00E+00  4.13E-19  3.77E-18  2.88E-19  7.90E-18
  1.57E+01  4.31E-18  3.75E-32  0.00E+00  3.26E-34  0.00E+00  4.06E-19  3.63E-18  2.83E-19  7.88E-18
  1.56E+01  4.16E-18  2.76E-32  0.00E+00  2.35E-34  0.00E+00  3.99E-19  3.49E-18  2.77E-19  7.86E-18
  1.54E+01  3.89E-18  1.48E-32  0.00E+00  1.21E-34  0.00E+00  3.87E-19  3.23E-18  2.70E-19  7.82E-18
  1.52E+01  3.65E-18  7.72E-33  0.00E+00  6.03E-35  0.00E+00  3.75E-19  2.99E-18  2.83E-19  7.77E-18
  1.51E+01  3.53E-18  5.55E-33  0.00E+00  4.23E-35  0.00E+00  3.69E-19  2.88E-18  2.91E-19  7.75E-18
  1.50E+01  3.42E-18  3.96E-33  0.00E+00  2.95E-35  0.00E+00  3.63E-19  2.77E-18  2.92E-19  7.73E-18
  1.45E+01  3.01E-18  6.89E-34  0.00E+00  4.58E-36  0.00E+00  3.38E-19  2.30E-18  3.64E-19  7.61E-18
  1.44E+01  2.96E-18  4.79E-34  0.00E+00  3.11E-36  0.00E+00  3.33E-19  2.23E-18  4.02E-19  7.58E-18
  1.43E+01  2.93E-18  3.31E-34  0.00E+00  2.10E-36  0.00E+00  3.28E-19  2.17E-18  4.33E-19  7.56E-18
  1.42E+01  2.89E-18  2.28E-34  0.00E+00  1.41E-36  0.00E+00  3.24E-19  2.12E-18  4.49E-19  7.53E-18
  1.40E+01  2.85E-18  1.06E-34  0.00E+00  6.25E-37  0.00E+00  3.15E-19  2.05E-18  4.87E-19  7.48E-18
  1.38E+01  2.94E-18  4.84E-35  0.00E+00  2.70E-37  0.00E+00  3.07E-19  2.02E-18  6.11E-19  7.43E-18
  1.37E+01  3.06E-18  3.23E-35  0.00E+00  1.76E-37  0.00E+00  3.03E-19  2.03E-18  7.24E-19  7.40E-18
  1.36E+01  3.19E-18  2.15E-35  0.00E+00  1.14E-37  0.00E+00  2.99E-19  2.05E-18  8.36E-19  7.38E-18
  1.35E+01  3.26E-18  1.42E-35  0.00E+00  7.34E-38  0.00E+00  2.95E-19  2.07E-18  8.92E-19  7.35E-18
  1.34E+01  3.35E-18  9.36E-36  0.00E+00  4.69E-38  0.00E+00  2.91E-19  2.10E-18  9.65E-19  7.32E-18
  1.33E+01  3.53E-18  6.11E-36  0.00E+00  2.97E-38  0.00E+00  2.87E-19  2.12E-18  1.12E-18  7.29E-18
  1.32E+01  3.81E-18  0.00E+00  0.00E+00  1.87E-38  0.00E+00  2.84E-19  2.15E-18  1.37E-18  7.27E-18
  1.31E+01  4.25E-18  0.00E+00  0.00E+00  1.17E-38  0.00E+00  2.80E-19  2.18E-18  1.79E-18  7.24E-18
  1.29E+01  6.19E-18  0.00E+00  0.00E+00  4.43E-39  0.00E+00  2.73E-19  2.25E-18  3.67E-18  7.18E-18
  1.28E+01  7.93E-18  0.00E+00  0.00E+00  2.70E-39  0.00E+00  2.70E-19  2.29E-18  5.37E-18  7.15E-18
  1.27E+01  9.08E-18  0.00E+00  0.00E+00  1.64E-39  0.00E+00  2.67E-19  2.33E-18  6.48E-18  7.12E-18
  1.26E+01  8.22E-18  0.00E+00  0.00E+00  9.84E-40  0.00E+00  2.64E-19  2.38E-18  5.58E-18  7.09E-18
  1.25E+01  6.79E-18  0.00E+00  0.00E+00  5.86E-40  0.00E+00  2.60E-19  2.42E-18  4.11E-18  7.06E-18
  1.22E+01  6.00E-18  0.00E+00  0.00E+00  1.19E-40  0.00E+00  2.51E-19  2.55E-18  3.20E-18  6.97E-18
  1.21E+01  6.52E-18  0.00E+00  0.00E+00  0.00E+00  0.00E+00  2.48E-19  2.60E-18  3.67E-18  6.91E-18
  1.20E+01  6.95E-18  0.00E+00  0.00E+00  0.00E+00  0.00E+00  2.45E-19  2.66E-18  4.05E-18  6.85E-18
  1.19E+01  7.00E-18  0.00E+00  0.00E+00  0.00E+00  0.00E+00  2.42E-19  2.72E-18  4.04E-18  6.80E-18
  1.18E+01  7.02E-18  0.00E+00  0.00E+00  0.00E+00  0.00E+00  2.38E-19  2.77E-18  4.01E-18  6.74E-18
  1.17E+01  7.51E-18  0.00E+00  0.00E+00  0.00E+00  0.00E+00  2.35E-19  2.83E-18  4.44E-18  6.68E-18
  1.16E+01  8.82E-18  0.00E+00  0.00E+00  0.00E+00  0.00E+00  2.34E-19  2.88E-18  5.71E-18  6.63E-18
  1.15E+01  1.16E-17  0.00E+00  0.00E+00  0.00E+00  0.00E+00  3.21E-19  2.92E-18  8.31E-18  6.57E-18
  1.14E+01  1.57E-17  0.00E+00  0.00E+00  0.00E+00  0.00E+00  2.33E-19  2.97E-18  1.25E-17  6.51E-18
  1.13E+01  1.85E-17  0.00E+00  0.00E+00  0.00E+00  0.00E+00  2.28E-19  3.03E-18  1.52E-17  6.45E-18
  1.12E+01  1.55E-17  0.00E+00  0.00E+00  0.00E+00  0.00E+00  2.25E-19  3.09E-18  1.22E-17  6.40E-18
  1.11E+01  1.11E-17  0.00E+00  0.00E+00  0.00E+00  0.00E+00  2.22E-19  3.15E-18  7.75E-18  6.34E-18
  1.09E+01  6.71E-18  0.00E+00  0.00E+00  0.00E+00  0.00E+00  2.16E-19  3.28E-18  3.22E-18  6.23E-18
  1.05E+01  4.92E-18  0.00E+00  0.00E+00  0.00E+00  0.00E+00  2.06E-19  3.64E-18  1.07E-18  6.00E-18
  1.00E+01  4.52E-18  0.00E+00  0.00E+00  0.00E+00  0.00E+00  1.94E-19  3.78E-18  5.42E-19  5.71E-18
  9.80E+00  4.47E-18  0.00E+00  0.00E+00  0.00E+00  0.00E+00  1.89E-19  3.81E-18  4.71E-19  5.60E-18
  9.60E+00  4.43E-18  0.00E+00  0.00E+00  0.00E+00  0.00E+00  1.85E-19  3.81E-18  4.35E-19  5.48E-18
  9.50E+00  4.38E-18  0.00E+00  0.00E+00  0.00E+00  0.00E+00  1.83E-19  3.77E-18  4.28E-19  5.43E-18
  9.40E+00  4.29E-18  0.00E+00  0.00E+00  0.00E+00  0.00E+00  1.80E-19  3.68E-18  4.29E-19  5.37E-18
  9.20E+00  3.91E-18  0.00E+00  0.00E+00  0.00E+00  0.00E+00  1.76E-19  3.28E-18  4.54E-19  5.25E-18
  8.90E+00  3.25E-18  0.00E+00  0.00E+00  0.00E+00  0.00E+00  1.69E-19  2.43E-18  6.47E-19  5.08E-18
  8.70E+00  3.51E-18  0.00E+00  0.00E+00  0.00E+00  0.00E+00  1.65E-19  1.94E-18  1.41E-18  4.97E-18
  8.60E+00  4.01E-18  0.00E+00  0.00E+00  0.00E+00  0.00E+00  1.63E-19  1.74E-18  2.11E-18  4.91E-18
  8.50E+00  3.24E-18  0.00E+00  0.00E+00  0.00E+00  0.00E+00  1.61E-19  1.57E-18  1.50E-18  4.85E-18
  8.40E+00  2.64E-18  0.00E+00  0.00E+00  0.00E+00  0.00E+00  1.59E-19  1.40E-18  1.08E-18  4.80E-18
  8.20E+00  2.28E-18  0.00E+00  0.00E+00  0.00E+00  0.00E+00  1.54E-19  1.04E-18  1.09E-18  4.68E-18
  8.00E+00  2.39E-18  0.00E+00  0.00E+00  0.00E+00  0.00E+00  1.50E-19  6.77E-19  1.57E-18  4.57E-18
  7.90E+00  2.64E-18  0.00E+00  0.00E+00  0.00E+00  0.00E+00  1.47E-19  5.56E-19  1.94E-18  4.51E-18
  7.80E+00  2.89E-18  0.00E+00  0.00E+00  0.00E+00  0.00E+00  1.45E-19  4.43E-19  2.30E-18  4.45E-18
  7.70E+00  2.95E-18  0.00E+00  0.00E+00  0.00E+00  0.00E+00  1.43E-19  3.56E-19  2.45E-18  4.40E-18
  7.60E+00  2.70E-18  0.00E+00  0.00E+00  0.00E+00  0.00E+00  1.40E-19  2.95E-19  2.27E-18  4.34E-18
  7.50E+00  2.25E-18  0.00E+00  0.00E+00  0.00E+00  0.00E+00  1.38E-19  2.42E-19  1.87E-18  4.28E-18
  7.30E+00  1.48E-18  0.00E+00  0.00E+00  0.00E+00  0.00E+00  1.33E-19  1.94E-19  1.15E-18  4.10E-18
  7.20E+00  1.27E-18  0.00E+00  0.00E+00  0.00E+00  0.00E+00  1.30E-19  1.83E-19  9.59E-19  3.98E-18
  7.10E+00  1.23E-18  0.00E+00  0.00E+00  0.00E+00  0.00E+00  1.28E-19  1.74E-19  9.32E-19  3.86E-18
  7.00E+00  1.57E-18  0.00E+00  0.00E+00  0.00E+00  0.00E+00  1.26E-19  1.68E-19  1.27E-18  3.75E-18
  6.90E+00  1.04E-18  0.00E+00  0.00E+00  0.00E+00  0.00E+00  1.23E-19  1.63E-19  7.51E-19  3.63E-18
  6.80E+00  8.64E-19  0.00E+00  0.00E+00  0.00E+00  0.00E+00  1.21E-19  1.59E-19  5.84E-19  3.52E-18
  6.60E+00  8.17E-19  0.00E+00  0.00E+00  0.00E+00  0.00E+00  1.16E-19  1.52E-19  5.49E-19  3.31E-18
  6.40E+00  1.06E-18  0.00E+00  0.00E+00  0.00E+00  0.00E+00  1.10E-19  1.44E-19  8.05E-19  3.11E-18
  6.30E+00  1.48E-18  0.00E+00  0.00E+00  0.00E+00  0.00E+00  1.06E-19  1.41E-19  1.23E-18  3.01E-18
  6.20E+00  1.89E-18  0.00E+00  0.00E+00  0.00E+00  0.00E+00  1.05E-19  1.37E-19  1.65E-18  2.92E-18
  6.10E+00  1.42E-18  0.00E+00  0.00E+00  0.00E+00  0.00E+00  1.03E-19  1.32E-19  1.18E-18  2.82E-18
  5.90E+00  7.52E-19  0.00E+00  0.00E+00  0.00E+00  0.00E+00  9.74E-20  1.24E-19  5.30E-19  2.64E-18
  5.50E+00  6.20E-19  0.00E+00  0.00E+00  0.00E+00  0.00E+00  8.67E-20  1.11E-19  4.23E-19  2.31E-18
  5.30E+00  8.19E-19  0.00E+00  0.00E+00  0.00E+00  0.00E+00  8.14E-20  1.05E-19  6.32E-19  2.15E-18
  5.20E+00  1.15E-18  0.00E+00  0.00E+00  0.00E+00  0.00E+00  7.87E-20  1.03E-19  9.64E-19  2.08E-18
  5.10E+00  1.47E-18  0.00E+00  0.00E+00  0.00E+00  0.00E+00  7.60E-20  1.01E-19  1.29E-18  2.01E-18
  5.00E+00  1.09E-18  0.00E+00  0.00E+00  0.00E+00  0.00E+00  7.32E-20  9.86E-20  9.19E-19  1.94E-18
  4.80E+00  5.87E-19  0.00E+00  0.00E+00  0.00E+00  0.00E+00  6.77E-20  9.49E-20  4.24E-19  1.80E-18
  4.50E+00  4.58E-19  0.00E+00  0.00E+00  0.00E+00  0.00E+00  5.95E-20  9.01E-20  3.08E-19  1.61E-18
  4.00E+00  4.17E-19  0.00E+00  0.00E+00  0.00E+00  0.00E+00  4.65E-20  8.22E-20  2.88E-19  1.78E-18
  3.80E+00  4.14E-19  0.00E+00  0.00E+00  0.00E+00  0.00E+00  4.15E-20  7.86E-20  2.93E-19  1.84E-18
  3.60E+00  4.29E-19  0.00E+00  0.00E+00  0.00E+00  0.00E+00  3.67E-20  7.47E-20  3.18E-19  1.91E-18
  3.40E+00  6.49E-19  0.00E+00  0.00E+00  0.00E+00  0.00E+00  3.22E-20  7.03E-20  5.46E-19  1.96E-18
  3.30E+00  1.39E-18  0.00E+00  0.00E+00  0.00E+00  0.00E+00  3.00E-20  6.78E-20  1.29E-18  1.99E-18
  3.20E+00  5.85E-19  0.00E+00  0.00E+00  0.00E+00  0.00E+00  2.78E-20  6.51E-20  4.92E-19  2.02E-18
  3.15E+00  4.61E-19  0.00E+00  0.00E+00  0.00E+00  0.00E+00  2.68E-20  6.37E-20  3.70E-19  2.03E-18
  3.10E+00  4.07E-19  0.00E+00  0.00E+00  0.00E+00  0.00E+00  2.57E-20  6.23E-20  3.19E-19  2.04E-18
  3.08E+00  3.93E-19  0.00E+00  0.00E+00  0.00E+00  0.00E+00  2.53E-20  6.17E-20  3.06E-19  2.05E-18
  3.05E+00  3.77E-19  0.00E+00  0.00E+00  0.00E+00  0.00E+00  2.47E-20  6.09E-20  2.92E-19  2.05E-18
  3.00E+00  3.59E-19  0.00E+00  0.00E+00  0.00E+00  0.00E+00  2.37E-20  5.95E-20  2.76E-19  2.07E-18
  2.90E+00  3.35E-19  0.00E+00  0.00E+00  0.00E+00  0.00E+00  2.17E-20  5.66E-20  2.57E-19  2.09E-18
  2.80E+00  3.18E-19  0.00E+00  0.00E+00  0.00E+00  0.00E+00  1.98E-20  5.35E-20  2.45E-19  2.10E-18
  2.60E+00  2.88E-19  0.00E+00  0.00E+00  0.00E+00  0.00E+00  1.61E-20  4.70E-20  2.24E-19  2.25E-18
  2.50E+00  2.72E-19  0.00E+00  0.00E+00  0.00E+00  0.00E+00  1.44E-20  4.36E-20  2.14E-19  2.38E-18
  2.20E+00  2.22E-19  0.00E+00  0.00E+00  0.00E+00  0.00E+00  9.65E-21  3.29E-20  1.79E-19  2.81E-18
  2.16E+00  2.15E-19  0.00E+00  0.00E+00  0.00E+00  0.00E+00  9.06E-21  3.14E-20  1.74E-19  2.87E-18
  2.00E+00  1.85E-19  0.00E+00  0.00E+00  0.00E+00  0.00E+00  6.92E-21  2.56E-20  1.53E-19  3.10E-18
  1.66E+00  1.20E-19  0.00E+00  0.00E+00  0.00E+00  0.00E+00  3.29E-21  1.39E-20  1.03E-19  3.58E-18
  1.65E+00  1.18E-19  0.00E+00  0.00E+00  0.00E+00  0.00E+00  3.18E-21  1.36E-20  1.01E-19  3.59E-18
  1.25E+00  4.81E-20  0.00E+00  0.00E+00  0.00E+00  0.00E+00  7.55E-22  3.77E-21  4.36E-20  3.44E-18
  1.23E+00  4.59E-20  0.00E+00  0.00E+00  0.00E+00  0.00E+00  7.02E-22  3.52E-21  4.17E-20  3.42E-18
  1.13E+00  3.18E-20  0.00E+00  0.00E+00  0.00E+00  0.00E+00  3.99E-22  2.08E-21  2.93E-20  3.31E-18
  1.00E+00  1.78E-20  0.00E+00  0.00E+00  0.00E+00  0.00E+00  1.67E-22  9.10E-22  1.67E-20  3.14E-18
  9.50E-01  1.35E-20  0.00E+00  0.00E+00  0.00E+00  0.00E+00  1.12E-22  6.18E-22  1.28E-20  3.03E-18
  9.30E-01  1.20E-20  0.00E+00  0.00E+00  0.00E+00  0.00E+00  9.38E-23  5.22E-22  1.14E-20  2.99E-18
  9.20E-01  1.13E-20  0.00E+00  0.00E+00  0.00E+00  0.00E+00  8.57E-23  4.79E-22  1.07E-20  2.97E-18
  9.10E-01  1.06E-20  0.00E+00  0.00E+00  0.00E+00  0.00E+00  7.81E-23  4.38E-22  1.01E-20  2.94E-18
  9.00E-01  9.96E-21  0.00E+00  0.00E+00  0.00E+00  0.00E+00  7.10E-23  4.00E-22  9.48E-21  2.92E-18
  8.90E-01  9.32E-21  0.00E+00  0.00E+00  0.00E+00  0.00E+00  6.45E-23  3.64E-22  8.89E-21  2.90E-18
  8.80E-01  8.70E-21  0.00E+00  0.00E+00  0.00E+00  0.00E+00  5.84E-23  3.31E-22  8.31E-21  2.87E-18
  8.70E-01  8.11E-21  0.00E+00  0.00E+00  0.00E+00  0.00E+00  5.27E-23  3.00E-22  7.76E-21  2.85E-18
  8.60E-01  7.55E-21  0.00E+00  0.00E+00  0.00E+00  0.00E+00  4.74E-23  2.71E-22  7.23E-21  2.83E-18
  8.50E-01  7.01E-21  0.00E+00  0.00E+00  0.00E+00  0.00E+00  4.26E-23  2.44E-22  6.73E-21  2.80E-18
  8.40E-01  6.50E-21  0.00E+00  0.00E+00  0.00E+00  0.00E+00  3.81E-23  2.19E-22  6.24E-21  2.78E-18
  8.33E-01  6.16E-21  0.00E+00  0.00E+00  0.00E+00  0.00E+00  3.52E-23  2.03E-22  5.92E-21  2.76E-18
  8.20E-01  5.55E-21  0.00E+00  0.00E+00  0.00E+00  0.00E+00  3.03E-23  1.76E-22  5.35E-21  2.73E-18
  8.10E-01  5.11E-21  0.00E+00  0.00E+00  0.00E+00  0.00E+00  2.69E-23  1.57E-22  4.93E-21  2.71E-18
  8.00E-01  4.70E-21  0.00E+00  0.00E+00  0.00E+00  0.00E+00  2.38E-23  1.39E-22  4.53E-21  2.68E-18
  7.90E-01  4.30E-21  0.00E+00  0.00E+00  0.00E+00  0.00E+00  2.10E-23  1.23E-22  4.16E-21  2.66E-18
  7.80E-01  3.93E-21  0.00E+00  0.00E+00  0.00E+00  0.00E+00  1.84E-23  1.09E-22  3.81E-21  2.63E-18
  7.70E-01  3.59E-21  0.00E+00  0.00E+00  0.00E+00  0.00E+00  1.61E-23  9.56E-23  3.47E-21  2.61E-18
  7.60E-01  3.26E-21  0.00E+00  0.00E+00  0.00E+00  0.00E+00  1.40E-23  8.38E-23  3.16E-21  2.58E-18
  7.50E-01  2.95E-21  0.00E+00  0.00E+00  0.00E+00  0.00E+00  1.22E-23  7.31E-23  2.87E-21  2.56E-18
  7.40E-01  2.67E-21  0.00E+00  0.00E+00  0.00E+00  0.00E+00  1.05E-23  6.36E-23  2.60E-21  2.53E-18
  7.30E-01  2.40E-21  0.00E+00  0.00E+00  0.00E+00  0.00E+00  9.05E-24  5.50E-23  2.34E-21  2.50E-18
  7.14E-01  2.02E-21  0.00E+00  0.00E+00  0.00E+00  0.00E+00  7.04E-24  4.33E-23  1.97E-21  2.46E-18
  7.10E-01  1.93E-21  0.00E+00  0.00E+00  0.00E+00  0.00E+00  6.60E-24  4.07E-23  1.88E-21  2.45E-18
  7.00E-01  1.72E-21  0.00E+00  0.00E+00  0.00E+00  0.00E+00  5.60E-24  3.47E-23  1.68E-21  2.42E-18
  6.90E-01  1.53E-21  0.00E+00  0.00E+00  0.00E+00  0.00E+00  4.72E-24  2.95E-23  1.49E-21  2.40E-18
  6.80E-01  1.35E-21  0.00E+00  0.00E+00  0.00E+00  0.00E+00  3.96E-24  2.49E-23  1.32E-21  2.37E-18
  6.70E-01  1.19E-21  0.00E+00  0.00E+00  0.00E+00  0.00E+00  3.30E-24  2.10E-23  1.17E-21  2.34E-18
  6.60E-01  1.04E-21  0.00E+00  0.00E+00  0.00E+00  0.00E+00  2.74E-24  1.75E-23  1.02E-21  2.32E-18
  6.50E-01  9.11E-22  0.00E+00  0.00E+00  0.00E+00  0.00E+00  2.25E-24  1.46E-23  8.94E-22  2.29E-18
  6.40E-01  7.92E-22  0.00E+00  0.00E+00  0.00E+00  0.00E+00  1.85E-24  1.20E-23  7.78E-22  2.26E-18
  6.30E-01  6.84E-22  0.00E+00  0.00E+00  0.00E+00  0.00E+00  1.50E-24  9.88E-24  6.73E-22  2.23E-18
  6.25E-01  6.35E-22  0.00E+00  0.00E+00  0.00E+00  0.00E+00  1.35E-24  8.93E-24  6.25E-22  2.22E-18
  6.20E-01  5.88E-22  0.00E+00  0.00E+00  0.00E+00  0.00E+00  1.21E-24  8.05E-24  5.79E-22  2.20E-18
  6.10E-01  5.03E-22  0.00E+00  0.00E+00  0.00E+00  0.00E+00  9.70E-25  6.52E-24  4.96E-22  2.18E-18
  6.00E-01  4.28E-22  0.00E+00  0.00E+00  0.00E+00  0.00E+00  7.71E-25  5.24E-24  4.22E-22  2.12E-18
  5.90E-01  3.61E-22  0.00E+00  0.00E+00  0.00E+00  0.00E+00  6.07E-25  4.17E-24  3.57E-22  2.05E-18
  5.80E-01  3.03E-22  0.00E+00  0.00E+00  0.00E+00  0.00E+00  4.74E-25  3.30E-24  3.00E-22  1.98E-18
  5.70E-01  2.53E-22  0.00E+00  0.00E+00  0.00E+00  0.00E+00  3.66E-25  2.58E-24  2.50E-22  1.91E-18
  5.60E-01  2.09E-22  0.00E+00  0.00E+00  0.00E+00  0.00E+00  2.80E-25  2.00E-24  2.07E-22  1.85E-18
  5.50E-01  1.72E-22  0.00E+00  0.00E+00  0.00E+00  0.00E+00  2.12E-25  1.54E-24  1.70E-22  1.79E-18
  5.48E-01  2.45E-22  0.00E+00  0.00E+00  0.00E+00  0.00E+00  1.99E-25  1.45E-24  2.44E-22  1.77E-18
  5.40E-01  2.10E-22  0.00E+00  0.00E+00  0.00E+00  0.00E+00  1.59E-25  1.17E-24  2.09E-22  1.73E-18
  5.30E-01  1.71E-22  0.00E+00  0.00E+00  0.00E+00  0.00E+00  1.18E-25  8.81E-25  1.70E-22  1.67E-18
  5.20E-01  1.38E-22  0.00E+00  0.00E+00  0.00E+00  0.00E+00  8.67E-26  6.55E-25  1.37E-22  1.61E-18
  5.10E-01  1.10E-22  0.00E+00  0.00E+00  0.00E+00  0.00E+00  6.27E-26  4.81E-25  1.09E-22  1.55E-18
  5.00E-01  8.70E-23  0.00E+00  0.00E+00  0.00E+00  0.00E+00  4.47E-26  3.49E-25  8.66E-23  1.50E-18
  4.90E-01  6.81E-23  0.00E+00  0.00E+00  0.00E+00  0.00E+00  3.14E-26  2.50E-25  6.78E-23  1.44E-18
  4.88E-01  6.48E-23  0.00E+00  0.00E+00  0.00E+00  0.00E+00  2.92E-26  2.33E-25  6.45E-23  1.43E-18
  4.80E-01  5.28E-23  0.00E+00  0.00E+00  0.00E+00  0.00E+00  2.18E-26  1.76E-25  5.26E-23  1.39E-18
  4.76E-01  4.75E-23  0.00E+00  0.00E+00  0.00E+00  0.00E+00  1.88E-26  1.52E-25  4.74E-23  1.37E-18
  4.70E-01  4.05E-23  0.00E+00  0.00E+00  0.00E+00  0.00E+00  1.49E-26  1.22E-25  4.03E-23  1.32E-18
  4.65E-01  3.53E-23  0.00E+00  0.00E+00  0.00E+00  0.00E+00  1.23E-26  1.01E-25  3.51E-23  1.26E-18
  4.60E-01  3.06E-23  0.00E+00  0.00E+00  0.00E+00  0.00E+00  1.00E-26  8.32E-26  3.05E-23  1.20E-18
  4.55E-01  2.65E-23  0.00E+00  0.00E+00  0.00E+00  0.00E+00  8.15E-27  6.83E-26  2.65E-23  1.14E-18
  4.50E-01  2.29E-23  0.00E+00  0.00E+00  0.00E+00  0.00E+00  6.60E-27  5.58E-26  2.28E-23  1.09E-18
  4.44E-01  1.91E-23  0.00E+00  0.00E+00  0.00E+00  0.00E+00  5.09E-27  4.35E-26  1.91E-23  1.02E-18
  4.35E-01  1.44E-23  0.00E+00  0.00E+00  0.00E+00  0.00E+00  3.40E-27  2.95E-26  1.44E-23  9.35E-19
  4.17E-01  7.93E-24  0.00E+00  0.00E+00  0.00E+00  0.00E+00  1.44E-27  1.29E-26  7.91E-24  7.81E-19
  4.00E-01  4.29E-24  0.00E+00  0.00E+00  0.00E+00  0.00E+00  5.92E-28  5.48E-27  4.28E-24  6.57E-19
  3.85E-01  2.38E-24  0.00E+00  0.00E+00  0.00E+00  0.00E+00  2.51E-28  2.42E-27  2.38E-24  5.64E-19
  3.66E-01  1.04E-24  0.00E+00  0.00E+00  0.00E+00  0.00E+00  7.39E-29  7.54E-28  1.04E-24  4.62E-19
  3.57E-01  7.02E-25  0.00E+00  0.00E+00  0.00E+00  0.00E+00  4.10E-29  4.31E-28  7.01E-25  4.24E-19
  3.33E-01  2.12E-25  0.00E+00  0.00E+00  0.00E+00  0.00E+00  6.78E-30  7.74E-29  2.12E-25  3.33E-19
  3.13E-01  6.90E-26  0.00E+00  0.00E+00  0.00E+00  0.00E+00  1.24E-30  1.50E-29  6.90E-26  2.71E-19
  3.00E-01  3.12E-26  0.00E+00  0.00E+00  0.00E+00  0.00E+00  3.67E-31  4.56E-30  3.12E-26  2.37E-19
  2.94E-01  2.13E-26  0.00E+00  0.00E+00  0.00E+00  0.00E+00  2.01E-31  2.54E-30  2.12E-26  2.22E-19
  2.78E-01  7.21E-27  0.00E+00  0.00E+00  0.00E+00  0.00E+00  3.58E-32  4.68E-31  7.21E-27  1.96E-19
  2.63E-01  2.42E-27  0.00E+00  0.00E+00  0.00E+00  0.00E+00  6.06E-33  7.88E-32  2.42E-27  1.81E-19
  2.50E-01  8.70E-28  0.00E+00  0.00E+00  0.00E+00  0.00E+00  1.12E-33  1.41E-32  8.70E-28  1.68E-19
  2.38E-01  2.89E-28  0.00E+00  0.00E+00  0.00E+00  0.00E+00  2.21E-34  2.35E-33  2.89E-28  1.57E-19
  2.27E-01  7.40E-29  0.00E+00  0.00E+00  0.00E+00  0.00E+00  4.45E-35  3.98E-34  7.40E-29  1.47E-19
  2.17E-01  1.32E-29  0.00E+00  0.00E+00  0.00E+00  0.00E+00  8.47E-36  7.35E-35  1.32E-29  1.48E-19
  2.08E-01  2.00E-30  0.00E+00  0.00E+00  0.00E+00  0.00E+00  0.00E+00  1.55E-35  2.00E-30  1.54E-19
  2.00E-01  3.17E-31  0.00E+00  0.00E+00  0.00E+00  0.00E+00  0.00E+00  0.00E+00  3.17E-31  1.60E-19
  1.92E-01  4.50E-32  0.00E+00  0.00E+00  0.00E+00  0.00E+00  0.00E+00  0.00E+00  4.50E-32  1.65E-19
  1.85E-01  7.47E-33  0.00E+00  0.00E+00  0.00E+00  0.00E+00  0.00E+00  0.00E+00  7.47E-33  1.69E-19
  1.79E-01  1.50E-33  0.00E+00  0.00E+00  0.00E+00  0.00E+00  0.00E+00  0.00E+00  1.50E-33  1.66E-19
  1.72E-01  2.09E-34  0.00E+00  0.00E+00  0.00E+00  0.00E+00  0.00E+00  0.00E+00  2.09E-34  1.60E-19
  1.67E-01  4.79E-35  0.00E+00  0.00E+00  0.00E+00  0.00E+00  0.00E+00  0.00E+00  4.79E-35  1.55E-19
  1.61E-01  7.53E-36  0.00E+00  0.00E+00  0.00E+00  0.00E+00  0.00E+00  0.00E+00  7.53E-36  1.49E-19
  1.56E-01  0.00E+00  0.00E+00  0.00E+00  0.00E+00  0.00E+00  0.00E+00  0.00E+00  0.00E+00  1.45E-19
  1.52E-01  0.00E+00  0.00E+00  0.00E+00  0.00E+00  0.00E+00  0.00E+00  0.00E+00  0.00E+00  1.41E-19
  1.47E-01  0.00E+00  0.00E+00  0.00E+00  0.00E+00  0.00E+00  0.00E+00  0.00E+00  0.00E+00  1.34E-19
  1.43E-01  0.00E+00  0.00E+00  0.00E+00  0.00E+00  0.00E+00  0.00E+00  0.00E+00  0.00E+00  1.28E-19
  1.39E-01  0.00E+00  0.00E+00  0.00E+00  0.00E+00  0.00E+00  0.00E+00  0.00E+00  0.00E+00  1.22E-19
  1.35E-01  0.00E+00  0.00E+00  0.00E+00  0.00E+00  0.00E+00  0.00E+00  0.00E+00  0.00E+00  1.16E-19
  1.32E-01  0.00E+00  0.00E+00  0.00E+00  0.00E+00  0.00E+00  0.00E+00  0.00E+00  0.00E+00  1.11E-19
  1.28E-01  0.00E+00  0.00E+00  0.00E+00  0.00E+00  0.00E+00  0.00E+00  0.00E+00  0.00E+00  1.05E-19
  1.25E-01  0.00E+00  0.00E+00  0.00E+00  0.00E+00  0.00E+00  0.00E+00  0.00E+00  0.00E+00  1.00E-19
  1.22E-01  0.00E+00  0.00E+00  0.00E+00  0.00E+00  0.00E+00  0.00E+00  0.00E+00  0.00E+00  9.58E-20
  1.19E-01  0.00E+00  0.00E+00  0.00E+00  0.00E+00  0.00E+00  0.00E+00  0.00E+00  0.00E+00  9.11E-20
  1.16E-01  0.00E+00  0.00E+00  0.00E+00  0.00E+00  0.00E+00  0.00E+00  0.00E+00  0.00E+00  8.65E-20
  1.14E-01  0.00E+00  0.00E+00  0.00E+00  0.00E+00  0.00E+00  0.00E+00  0.00E+00  0.00E+00  8.35E-20
  1.11E-01  0.00E+00  0.00E+00  0.00E+00  0.00E+00  0.00E+00  0.00E+00  0.00E+00  0.00E+00  7.92E-20
  1.08E-01  0.00E+00  0.00E+00  0.00E+00  0.00E+00  0.00E+00  0.00E+00  0.00E+00  0.00E+00  7.25E-20
  1.05E-01  0.00E+00  0.00E+00  0.00E+00  0.00E+00  0.00E+00  0.00E+00  0.00E+00  0.00E+00  6.64E-20
  1.03E-01  0.00E+00  0.00E+00  0.00E+00  0.00E+00  0.00E+00  0.00E+00  0.00E+00  0.00E+00  6.25E-20
  1.00E-01  0.00E+00  0.00E+00  0.00E+00  0.00E+00  0.00E+00  0.00E+00  0.00E+00  0.00E+00  5.71E-20
  9.75E-02  0.00E+00  0.00E+00  0.00E+00  0.00E+00  0.00E+00  0.00E+00  0.00E+00  0.00E+00  5.15E-20
  9.50E-02  0.00E+00  0.00E+00  0.00E+00  0.00E+00  0.00E+00  0.00E+00  0.00E+00  0.00E+00  4.65E-20
  9.25E-02  0.00E+00  0.00E+00  0.00E+00  0.00E+00  0.00E+00  0.00E+00  0.00E+00  0.00E+00  4.19E-20
  9.08E-02  0.00E+00  0.00E+00  0.00E+00  0.00E+00  0.00E+00  0.00E+00  0.00E+00  0.00E+00  3.90E-20
