 # Optical depth (Siebenmorgen 2023, A&A 670A,115; SC 2023 doi: 10.48550/arXiv.2311.03310)
 # wel(cm) sa_aC    ss_aC    sa_Si    ss_Si    sa_vgr   ss_vgr   sa_vsi   ss_vsi   s_pahS+B sa_DD    ss_DD   sigt 
 # ------------------------------------------------------------------------------------------------------------- 
1.000E+00 5.19E-07 2.09E-16 3.77E-07 5.41E-17 3.38E-09 2.35E-23 1.80E-07 2.24E-22 1.58E-11 4.53E-07 3.61E-15 1.532E-06
9.000E-01 6.08E-07 3.18E-16 4.45E-07 8.25E-17 4.31E-09 3.59E-23 2.14E-07 3.41E-22 1.95E-11 5.27E-07 5.50E-15 1.798E-06
8.000E-01 7.26E-07 5.10E-16 5.36E-07 1.32E-16 5.62E-09 5.75E-23 2.61E-07 5.46E-22 2.47E-11 6.25E-07 8.79E-15 2.153E-06
7.000E-01 8.89E-07 8.70E-16 6.62E-07 2.25E-16 7.54E-09 9.80E-23 3.21E-07 9.32E-22 3.22E-11 7.58E-07 1.50E-14 2.638E-06
6.000E-01 1.13E-06 1.61E-15 8.46E-07 4.18E-16 1.05E-08 1.82E-22 4.12E-07 1.73E-21 4.39E-11 9.49E-07 2.77E-14 3.343E-06
5.500E-01 1.29E-06 2.28E-15 9.72E-07 5.92E-16 1.25E-08 2.57E-22 4.75E-07 2.44E-21 5.22E-11 1.08E-06 3.92E-14 3.824E-06
5.000E-01 1.49E-06 3.34E-15 1.13E-06 8.66E-16 1.52E-08 3.77E-22 5.51E-07 3.58E-21 6.32E-11 1.24E-06 5.73E-14 4.428E-06
4.500E-01 1.76E-06 5.08E-15 1.34E-06 1.32E-15 1.87E-08 5.74E-22 6.57E-07 5.45E-21 7.80E-11 1.45E-06 8.72E-14 5.219E-06
4.000E-01 2.11E-06 8.14E-15 1.62E-06 2.11E-15 2.34E-08 9.19E-22 7.89E-07 8.73E-21 9.88E-11 1.72E-06 1.39E-13 6.265E-06
3.500E-01 2.60E-06 1.39E-14 2.01E-06 3.61E-15 3.00E-08 1.57E-21 9.88E-07 1.49E-20 1.29E-10 2.10E-06 2.37E-13 7.732E-06
3.000E-01 3.33E-06 2.57E-14 2.58E-06 6.68E-15 3.95E-08 2.91E-21 1.25E-06 2.76E-20 1.76E-10 2.65E-06 4.39E-13 9.842E-06
2.500E-01 4.45E-06 5.33E-14 3.46E-06 1.39E-14 5.40E-08 6.03E-21 1.68E-06 5.71E-20 2.53E-10 3.48E-06 9.07E-13 1.314E-05
2.098E-01 5.92E-06 1.07E-13 4.61E-06 2.80E-14 7.18E-08 1.21E-20 2.24E-06 1.15E-19 3.59E-10 4.55E-06 1.82E-12 1.738E-05
1.500E-01 1.03E-05 4.10E-13 7.97E-06 1.07E-13 1.37E-07 4.65E-20 3.83E-06 4.40E-19 7.02E-10 7.64E-06 6.93E-12 2.987E-05
1.382E-01 1.18E-05 5.69E-13 9.12E-06 1.48E-13 1.61E-07 6.45E-20 4.40E-06 6.10E-19 8.27E-10 8.68E-06 9.60E-12 3.416E-05
1.320E-01 1.27E-05 6.84E-13 9.83E-06 1.78E-13 1.77E-07 7.75E-20 4.73E-06 7.33E-19 9.07E-10 9.33E-06 1.15E-11 3.682E-05
1.150E-01 1.61E-05 1.19E-12 1.23E-05 3.10E-13 2.32E-07 1.35E-19 5.91E-06 1.27E-18 1.19E-09 1.16E-05 1.99E-11 4.619E-05
1.000E-01 2.05E-05 2.07E-12 1.55E-05 5.41E-13 3.04E-07 2.35E-19 7.38E-06 2.22E-18 1.58E-09 1.45E-05 3.48E-11 5.820E-05
9.970E-02 2.06E-05 2.10E-12 1.56E-05 5.48E-13 3.06E-07 2.38E-19 7.42E-06 2.25E-18 1.59E-09 1.46E-05 3.52E-11 5.850E-05
8.670E-02 2.59E-05 3.67E-12 1.97E-05 9.58E-13 4.05E-07 4.16E-19 9.31E-06 3.93E-18 2.10E-09 1.81E-05 6.13E-11 7.343E-05
8.500E-02 2.69E-05 3.97E-12 2.03E-05 1.04E-12 4.21E-07 4.51E-19 9.61E-06 4.26E-18 2.19E-09 1.87E-05 6.64E-11 7.596E-05
7.500E-02 3.41E-05 6.55E-12 2.50E-05 1.71E-12 5.35E-07 7.43E-19 1.17E-05 7.02E-18 2.81E-09 2.34E-05 1.09E-10 9.475E-05
6.000E-02 5.01E-05 1.60E-11 3.61E-05 4.21E-12 8.22E-07 1.81E-18 1.70E-05 1.71E-17 4.39E-09 3.31E-05 2.65E-10 1.372E-04
5.500E-02 5.81E-05 2.27E-11 4.05E-05 5.98E-12 9.69E-07 2.57E-18 1.99E-05 2.43E-17 5.23E-09 3.82E-05 3.75E-10 1.576E-04
5.000E-02 6.91E-05 3.32E-11 5.01E-05 8.83E-12 1.16E-06 3.76E-18 2.36E-05 3.56E-17 6.32E-09 4.52E-05 5.48E-10 1.893E-04
4.500E-02 8.52E-05 5.07E-11 6.64E-05 1.35E-11 1.41E-06 5.73E-18 2.89E-05 5.43E-17 7.81E-09 5.51E-05 8.34E-10 2.371E-04
4.000E-02 1.09E-04 8.13E-11 8.88E-05 2.19E-11 1.76E-06 9.18E-18 3.65E-05 8.70E-17 9.88E-09 6.91E-05 1.33E-09 3.056E-04
3.500E-02 1.37E-04 1.39E-10 1.35E-04 3.77E-11 2.25E-06 1.57E-17 4.83E-05 1.49E-16 1.29E-08 8.47E-05 2.26E-09 4.075E-04
3.000E-02 1.94E-04 2.58E-10 2.11E-04 7.02E-11 3.00E-06 2.90E-17 6.78E-05 2.76E-16 1.76E-08 1.15E-04 4.16E-09 5.908E-04
2.750E-02 2.31E-04 3.66E-10 2.65E-04 9.95E-11 3.54E-06 4.11E-17 8.29E-05 3.91E-16 2.09E-08 1.34E-04 5.86E-09 7.171E-04
2.500E-02 2.79E-04 5.38E-10 3.38E-04 1.46E-10 4.23E-06 6.02E-17 1.04E-04 5.73E-16 2.53E-08 1.60E-04 8.57E-09 8.839E-04
2.400E-02 3.06E-04 6.33E-10 3.74E-04 1.71E-10 4.57E-06 7.09E-17 1.13E-04 6.74E-16 2.75E-08 1.71E-04 1.00E-08 9.688E-04
2.000E-02 4.48E-04 1.32E-09 5.81E-04 3.49E-10 6.47E-06 1.47E-16 1.64E-04 1.40E-15 3.96E-08 2.39E-04 2.06E-08 1.439E-03
1.800E-02 5.58E-04 2.03E-09 7.21E-04 5.23E-10 7.96E-06 2.25E-16 2.04E-04 2.13E-15 4.90E-08 2.91E-04 3.13E-08 1.783E-03
1.600E-02 7.43E-04 3.29E-09 8.95E-04 8.21E-10 1.01E-05 3.61E-16 2.60E-04 3.42E-15 6.21E-08 3.65E-04 4.96E-08 2.273E-03
1.500E-02 8.86E-04 4.27E-09 1.00E-03 1.05E-09 1.15E-05 4.67E-16 2.95E-04 4.42E-15 7.07E-08 4.12E-04 6.35E-08 2.608E-03
1.400E-02 1.01E-03 5.64E-09 1.13E-03 1.36E-09 1.32E-05 6.17E-16 3.41E-04 5.83E-15 8.12E-08 4.56E-04 8.33E-08 2.944E-03
1.200E-02 1.54E-03 1.06E-08 1.43E-03 2.44E-09 1.84E-05 1.15E-15 4.67E-04 1.08E-14 1.11E-07 6.07E-04 1.50E-07 4.066E-03
1.000E-02 2.34E-03 2.22E-08 1.89E-03 4.82E-09 2.79E-05 2.40E-15 6.82E-04 2.25E-14 1.60E-07 8.16E-04 3.03E-07 5.755E-03
9.000E-03 3.12E-03 3.43E-08 2.15E-03 7.16E-09 3.58E-05 3.67E-15 8.51E-04 3.43E-14 1.99E-07 9.85E-04 4.52E-07 7.141E-03
8.000E-03 4.12E-03 5.38E-08 2.49E-03 1.13E-08 4.79E-05 5.93E-15 1.09E-03 5.49E-14 2.52E-07 1.15E-03 6.98E-07 8.906E-03
7.500E-03 4.82E-03 7.05E-08 2.76E-03 1.46E-08 5.65E-05 7.72E-15 1.25E-03 7.11E-14 2.88E-07 1.30E-03 8.97E-07 1.018E-02
7.000E-03 5.80E-03 9.20E-08 3.09E-03 1.91E-08 6.78E-05 1.02E-14 1.45E-03 9.38E-14 3.32E-07 1.44E-03 1.15E-06 1.186E-02
6.000E-03 8.25E-03 1.65E-07 3.96E-03 3.48E-08 1.04E-04 1.93E-14 2.02E-03 1.74E-13 4.57E-07 1.83E-03 2.05E-06 1.617E-02
5.000E-03 1.16E-02 3.18E-07 5.62E-03 7.06E-08 1.83E-04 4.09E-14 2.98E-03 3.58E-13 6.73E-07 2.37E-03 4.02E-06 2.272E-02
4.500E-03 1.40E-02 4.56E-07 6.85E-03 1.05E-07 2.59E-04 6.31E-14 3.72E-03 5.43E-13 8.45E-07 2.78E-03 5.89E-06 2.766E-02
4.000E-03 1.64E-02 6.68E-07 8.52E-03 1.57E-07 3.79E-04 1.00E-13 4.75E-03 8.61E-13 1.10E-06 3.27E-03 9.00E-06 3.337E-02
3.500E-03 1.96E-02 1.04E-06 1.05E-02 2.48E-07 5.27E-04 1.61E-13 6.19E-03 1.45E-12 1.50E-06 3.95E-03 1.46E-05 4.071E-02
3.000E-03 2.36E-02 1.69E-06 1.28E-02 3.96E-07 5.56E-04 2.51E-13 8.46E-03 2.65E-12 2.26E-06 4.94E-03 2.53E-05 5.042E-02
2.750E-03 2.56E-02 2.19E-06 1.40E-02 5.10E-07 4.79E-04 3.24E-13 1.02E-02 3.69E-12 3.01E-06 5.58E-03 3.41E-05 5.586E-02
2.500E-03 2.73E-02 2.90E-06 1.53E-02 6.66E-07 3.78E-04 4.45E-13 1.25E-02 5.32E-12 4.87E-06 6.35E-03 4.72E-05 6.185E-02
2.400E-03 2.82E-02 3.30E-06 1.58E-02 7.48E-07 3.39E-04 5.17E-13 1.36E-02 6.17E-12 6.71E-06 6.71E-03 5.41E-05 6.472E-02
2.350E-03 2.88E-02 3.52E-06 1.61E-02 7.93E-07 3.20E-04 5.60E-13 1.42E-02 6.66E-12 7.88E-06 6.92E-03 5.79E-05 6.639E-02
2.320E-03 2.91E-02 3.66E-06 1.63E-02 8.22E-07 3.10E-04 5.88E-13 1.46E-02 6.98E-12 8.46E-06 7.04E-03 6.04E-05 6.736E-02
2.310E-03 2.92E-02 3.71E-06 1.63E-02 8.33E-07 3.06E-04 5.98E-13 1.48E-02 7.09E-12 8.61E-06 7.08E-03 6.12E-05 6.770E-02
2.300E-03 2.93E-02 3.76E-06 1.64E-02 8.42E-07 3.03E-04 6.08E-13 1.49E-02 7.20E-12 8.74E-06 7.12E-03 6.21E-05 6.803E-02
2.250E-03 2.97E-02 4.00E-06 1.67E-02 8.98E-07 2.86E-04 6.62E-13 1.56E-02 7.83E-12 9.10E-06 7.34E-03 6.67E-05 6.977E-02
2.200E-03 3.01E-02 4.28E-06 1.71E-02 9.55E-07 2.71E-04 7.23E-13 1.65E-02 8.47E-12 9.55E-06 7.58E-03 7.14E-05 7.167E-02
2.150E-03 3.06E-02 4.60E-06 1.76E-02 1.02E-06 2.57E-04 7.92E-13 1.73E-02 9.15E-12 1.04E-05 7.81E-03 7.66E-05 7.369E-02
2.120E-03 3.10E-02 4.79E-06 1.78E-02 1.05E-06 2.49E-04 8.38E-13 1.79E-02 9.60E-12 1.09E-05 7.96E-03 7.99E-05 7.498E-02
2.110E-03 3.11E-02 4.85E-06 1.79E-02 1.06E-06 2.46E-04 8.54E-13 1.81E-02 9.76E-12 1.09E-05 8.01E-03 8.09E-05 7.540E-02
2.100E-03 3.11E-02 4.91E-06 1.80E-02 1.07E-06 2.44E-04 8.70E-13 1.83E-02 9.91E-12 1.10E-05 8.06E-03 8.20E-05 7.582E-02
2.080E-03 3.13E-02 5.04E-06 1.81E-02 1.09E-06 2.39E-04 9.04E-13 1.87E-02 1.02E-11 1.09E-05 8.15E-03 8.41E-05 7.653E-02
2.000E-03 3.16E-02 5.68E-06 1.87E-02 1.18E-06 2.22E-04 1.06E-12 2.05E-02 1.16E-11 1.04E-05 8.55E-03 9.42E-05 7.964E-02
1.950E-03 3.21E-02 6.15E-06 1.89E-02 1.22E-06 2.12E-04 1.17E-12 2.17E-02 1.23E-11 1.12E-05 8.79E-03 9.96E-05 8.172E-02
1.900E-03 3.27E-02 6.71E-06 1.90E-02 1.25E-06 2.04E-04 1.30E-12 2.26E-02 1.29E-11 1.35E-05 8.99E-03 1.05E-04 8.352E-02
1.850E-03 3.33E-02 7.32E-06 1.88E-02 1.27E-06 1.96E-04 1.45E-12 2.31E-02 1.32E-11 1.72E-05 9.10E-03 1.10E-04 8.461E-02
1.830E-03 3.36E-02 7.58E-06 1.87E-02 1.27E-06 1.93E-04 1.52E-12 2.31E-02 1.33E-11 1.85E-05 9.12E-03 1.12E-04 8.490E-02
1.820E-03 3.37E-02 7.70E-06 1.86E-02 1.27E-06 1.92E-04 1.55E-12 2.32E-02 1.33E-11 1.90E-05 9.12E-03 1.13E-04 8.491E-02
1.810E-03 3.38E-02 7.83E-06 1.85E-02 1.27E-06 1.91E-04 1.59E-12 2.31E-02 1.33E-11 1.93E-05 9.11E-03 1.14E-04 8.485E-02
1.800E-03 3.39E-02 7.98E-06 1.84E-02 1.26E-06 1.90E-04 1.63E-12 2.30E-02 1.34E-11 1.94E-05 9.11E-03 1.15E-04 8.482E-02
1.750E-03 3.46E-02 8.71E-06 1.76E-02 1.23E-06 1.84E-04 1.82E-12 2.24E-02 1.34E-11 1.99E-05 9.04E-03 1.19E-04 8.405E-02
1.700E-03 3.50E-02 9.53E-06 1.63E-02 1.18E-06 1.80E-04 2.05E-12 2.14E-02 1.35E-11 2.42E-05 8.85E-03 1.25E-04 8.182E-02
1.670E-03 3.55E-02 1.01E-05 1.53E-02 1.15E-06 1.78E-04 2.21E-12 2.06E-02 1.37E-11 2.84E-05 8.74E-03 1.30E-04 8.039E-02
1.650E-03 3.59E-02 1.06E-05 1.45E-02 1.13E-06 1.76E-04 2.32E-12 1.99E-02 1.39E-11 2.99E-05 8.67E-03 1.33E-04 7.935E-02
1.640E-03 3.61E-02 1.08E-05 1.40E-02 1.12E-06 1.76E-04 2.38E-12 1.96E-02 1.39E-11 2.98E-05 8.63E-03 1.35E-04 7.875E-02
1.630E-03 3.63E-02 1.10E-05 1.36E-02 1.12E-06 1.75E-04 2.44E-12 1.93E-02 1.40E-11 2.93E-05 8.59E-03 1.37E-04 7.813E-02
1.610E-03 3.66E-02 1.14E-05 1.27E-02 1.11E-06 1.74E-04 2.56E-12 1.86E-02 1.44E-11 2.74E-05 8.50E-03 1.41E-04 7.676E-02
1.600E-03 3.68E-02 1.17E-05 1.22E-02 1.12E-06 1.74E-04 2.63E-12 1.83E-02 1.46E-11 2.66E-05 8.45E-03 1.44E-04 7.606E-02
1.590E-03 3.70E-02 1.19E-05 1.17E-02 1.13E-06 1.74E-04 2.70E-12 1.80E-02 1.48E-11 2.60E-05 8.41E-03 1.46E-04 7.537E-02
1.580E-03 3.71E-02 1.21E-05 1.12E-02 1.14E-06 1.73E-04 2.77E-12 1.76E-02 1.51E-11 2.56E-05 8.36E-03 1.49E-04 7.468E-02
1.570E-03 3.72E-02 1.24E-05 1.07E-02 1.16E-06 1.73E-04 2.84E-12 1.73E-02 1.54E-11 2.52E-05 8.31E-03 1.52E-04 7.390E-02
1.560E-03 3.74E-02 1.26E-05 1.02E-02 1.19E-06 1.73E-04 2.92E-12 1.70E-02 1.57E-11 2.47E-05 8.27E-03 1.55E-04 7.327E-02
1.540E-03 3.79E-02 1.32E-05 9.37E-03 1.28E-06 1.73E-04 3.07E-12 1.64E-02 1.64E-11 2.42E-05 8.21E-03 1.62E-04 7.225E-02
1.520E-03 3.82E-02 1.37E-05 8.71E-03 1.41E-06 1.72E-04 3.24E-12 1.58E-02 1.73E-11 2.55E-05 8.12E-03 1.69E-04 7.118E-02
1.510E-03 3.83E-02 1.39E-05 8.47E-03 1.48E-06 1.72E-04 3.33E-12 1.55E-02 1.78E-11 2.63E-05 8.08E-03 1.73E-04 7.073E-02
1.500E-03 3.84E-02 1.42E-05 8.28E-03 1.56E-06 1.72E-04 3.42E-12 1.52E-02 1.84E-11 2.64E-05 8.03E-03 1.77E-04 7.029E-02
1.450E-03 3.90E-02 1.58E-05 7.90E-03 2.03E-06 1.73E-04 3.93E-12 1.40E-02 2.22E-11 3.34E-05 7.88E-03 2.07E-04 6.917E-02
1.440E-03 3.91E-02 1.62E-05 7.90E-03 2.13E-06 1.74E-04 4.04E-12 1.38E-02 2.32E-11 3.69E-05 7.87E-03 2.14E-04 6.916E-02
1.430E-03 3.93E-02 1.65E-05 7.90E-03 2.23E-06 1.74E-04 4.16E-12 1.37E-02 2.44E-11 3.98E-05 7.89E-03 2.22E-04 6.929E-02
1.420E-03 3.95E-02 1.69E-05 7.89E-03 2.34E-06 1.75E-04 4.28E-12 1.37E-02 2.57E-11 4.14E-05 7.91E-03 2.31E-04 6.941E-02
1.400E-03 3.98E-02 1.77E-05 7.91E-03 2.56E-06 1.76E-04 4.53E-12 1.38E-02 2.86E-11 4.51E-05 8.01E-03 2.51E-04 7.005E-02
1.380E-03 4.02E-02 1.85E-05 7.91E-03 2.81E-06 1.77E-04 4.80E-12 1.42E-02 3.20E-11 5.68E-05 8.18E-03 2.74E-04 7.104E-02
1.370E-03 4.04E-02 1.90E-05 7.93E-03 2.94E-06 1.77E-04 4.95E-12 1.46E-02 3.38E-11 6.75E-05 8.31E-03 2.86E-04 7.175E-02
1.360E-03 4.06E-02 1.95E-05 7.94E-03 3.08E-06 1.78E-04 5.10E-12 1.50E-02 3.57E-11 7.81E-05 8.47E-03 2.99E-04 7.259E-02
1.350E-03 4.09E-02 2.00E-05 7.97E-03 3.23E-06 1.79E-04 5.25E-12 1.54E-02 3.76E-11 8.35E-05 8.63E-03 3.12E-04 7.350E-02
1.340E-03 4.11E-02 2.04E-05 8.00E-03 3.39E-06 1.80E-04 5.41E-12 1.60E-02 3.96E-11 9.04E-05 8.81E-03 3.26E-04 7.453E-02
1.330E-03 4.13E-02 2.09E-05 8.05E-03 3.55E-06 1.81E-04 5.58E-12 1.65E-02 4.16E-11 1.05E-04 8.99E-03 3.39E-04 7.557E-02
1.320E-03 4.16E-02 2.14E-05 8.10E-03 3.73E-06 1.82E-04 5.75E-12 1.71E-02 4.38E-11 1.29E-04 9.18E-03 3.53E-04 7.669E-02
1.310E-03 4.18E-02 2.19E-05 8.18E-03 3.92E-06 1.83E-04 5.93E-12 1.77E-02 4.60E-11 1.69E-04 9.38E-03 3.67E-04 7.781E-02
1.290E-03 4.19E-02 2.28E-05 8.37E-03 4.34E-06 1.85E-04 6.31E-12 1.90E-02 5.07E-11 3.47E-04 9.77E-03 3.97E-04 8.006E-02
1.280E-03 4.20E-02 2.34E-05 8.49E-03 4.56E-06 1.86E-04 6.52E-12 1.98E-02 5.32E-11 5.09E-04 1.00E-02 4.13E-04 8.144E-02
1.270E-03 4.22E-02 2.40E-05 8.55E-03 4.80E-06 1.87E-04 6.73E-12 2.06E-02 5.58E-11 6.15E-04 1.02E-02 4.30E-04 8.286E-02
1.260E-03 4.23E-02 2.46E-05 8.67E-03 5.09E-06 1.89E-04 6.94E-12 2.15E-02 5.85E-11 5.31E-04 1.05E-02 4.46E-04 8.416E-02
1.250E-03 4.25E-02 2.52E-05 8.85E-03 5.40E-06 1.90E-04 7.17E-12 2.23E-02 6.12E-11 3.92E-04 1.07E-02 4.63E-04 8.546E-02
1.220E-03 4.33E-02 2.75E-05 1.01E-02 6.69E-06 1.94E-04 7.91E-12 2.51E-02 7.01E-11 3.06E-04 1.16E-02 5.18E-04 9.103E-02
1.210E-03 4.35E-02 2.81E-05 1.10E-02 7.20E-06 1.95E-04 8.18E-12 2.61E-02 7.33E-11 3.52E-04 1.18E-02 5.35E-04 9.355E-02
1.200E-03 4.36E-02 2.89E-05 1.21E-02 7.69E-06 1.97E-04 8.46E-12 2.73E-02 7.68E-11 3.89E-04 1.21E-02 5.54E-04 9.631E-02
1.190E-03 4.39E-02 2.98E-05 1.34E-02 8.14E-06 1.98E-04 8.76E-12 2.84E-02 8.04E-11 3.89E-04 1.25E-02 5.74E-04 9.945E-02
1.180E-03 4.42E-02 3.06E-05 1.47E-02 8.51E-06 2.00E-04 9.07E-12 2.96E-02 8.37E-11 3.87E-04 1.28E-02 5.91E-04 1.026E-01
1.170E-03 4.45E-02 3.14E-05 1.58E-02 8.82E-06 2.01E-04 9.40E-12 3.09E-02 8.73E-11 4.30E-04 1.31E-02 6.09E-04 1.056E-01
1.160E-03 4.48E-02 3.22E-05 1.69E-02 9.09E-06 2.04E-04 9.79E-12 3.21E-02 9.08E-11 5.53E-04 1.34E-02 6.27E-04 1.086E-01
1.150E-03 4.50E-02 3.30E-05 1.78E-02 9.32E-06 2.87E-04 9.68E-12 3.33E-02 9.46E-11 8.07E-04 1.37E-02 6.44E-04 1.115E-01
1.140E-03 4.50E-02 3.38E-05 1.86E-02 9.53E-06 2.13E-04 1.03E-11 3.46E-02 9.87E-11 1.21E-03 1.40E-02 6.62E-04 1.143E-01
1.130E-03 4.52E-02 3.48E-05 1.93E-02 9.74E-06 2.12E-04 1.07E-11 3.60E-02 1.03E-10 1.48E-03 1.43E-02 6.82E-04 1.171E-01
1.120E-03 4.53E-02 3.57E-05 1.99E-02 9.96E-06 2.14E-04 1.11E-11 3.75E-02 1.08E-10 1.19E-03 1.46E-02 7.01E-04 1.195E-01
1.110E-03 4.54E-02 3.67E-05 2.06E-02 1.02E-05 2.16E-04 1.15E-11 3.91E-02 1.12E-10 7.58E-04 1.49E-02 7.20E-04 1.217E-01
1.090E-03 4.57E-02 3.90E-05 2.18E-02 1.06E-05 2.20E-04 1.24E-11 4.24E-02 1.22E-10 3.16E-04 1.55E-02 7.57E-04 1.268E-01
1.050E-03 4.66E-02 4.44E-05 2.40E-02 1.14E-05 2.30E-04 1.45E-11 5.13E-02 1.45E-10 1.06E-04 1.70E-02 8.26E-04 1.401E-01
1.000E-03 4.83E-02 5.23E-05 2.62E-02 1.21E-05 2.46E-04 1.76E-11 5.94E-02 1.55E-10 5.43E-05 1.79E-02 8.42E-04 1.528E-01
9.800E-04 4.90E-02 5.60E-05 2.66E-02 1.20E-05 2.52E-04 1.91E-11 6.23E-02 1.60E-10 4.74E-05 1.82E-02 8.50E-04 1.573E-01
9.600E-04 4.97E-02 6.00E-05 2.64E-02 1.18E-05 2.60E-04 2.07E-11 6.52E-02 1.61E-10 4.41E-05 1.84E-02 8.42E-04 1.609E-01
9.500E-04 5.03E-02 6.21E-05 2.61E-02 1.15E-05 2.64E-04 2.16E-11 6.58E-02 1.58E-10 4.35E-05 1.84E-02 8.26E-04 1.618E-01
9.400E-04 5.05E-02 6.40E-05 2.56E-02 1.13E-05 2.68E-04 2.25E-11 6.56E-02 1.51E-10 4.37E-05 1.83E-02 8.00E-04 1.612E-01
9.200E-04 5.12E-02 6.83E-05 2.44E-02 1.08E-05 2.77E-04 2.46E-11 6.11E-02 1.26E-10 4.66E-05 1.75E-02 7.28E-04 1.553E-01
8.900E-04 5.24E-02 7.63E-05 2.16E-02 1.01E-05 2.91E-04 2.81E-11 4.83E-02 8.05E-11 6.71E-05 1.56E-02 6.28E-04 1.389E-01
8.700E-04 5.27E-02 8.15E-05 1.95E-02 9.95E-06 3.01E-04 3.07E-11 4.02E-02 5.97E-11 1.47E-04 1.43E-02 5.92E-04 1.278E-01
8.600E-04 5.32E-02 8.47E-05 1.85E-02 9.94E-06 3.07E-04 3.22E-11 3.69E-02 5.27E-11 2.21E-04 1.38E-02 5.87E-04 1.237E-01
8.500E-04 5.34E-02 8.77E-05 1.75E-02 9.92E-06 3.12E-04 3.37E-11 3.41E-02 4.70E-11 1.59E-04 1.33E-02 5.83E-04 1.194E-01
8.400E-04 5.39E-02 9.15E-05 1.63E-02 9.92E-06 3.18E-04 3.53E-11 3.11E-02 4.11E-11 1.15E-04 1.29E-02 5.79E-04 1.153E-01
8.200E-04 5.44E-02 9.75E-05 1.36E-02 1.02E-05 3.31E-04 3.89E-11 2.40E-02 2.95E-11 1.17E-04 1.16E-02 5.65E-04 1.047E-01
8.000E-04 5.50E-02 1.06E-04 1.10E-02 1.13E-05 3.44E-04 4.29E-11 1.64E-02 2.28E-11 1.70E-04 1.03E-02 5.82E-04 9.387E-02
7.900E-04 5.55E-02 1.10E-04 9.95E-03 1.21E-05 3.51E-04 4.52E-11 1.38E-02 2.45E-11 2.11E-04 9.90E-03 6.17E-04 9.046E-02
7.800E-04 5.57E-02 1.14E-04 9.13E-03 1.31E-05 3.58E-04 4.75E-11 1.12E-02 2.78E-11 2.52E-04 9.44E-03 6.54E-04 8.689E-02
7.700E-04 5.58E-02 1.18E-04 8.43E-03 1.42E-05 3.65E-04 5.00E-11 9.22E-03 3.31E-11 2.70E-04 9.08E-03 7.03E-04 8.401E-02
7.600E-04 5.59E-02 1.23E-04 7.82E-03 1.54E-05 3.72E-04 5.27E-11 7.83E-03 4.03E-11 2.51E-04 8.83E-03 7.61E-04 8.192E-02
7.500E-04 5.60E-02 1.28E-04 7.28E-03 1.67E-05 3.80E-04 5.55E-11 6.57E-03 4.91E-11 2.09E-04 8.61E-03 8.27E-04 8.002E-02
7.300E-04 5.66E-02 1.40E-04 6.45E-03 1.97E-05 3.97E-04 6.18E-11 5.51E-03 7.00E-11 1.31E-04 8.53E-03 9.83E-04 7.877E-02
7.200E-04 5.68E-02 1.46E-04 6.19E-03 2.15E-05 4.06E-04 6.53E-11 5.33E-03 8.09E-11 1.10E-04 8.52E-03 1.06E-03 7.855E-02
7.100E-04 5.68E-02 1.53E-04 6.02E-03 2.32E-05 4.15E-04 6.91E-11 5.17E-03 9.31E-11 1.07E-04 8.52E-03 1.15E-03 7.840E-02
7.000E-04 5.74E-02 1.60E-04 5.86E-03 2.50E-05 4.24E-04 7.31E-11 5.11E-03 1.05E-10 1.48E-04 8.61E-03 1.23E-03 7.898E-02
6.900E-04 5.76E-02 1.66E-04 5.63E-03 2.69E-05 4.34E-04 7.74E-11 5.09E-03 1.19E-10 8.81E-05 8.63E-03 1.31E-03 7.897E-02
6.800E-04 5.67E-02 1.73E-04 5.34E-03 2.90E-05 4.45E-04 8.20E-11 5.09E-03 1.32E-10 6.91E-05 8.55E-03 1.41E-03 7.782E-02
6.600E-04 5.70E-02 1.94E-04 4.81E-03 3.37E-05 4.67E-04 9.24E-11 5.09E-03 1.62E-10 6.64E-05 8.69E-03 1.64E-03 7.802E-02
6.400E-04 5.86E-02 2.20E-04 4.17E-03 3.92E-05 4.90E-04 1.04E-10 5.07E-03 1.97E-10 9.96E-05 8.96E-03 1.88E-03 7.958E-02
6.300E-04 5.98E-02 2.32E-04 3.89E-03 4.26E-05 4.96E-04 1.11E-10 5.05E-03 2.16E-10 1.54E-04 9.12E-03 2.00E-03 8.082E-02
6.200E-04 6.01E-02 2.43E-04 3.82E-03 4.63E-05 5.17E-04 1.18E-10 5.03E-03 2.37E-10 2.09E-04 9.17E-03 2.13E-03 8.126E-02
6.100E-04 6.06E-02 2.57E-04 3.80E-03 4.99E-05 5.31E-04 1.26E-10 5.00E-03 2.59E-10 1.52E-04 9.27E-03 2.27E-03 8.198E-02
5.900E-04 6.30E-02 2.88E-04 3.13E-03 5.81E-05 5.60E-04 1.44E-10 4.93E-03 3.10E-10 7.02E-05 9.61E-03 2.57E-03 8.422E-02
5.500E-04 6.06E-02 3.46E-04 2.32E-03 8.18E-05 6.28E-04 1.90E-10 4.85E-03 4.45E-10 5.99E-05 9.42E-03 3.26E-03 8.161E-02
5.300E-04 6.12E-02 3.98E-04 2.07E-03 9.73E-05 6.67E-04 2.20E-10 4.87E-03 5.33E-10 9.32E-05 9.63E-03 3.76E-03 8.273E-02
5.200E-04 6.12E-02 4.26E-04 1.94E-03 1.06E-04 6.88E-04 2.38E-10 4.88E-03 5.84E-10 1.45E-04 9.70E-03 4.03E-03 8.315E-02
5.100E-04 6.18E-02 4.59E-04 1.82E-03 1.16E-04 7.10E-04 2.57E-10 4.90E-03 6.40E-10 2.00E-04 9.85E-03 4.32E-03 8.416E-02
5.000E-04 6.24E-02 4.93E-04 1.68E-03 1.29E-04 7.33E-04 2.78E-10 4.93E-03 7.03E-10 1.45E-04 1.00E-02 4.62E-03 8.518E-02
4.800E-04 6.32E-02 5.69E-04 1.49E-03 1.55E-04 7.81E-04 3.26E-10 5.01E-03 8.49E-10 7.07E-05 1.03E-02 5.30E-03 8.686E-02
4.500E-04 6.53E-02 7.11E-04 1.25E-03 2.06E-04 8.66E-04 4.21E-10 5.19E-03 1.13E-09 5.61E-05 1.08E-02 6.47E-03 9.082E-02
4.000E-04 6.76E-02 1.09E-03 9.25E-04 3.43E-04 1.04E-03 6.70E-10 5.58E-03 1.90E-09 6.36E-05 1.18E-02 9.28E-03 9.772E-02
3.800E-04 6.90E-02 1.31E-03 8.15E-04 4.26E-04 1.13E-03 8.20E-10 5.76E-03 2.36E-09 7.12E-05 1.23E-02 1.08E-02 1.016E-01
3.600E-04 7.05E-02 1.60E-03 7.16E-04 5.36E-04 1.23E-03 1.01E-09 5.95E-03 2.96E-09 8.58E-05 1.28E-02 1.26E-02 1.060E-01
3.400E-04 7.39E-02 1.96E-03 6.30E-04 6.80E-04 1.35E-03 1.27E-09 6.16E-03 3.77E-09 1.67E-04 1.35E-02 1.45E-02 1.129E-01
3.300E-04 7.37E-02 2.16E-03 5.89E-04 7.70E-04 1.41E-03 1.43E-09 6.27E-03 4.26E-09 4.21E-04 1.37E-02 1.56E-02 1.146E-01
3.200E-04 7.39E-02 2.43E-03 5.48E-04 8.75E-04 1.48E-03 1.61E-09 6.37E-03 4.85E-09 1.73E-04 1.39E-02 1.70E-02 1.167E-01
3.150E-04 7.46E-02 2.58E-03 5.31E-04 9.34E-04 1.52E-03 1.72E-09 6.42E-03 5.17E-09 1.36E-04 1.41E-02 1.77E-02 1.185E-01
3.100E-04 7.53E-02 2.74E-03 5.13E-04 9.98E-04 1.56E-03 1.83E-09 6.48E-03 5.53E-09 1.21E-04 1.43E-02 1.83E-02 1.203E-01
3.080E-04 7.55E-02 2.80E-03 5.06E-04 1.03E-03 1.57E-03 1.87E-09 6.50E-03 5.67E-09 1.19E-04 1.43E-02 1.86E-02 1.210E-01
3.050E-04 7.58E-02 2.90E-03 4.95E-04 1.07E-03 1.60E-03 1.95E-09 6.54E-03 5.91E-09 1.16E-04 1.44E-02 1.90E-02 1.220E-01
3.000E-04 7.62E-02 3.09E-03 4.79E-04 1.14E-03 1.64E-03 2.08E-09 6.61E-03 6.33E-09 1.14E-04 1.46E-02 1.98E-02 1.237E-01
2.900E-04 7.77E-02 3.49E-03 4.46E-04 1.31E-03 1.73E-03 2.38E-09 6.75E-03 7.27E-09 1.17E-04 1.50E-02 2.13E-02 1.279E-01
2.800E-04 7.82E-02 3.96E-03 4.16E-04 1.52E-03 1.83E-03 2.73E-09 6.90E-03 8.40E-09 1.23E-04 1.52E-02 2.31E-02 1.312E-01
2.600E-04 8.03E-02 5.23E-03 3.60E-04 2.05E-03 2.05E-03 3.65E-09 7.24E-03 1.14E-08 1.41E-04 1.59E-02 2.70E-02 1.402E-01
2.500E-04 8.19E-02 6.08E-03 3.34E-04 2.40E-03 2.18E-03 4.25E-09 7.43E-03 1.33E-08 1.52E-04 1.64E-02 2.91E-02 1.460E-01
2.200E-04 8.92E-02 9.85E-03 2.68E-04 4.02E-03 2.65E-03 7.02E-09 8.14E-03 2.24E-08 2.01E-04 1.80E-02 3.64E-02 1.688E-01
2.159E-04 9.01E-02 1.05E-02 2.60E-04 4.33E-03 2.72E-03 7.56E-09 8.25E-03 2.42E-08 2.09E-04 1.82E-02 3.75E-02 1.722E-01
2.000E-04 9.52E-02 1.41E-02 2.34E-04 5.87E-03 3.06E-03 1.02E-08 8.74E-03 3.30E-08 2.50E-04 1.93E-02 4.21E-02 1.888E-01
1.662E-04 1.09E-01 2.73E-02 1.85E-04 1.20E-02 4.07E-03 2.11E-08 1.01E-02 6.94E-08 3.92E-04 2.18E-02 5.29E-02 2.378E-01
1.650E-04 1.10E-01 2.80E-02 1.83E-04 1.24E-02 4.12E-03 2.17E-08 1.02E-02 7.15E-08 4.00E-04 2.19E-02 5.33E-02 2.400E-01
1.250E-04 1.42E-01 7.03E-02 1.66E-04 3.39E-02 6.33E-03 6.42E-08 1.29E-02 2.17E-07 8.24E-04 2.62E-02 6.51E-02 3.581E-01
1.235E-04 1.44E-01 7.29E-02 1.64E-04 3.53E-02 6.45E-03 6.73E-08 1.31E-02 2.28E-07 8.51E-04 2.64E-02 6.54E-02 3.650E-01
1.130E-04 1.60E-01 9.51E-02 1.71E-04 4.75E-02 7.41E-03 9.52E-08 1.42E-02 3.26E-07 1.08E-03 2.79E-02 6.71E-02 4.209E-01
1.000E-04 1.89E-01 1.35E-01 1.91E-04 7.07E-02 9.04E-03 1.54E-07 1.59E-02 5.31E-07 1.48E-03 3.00E-02 6.78E-02 5.190E-01
9.500E-05 2.04E-01 1.54E-01 1.94E-04 8.33E-02 9.83E-03 1.87E-07 1.67E-02 6.52E-07 1.68E-03 3.09E-02 6.76E-02 5.678E-01
9.300E-05 2.10E-01 1.62E-01 1.97E-04 8.92E-02 1.02E-02 2.04E-07 1.70E-02 7.10E-07 1.78E-03 3.13E-02 6.74E-02 5.892E-01
9.200E-05 2.13E-01 1.66E-01 2.00E-04 9.23E-02 1.03E-02 2.12E-07 1.72E-02 7.41E-07 1.83E-03 3.15E-02 6.73E-02 6.004E-01
9.100E-05 2.16E-01 1.71E-01 2.03E-04 9.56E-02 1.05E-02 2.22E-07 1.74E-02 7.74E-07 1.88E-03 3.16E-02 6.72E-02 6.117E-01
9.000E-05 2.20E-01 1.75E-01 2.07E-04 9.90E-02 1.07E-02 2.31E-07 1.76E-02 8.09E-07 1.93E-03 3.18E-02 6.71E-02 6.234E-01
8.900E-05 2.23E-01 1.80E-01 2.10E-04 1.03E-01 1.09E-02 2.42E-07 1.78E-02 8.46E-07 1.99E-03 3.20E-02 6.70E-02 6.354E-01
8.800E-05 2.26E-01 1.85E-01 2.13E-04 1.06E-01 1.11E-02 2.52E-07 1.80E-02 8.86E-07 2.04E-03 3.22E-02 6.69E-02 6.478E-01
8.700E-05 2.29E-01 1.90E-01 2.17E-04 1.10E-01 1.13E-02 2.64E-07 1.82E-02 9.27E-07 2.10E-03 3.23E-02 6.68E-02 6.605E-01
8.600E-05 2.33E-01 1.95E-01 2.20E-04 1.14E-01 1.15E-02 2.76E-07 1.84E-02 9.71E-07 2.16E-03 3.25E-02 6.67E-02 6.736E-01
8.500E-05 2.36E-01 2.00E-01 2.24E-04 1.19E-01 1.17E-02 2.89E-07 1.86E-02 1.02E-06 2.23E-03 3.26E-02 6.65E-02 6.871E-01
8.400E-05 2.40E-01 2.06E-01 2.28E-04 1.23E-01 1.20E-02 3.02E-07 1.88E-02 1.07E-06 2.29E-03 3.28E-02 6.64E-02 7.012E-01
8.330E-05 2.42E-01 2.10E-01 2.31E-04 1.26E-01 1.21E-02 3.12E-07 1.89E-02 1.10E-06 2.34E-03 3.29E-02 6.63E-02 7.113E-01
8.200E-05 2.47E-01 2.18E-01 2.36E-04 1.32E-01 1.24E-02 3.32E-07 1.92E-02 1.17E-06 2.44E-03 3.32E-02 6.60E-02 7.309E-01
8.100E-05 2.51E-01 2.24E-01 2.40E-04 1.38E-01 1.27E-02 3.48E-07 1.94E-02 1.23E-06 2.51E-03 3.34E-02 6.58E-02 7.466E-01
8.000E-05 2.56E-01 2.30E-01 2.44E-04 1.43E-01 1.29E-02 3.65E-07 1.97E-02 1.30E-06 2.59E-03 3.36E-02 6.56E-02 7.630E-01
7.900E-05 2.60E-01 2.36E-01 2.49E-04 1.48E-01 1.32E-02 3.83E-07 1.99E-02 1.36E-06 2.67E-03 3.38E-02 6.54E-02 7.799E-01
7.800E-05 2.65E-01 2.43E-01 2.54E-04 1.54E-01 1.34E-02 4.03E-07 2.01E-02 1.44E-06 2.75E-03 3.40E-02 6.51E-02 7.974E-01
7.700E-05 2.70E-01 2.49E-01 2.59E-04 1.60E-01 1.37E-02 4.23E-07 2.04E-02 1.51E-06 2.84E-03 3.42E-02 6.48E-02 8.156E-01
7.600E-05 2.76E-01 2.56E-01 2.68E-04 1.66E-01 1.40E-02 4.45E-07 2.06E-02 1.59E-06 2.94E-03 3.44E-02 6.45E-02 8.344E-01
7.500E-05 2.81E-01 2.62E-01 2.79E-04 1.73E-01 1.43E-02 4.69E-07 2.09E-02 1.68E-06 3.03E-03 3.47E-02 6.42E-02 8.537E-01
7.400E-05 2.87E-01 2.69E-01 2.90E-04 1.80E-01 1.46E-02 4.94E-07 2.11E-02 1.77E-06 3.13E-03 3.49E-02 6.38E-02 8.736E-01
7.300E-05 2.93E-01 2.76E-01 3.01E-04 1.87E-01 1.49E-02 5.20E-07 2.14E-02 1.87E-06 3.24E-03 3.51E-02 6.35E-02 8.941E-01
7.140E-05 3.03E-01 2.87E-01 3.11E-04 1.99E-01 1.54E-02 5.67E-07 2.19E-02 2.05E-06 3.42E-03 3.55E-02 6.29E-02 9.282E-01
7.100E-05 3.06E-01 2.90E-01 3.14E-04 2.02E-01 1.55E-02 5.79E-07 2.20E-02 2.09E-06 3.46E-03 3.56E-02 6.27E-02 9.369E-01
7.000E-05 3.13E-01 2.97E-01 3.21E-04 2.10E-01 1.58E-02 6.12E-07 2.23E-02 2.22E-06 3.58E-03 3.59E-02 6.23E-02 9.592E-01
6.900E-05 3.20E-01 3.04E-01 3.30E-04 2.18E-01 1.62E-02 6.47E-07 2.26E-02 2.35E-06 3.71E-03 3.61E-02 6.18E-02 9.821E-01
6.800E-05 3.27E-01 3.11E-01 3.44E-04 2.27E-01 1.65E-02 6.85E-07 2.29E-02 2.49E-06 3.84E-03 3.63E-02 6.14E-02 1.006E+00
6.700E-05 3.34E-01 3.18E-01 3.58E-04 2.36E-01 1.69E-02 7.25E-07 2.32E-02 2.64E-06 3.98E-03 3.66E-02 6.09E-02 1.030E+00
6.600E-05 3.42E-01 3.25E-01 3.74E-04 2.45E-01 1.73E-02 7.69E-07 2.35E-02 2.81E-06 4.13E-03 3.68E-02 6.04E-02 1.055E+00
6.500E-05 3.50E-01 3.33E-01 3.82E-04 2.55E-01 1.77E-02 8.16E-07 2.39E-02 2.99E-06 4.28E-03 3.71E-02 5.99E-02 1.081E+00
6.400E-05 3.58E-01 3.40E-01 3.92E-04 2.65E-01 1.81E-02 8.67E-07 2.42E-02 3.18E-06 4.45E-03 3.73E-02 5.94E-02 1.108E+00
6.300E-05 3.67E-01 3.48E-01 4.01E-04 2.76E-01 1.85E-02 9.22E-07 2.46E-02 3.39E-06 4.62E-03 3.76E-02 5.88E-02 1.135E+00
6.250E-05 3.71E-01 3.52E-01 4.08E-04 2.81E-01 1.87E-02 9.52E-07 2.48E-02 3.50E-06 4.71E-03 3.77E-02 5.85E-02 1.149E+00
6.200E-05 3.76E-01 3.56E-01 4.16E-04 2.87E-01 1.90E-02 9.82E-07 2.50E-02 3.61E-06 4.80E-03 3.78E-02 5.82E-02 1.164E+00
6.100E-05 3.86E-01 3.63E-01 4.35E-04 2.98E-01 1.94E-02 1.05E-06 2.54E-02 3.86E-06 4.99E-03 3.81E-02 5.76E-02 1.193E+00
6.000E-05 3.96E-01 3.71E-01 4.54E-04 3.10E-01 1.99E-02 1.12E-06 2.58E-02 4.13E-06 5.20E-03 3.83E-02 5.70E-02 1.223E+00
5.900E-05 4.07E-01 3.78E-01 4.75E-04 3.22E-01 2.04E-02 1.19E-06 2.62E-02 4.41E-06 5.41E-03 3.86E-02 5.63E-02 1.255E+00
5.800E-05 4.19E-01 3.85E-01 4.97E-04 3.35E-01 2.09E-02 1.28E-06 2.66E-02 4.73E-06 5.64E-03 3.88E-02 5.56E-02 1.287E+00
5.700E-05 4.31E-01 3.92E-01 5.20E-04 3.49E-01 2.14E-02 1.37E-06 2.71E-02 5.07E-06 5.89E-03 3.91E-02 5.48E-02 1.320E+00
5.600E-05 4.43E-01 3.98E-01 5.43E-04 3.63E-01 2.20E-02 1.46E-06 2.75E-02 5.45E-06 6.15E-03 3.93E-02 5.41E-02 1.354E+00
5.500E-05 4.56E-01 4.04E-01 5.67E-04 3.78E-01 2.25E-02 1.57E-06 2.80E-02 5.86E-06 6.43E-03 3.96E-02 5.33E-02 1.389E+00
5.477E-05 4.59E-01 4.06E-01 5.73E-04 3.81E-01 2.27E-02 1.60E-06 2.81E-02 5.96E-06 9.73E-03 3.96E-02 5.31E-02 1.400E+00
5.400E-05 4.70E-01 4.10E-01 5.91E-04 3.93E-01 2.32E-02 1.69E-06 2.85E-02 6.31E-06 1.01E-02 3.98E-02 5.25E-02 1.428E+00
5.300E-05 4.84E-01 4.15E-01 6.23E-04 4.09E-01 2.39E-02 1.83E-06 2.90E-02 6.81E-06 1.06E-02 4.00E-02 5.17E-02 1.464E+00
5.200E-05 4.98E-01 4.20E-01 6.57E-04 4.26E-01 2.47E-02 1.97E-06 2.95E-02 7.36E-06 1.12E-02 4.02E-02 5.09E-02 1.502E+00
5.100E-05 5.13E-01 4.25E-01 6.93E-04 4.43E-01 2.54E-02 2.13E-06 3.01E-02 7.96E-06 1.19E-02 4.04E-02 5.01E-02 1.540E+00
5.000E-05 5.28E-01 4.30E-01 7.31E-04 4.61E-01 2.62E-02 2.31E-06 3.06E-02 8.63E-06 1.26E-02 4.06E-02 4.94E-02 1.579E+00
4.900E-05 5.43E-01 4.34E-01 7.70E-04 4.80E-01 2.70E-02 2.51E-06 3.12E-02 9.37E-06 1.33E-02 4.07E-02 4.86E-02 1.619E+00
4.880E-05 5.46E-01 4.34E-01 7.79E-04 4.84E-01 2.72E-02 2.55E-06 3.13E-02 9.53E-06 1.35E-02 4.08E-02 4.85E-02 1.627E+00
4.800E-05 5.58E-01 4.37E-01 8.14E-04 5.00E-01 2.80E-02 2.72E-06 3.18E-02 1.02E-05 1.42E-02 4.09E-02 4.79E-02 1.659E+00
4.760E-05 5.65E-01 4.39E-01 8.33E-04 5.08E-01 2.84E-02 2.82E-06 3.21E-02 1.05E-05 1.46E-02 4.09E-02 4.76E-02 1.676E+00
4.700E-05 5.74E-01 4.41E-01 8.62E-04 5.20E-01 2.91E-02 2.97E-06 3.25E-02 1.11E-05 1.51E-02 4.10E-02 4.72E-02 1.701E+00
4.650E-05 5.82E-01 4.43E-01 8.86E-04 5.31E-01 2.97E-02 3.10E-06 3.28E-02 1.16E-05 1.56E-02 4.10E-02 4.68E-02 1.722E+00
4.600E-05 5.90E-01 4.44E-01 9.18E-04 5.42E-01 3.02E-02 3.24E-06 3.31E-02 1.21E-05 1.62E-02 4.10E-02 4.65E-02 1.744E+00
4.550E-05 5.98E-01 4.46E-01 9.59E-04 5.53E-01 3.08E-02 3.39E-06 3.35E-02 1.27E-05 1.67E-02 4.11E-02 4.62E-02 1.766E+00
4.500E-05 6.06E-01 4.47E-01 1.00E-03 5.64E-01 3.14E-02 3.55E-06 3.38E-02 1.33E-05 1.73E-02 4.11E-02 4.58E-02 1.788E+00
4.440E-05 6.15E-01 4.49E-01 1.06E-03 5.78E-01 3.22E-02 3.75E-06 3.43E-02 1.40E-05 1.81E-02 4.11E-02 4.54E-02 1.814E+00
4.350E-05 6.30E-01 4.52E-01 1.15E-03 5.99E-01 3.34E-02 4.08E-06 3.49E-02 1.52E-05 1.94E-02 4.12E-02 4.49E-02 1.855E+00
4.170E-05 6.59E-01 4.56E-01 1.40E-03 6.44E-01 3.63E-02 4.86E-06 3.63E-02 1.81E-05 2.23E-02 4.12E-02 4.38E-02 1.940E+00
4.000E-05 6.87E-01 4.60E-01 1.85E-03 6.89E-01 3.92E-02 5.77E-06 3.77E-02 2.15E-05 2.59E-02 4.11E-02 4.29E-02 2.025E+00
3.850E-05 7.12E-01 4.63E-01 2.45E-03 7.31E-01 4.20E-02 6.76E-06 3.90E-02 2.52E-05 2.99E-02 4.10E-02 4.22E-02 2.103E+00
3.656E-05 7.45E-01 4.66E-01 3.60E-03 7.87E-01 4.60E-02 8.43E-06 4.09E-02 3.13E-05 3.68E-02 4.08E-02 4.14E-02 2.208E+00
3.570E-05 7.59E-01 4.68E-01 4.21E-03 8.13E-01 4.79E-02 9.33E-06 4.17E-02 3.46E-05 4.08E-02 4.07E-02 4.11E-02 2.256E+00
3.330E-05 7.98E-01 4.71E-01 6.30E-03 8.86E-01 5.44E-02 1.28E-05 4.43E-02 4.63E-05 5.64E-02 4.03E-02 4.04E-02 2.397E+00
3.130E-05 8.29E-01 4.73E-01 8.38E-03 9.48E-01 6.25E-02 1.72E-05 4.67E-02 6.02E-05 7.84E-02 4.00E-02 3.99E-02 2.527E+00
3.000E-05 8.49E-01 4.74E-01 1.00E-02 9.88E-01 6.98E-02 2.14E-05 4.83E-02 7.23E-05 1.01E-01 3.96E-02 3.96E-02 2.620E+00
2.940E-05 8.58E-01 4.75E-01 1.08E-02 1.01E+00 7.35E-02 2.37E-05 4.90E-02 7.89E-05 1.15E-01 3.95E-02 3.95E-02 2.666E+00
2.780E-05 8.80E-01 4.76E-01 1.33E-02 1.05E+00 8.61E-02 3.25E-05 5.12E-02 1.01E-04 1.73E-01 3.91E-02 3.92E-02 2.810E+00
2.630E-05 8.97E-01 4.76E-01 1.57E-02 1.09E+00 1.05E-01 4.62E-05 5.32E-02 1.29E-04 2.77E-01 3.87E-02 3.90E-02 2.996E+00
2.500E-05 9.10E-01 4.78E-01 1.86E-02 1.13E+00 1.31E-01 6.74E-05 5.49E-02 1.62E-04 4.47E-01 3.83E-02 3.89E-02 3.248E+00
2.380E-05 9.24E-01 4.80E-01 2.23E-02 1.17E+00 1.81E-01 1.03E-04 5.51E-02 2.03E-04 6.92E-01 3.79E-02 3.87E-02 3.598E+00
2.270E-05 9.34E-01 4.80E-01 2.72E-02 1.20E+00 2.61E-01 1.51E-04 5.72E-02 2.55E-04 8.39E-01 3.76E-02 3.86E-02 3.876E+00
2.170E-05 9.40E-01 4.81E-01 3.37E-02 1.24E+00 3.54E-01 1.96E-04 6.44E-02 3.19E-04 7.06E-01 3.72E-02 3.86E-02 3.893E+00
2.080E-05 9.46E-01 4.83E-01 4.60E-02 1.28E+00 3.66E-01 1.82E-04 8.04E-02 3.96E-04 4.92E-01 3.69E-02 3.85E-02 3.772E+00
2.000E-05 9.49E-01 4.83E-01 1.67E-01 1.22E+00 3.18E-01 1.42E-04 1.02E-01 4.86E-04 3.40E-01 3.65E-02 3.85E-02 3.655E+00
1.920E-05 9.49E-01 4.87E-01 3.30E-01 1.11E+00 2.47E-01 9.77E-05 1.41E-01 6.04E-04 2.39E-01 3.62E-02 3.85E-02 3.582E+00
1.850E-05 9.56E-01 4.96E-01 4.38E-01 1.06E+00 1.93E-01 6.91E-05 1.88E-01 7.39E-04 1.80E-01 3.58E-02 3.85E-02 3.586E+00
1.790E-05 9.65E-01 5.03E-01 5.82E-01 9.59E-01 1.57E-01 5.28E-05 2.40E-01 8.86E-04 1.45E-01 3.55E-02 3.86E-02 3.626E+00
1.720E-05 9.75E-01 5.10E-01 7.04E-01 8.84E-01 1.26E-01 4.20E-05 3.33E-01 1.11E-03 1.16E-01 3.51E-02 3.87E-02 3.722E+00
1.670E-05 9.83E-01 5.16E-01 7.70E-01 8.48E-01 1.08E-01 3.82E-05 4.20E-01 1.31E-03 1.02E-01 3.47E-02 3.87E-02 3.822E+00
1.610E-05 9.95E-01 5.24E-01 8.41E-01 8.14E-01 9.10E-02 3.89E-05 5.72E-01 1.62E-03 8.90E-02 3.43E-02 3.88E-02 4.000E+00
1.560E-05 1.01E+00 5.30E-01 8.92E-01 7.91E-01 8.00E-02 4.38E-05 7.47E-01 1.94E-03 8.17E-02 3.39E-02 3.89E-02 4.202E+00
1.520E-05 1.02E+00 5.35E-01 9.30E-01 7.74E-01 7.25E-02 5.10E-05 9.33E-01 2.23E-03 7.76E-02 3.36E-02 3.89E-02 4.412E+00
1.470E-05 1.03E+00 5.40E-01 9.66E-01 7.55E-01 6.44E-02 6.44E-05 1.20E+00 2.64E-03 7.47E-02 3.33E-02 3.90E-02 4.703E+00
1.430E-05 1.03E+00 5.43E-01 9.91E-01 7.41E-01 6.04E-02 8.05E-05 1.43E+00 2.95E-03 7.40E-02 3.31E-02 3.89E-02 4.952E+00
1.390E-05 1.04E+00 5.45E-01 1.01E+00 7.29E-01 5.87E-02 1.02E-04 1.61E+00 3.27E-03 7.48E-02 3.29E-02 3.89E-02 5.142E+00
1.350E-05 1.04E+00 5.47E-01 1.02E+00 7.19E-01 5.86E-02 1.31E-04 1.78E+00 3.66E-03 7.75E-02 3.27E-02 3.88E-02 5.320E+00
1.320E-05 1.05E+00 5.49E-01 1.02E+00 7.10E-01 5.97E-02 1.59E-04 1.91E+00 4.01E-03 8.08E-02 3.26E-02 3.88E-02 5.459E+00
1.280E-05 1.05E+00 5.52E-01 1.03E+00 7.01E-01 6.35E-02 2.09E-04 2.10E+00 4.56E-03 8.74E-02 3.24E-02 3.87E-02 5.665E+00
1.250E-05 1.06E+00 5.54E-01 1.03E+00 7.01E-01 6.89E-02 2.57E-04 2.26E+00 5.06E-03 9.44E-02 3.22E-02 3.86E-02 5.837E+00
1.220E-05 1.06E+00 5.57E-01 1.03E+00 7.03E-01 7.69E-02 3.19E-04 2.43E+00 5.64E-03 1.04E-01 3.21E-02 3.86E-02 6.036E+00
1.190E-05 1.06E+00 5.58E-01 1.04E+00 7.12E-01 8.76E-02 3.96E-04 2.63E+00 6.32E-03 1.16E-01 3.19E-02 3.86E-02 6.277E+00
1.160E-05 1.06E+00 5.59E-01 1.05E+00 7.21E-01 9.97E-02 4.93E-04 2.84E+00 7.12E-03 1.32E-01 3.17E-02 3.86E-02 6.542E+00
1.140E-05 1.06E+00 5.59E-01 1.06E+00 7.23E-01 1.10E-01 5.80E-04 3.00E+00 7.75E-03 1.46E-01 3.16E-02 3.86E-02 6.735E+00
1.110E-05 1.06E+00 5.59E-01 1.07E+00 7.27E-01 1.26E-01 7.57E-04 3.27E+00 8.84E-03 1.73E-01 3.14E-02 3.86E-02 7.056E+00
1.080E-05 1.05E+00 5.58E-01 1.08E+00 7.31E-01 1.69E-01 1.01E-03 3.58E+00 1.02E-02 2.09E-01 3.11E-02 3.86E-02 7.464E+00
1.050E-05 1.05E+00 5.57E-01 1.09E+00 7.35E-01 2.26E-01 1.31E-03 3.98E+00 1.19E-02 2.57E-01 3.09E-02 3.87E-02 7.973E+00
1.030E-05 1.04E+00 5.56E-01 1.10E+00 7.37E-01 2.70E-01 1.50E-03 4.35E+00 1.33E-02 2.99E-01 3.07E-02 3.87E-02 8.433E+00
1.000E-05 1.03E+00 5.54E-01 1.10E+00 7.42E-01 3.31E-01 1.83E-03 4.88E+00 1.52E-02 3.78E-01 3.05E-02 3.87E-02 9.108E+00
9.750E-06 1.03E+00 5.52E-01 1.11E+00 7.45E-01 4.02E-01 2.27E-03 5.31E+00 1.70E-02 4.58E-01 3.03E-02 3.86E-02 9.687E+00
9.500E-06 1.02E+00 5.50E-01 1.12E+00 7.49E-01 4.84E-01 2.69E-03 5.76E+00 1.89E-02 5.39E-01 3.02E-02 3.86E-02 1.031E+01
9.250E-06 1.01E+00 5.47E-01 1.12E+00 7.53E-01 5.46E-01 3.00E-03 6.23E+00 2.07E-02 5.99E-01 3.00E-02 3.84E-02 1.089E+01
9.080E-06 1.00E+00 5.45E-01 1.12E+00 7.55E-01 5.85E-01 3.23E-03 6.49E+00 2.17E-02 6.13E-01 3.00E-02 3.83E-02 1.121E+01
