 # Optical depth (Siebenmorgen 2023, A&A 670A,115; SC 2023 doi: 10.48550/arXiv.2311.03310)
 # wel(cm) sa_aC    ss_aC    sa_Si    ss_Si    sa_vgr   ss_vgr   sa_vsi   ss_vsi   s_pahS+B sa_Dark  ss_Dark sigt
 # --------------------------------------------------------------------------------------------------------------
 1.000E+00 1.45E-07 7.63E-17 5.05E-07 9.13E-17 9.10E-09 7.98E-23 1.52E-07 2.38E-22 4.67E-12 1.30E-06 1.62E-14 2.106E-06
 2.159E-04 2.99E-02 4.41E-03 3.44E-04 7.08E-03 7.33E-03 2.56E-08 6.97E-03 2.57E-08 6.19E-05 4.14E-02 9.55E-02 1.931E-01
 1.662E-04 3.68E-02 1.16E-02 2.48E-04 2.01E-02 1.10E-02 7.14E-08 8.55E-03 7.38E-08 1.16E-04 4.83E-02 1.26E-01 2.627E-01
 1.235E-04 4.94E-02 3.16E-02 2.21E-04 5.99E-02 1.74E-02 2.28E-07 1.10E-02 2.43E-07 2.52E-04 5.76E-02 1.43E-01 3.702E-01
 5.477E-05 1.49E-01 1.59E-01 7.21E-04 5.43E-01 6.11E-02 5.42E-06 2.37E-02 6.34E-06 2.88E-03 8.45E-02 1.10E-01 1.134E+00
 4.440E-05 1.89E-01 1.68E-01 1.32E-03 8.28E-01 8.67E-02 1.27E-05 2.89E-02 1.49E-05 5.35E-03 8.76E-02 9.78E-02 1.493E+00
 3.656E-05 2.16E-01 1.67E-01 4.50E-03 1.15E+00 1.24E-01 2.86E-05 3.45E-02 3.33E-05 1.09E-02 8.73E-02 9.10E-02 1.882E+00
 2.780E-05 2.36E-01 1.63E-01 1.70E-02 1.57E+00 2.32E-01 1.10E-04 4.32E-02 1.07E-04 5.11E-02 8.26E-02 8.46E-02 2.476E+00
 2.630E-05 2.38E-01 1.62E-01 2.03E-02 1.62E+00 2.84E-01 1.57E-04 4.49E-02 1.37E-04 8.18E-02 8.15E-02 8.37E-02 2.614E+00
 2.500E-05 2.38E-01 1.62E-01 2.43E-02 1.65E+00 3.54E-01 2.28E-04 4.64E-02 1.72E-04 1.32E-01 8.05E-02 8.30E-02 2.769E+00
 2.380E-05 2.39E-01 1.61E-01 2.94E-02 1.66E+00 4.88E-01 3.49E-04 4.66E-02 2.16E-04 2.05E-01 7.94E-02 8.23E-02 2.995E+00
 2.270E-05 2.40E-01 1.61E-01 3.65E-02 1.67E+00 7.05E-01 5.11E-04 4.84E-02 2.71E-04 2.48E-01 7.85E-02 8.17E-02 3.265E+00
 2.170E-05 2.39E-01 1.60E-01 4.60E-02 1.67E+00 9.53E-01 6.64E-04 5.45E-02 3.39E-04 2.09E-01 7.75E-02 8.13E-02 3.487E+00
 2.080E-05 2.39E-01 1.60E-01 6.37E-02 1.66E+00 9.87E-01 6.16E-04 6.80E-02 4.21E-04 1.45E-01 7.65E-02 8.09E-02 3.487E+00
 2.000E-05 2.39E-01 1.60E-01 2.28E-01 1.52E+00 8.56E-01 4.82E-04 8.65E-02 5.17E-04 1.01E-01 7.56E-02 8.06E-02 3.350E+00
 1.920E-05 2.38E-01 1.60E-01 4.35E-01 1.33E+00 6.65E-01 3.31E-04 1.19E-01 6.42E-04 7.06E-02 7.46E-02 8.03E-02 3.178E+00
 1.850E-05 2.38E-01 1.62E-01 5.60E-01 1.22E+00 5.21E-01 2.34E-04 1.59E-01 7.86E-04 5.32E-02 7.36E-02 8.02E-02 3.067E+00
 1.790E-05 2.39E-01 1.63E-01 7.02E-01 1.06E+00 4.23E-01 1.79E-04 2.03E-01 9.42E-04 4.29E-02 7.31E-02 8.04E-02 2.991E+00
 1.720E-05 2.39E-01 1.64E-01 7.95E-01 9.53E-01 3.40E-01 1.42E-04 2.82E-01 1.18E-03 3.44E-02 7.20E-02 8.02E-02 2.961E+00
 1.670E-05 2.40E-01 1.66E-01 8.33E-01 9.06E-01 2.91E-01 1.30E-04 3.55E-01 1.40E-03 3.01E-02 7.11E-02 8.01E-02 2.973E+00
 1.610E-05 2.40E-01 1.67E-01 8.63E-01 8.68E-01 2.45E-01 1.32E-04 4.84E-01 1.72E-03 2.63E-02 7.04E-02 8.04E-02 3.047E+00
 1.560E-05 2.41E-01 1.68E-01 8.80E-01 8.47E-01 2.15E-01 1.49E-04 6.33E-01 2.06E-03 2.41E-02 6.94E-02 8.03E-02 3.159E+00
 1.520E-05 2.41E-01 1.68E-01 8.89E-01 8.34E-01 1.95E-01 1.73E-04 7.91E-01 2.37E-03 2.29E-02 6.86E-02 8.01E-02 3.293E+00
 1.470E-05 2.41E-01 1.69E-01 8.96E-01 8.21E-01 1.74E-01 2.18E-04 1.02E+00 2.81E-03 2.21E-02 6.80E-02 8.04E-02 3.493E+00
 1.430E-05 2.41E-01 1.70E-01 9.00E-01 8.11E-01 1.63E-01 2.73E-04 1.21E+00 3.14E-03 2.19E-02 6.74E-02 8.00E-02 3.671E+00
 1.390E-05 2.41E-01 1.70E-01 9.01E-01 8.02E-01 1.58E-01 3.47E-04 1.37E+00 3.48E-03 2.21E-02 6.72E-02 7.99E-02 3.811E+00
 1.350E-05 2.41E-01 1.69E-01 9.02E-01 7.93E-01 1.58E-01 4.44E-04 1.51E+00 3.89E-03 2.29E-02 6.66E-02 7.95E-02 3.945E+00
 1.320E-05 2.40E-01 1.70E-01 9.02E-01 7.86E-01 1.61E-01 5.40E-04 1.62E+00 4.27E-03 2.39E-02 6.64E-02 7.95E-02 4.055E+00
 1.280E-05 2.40E-01 1.70E-01 9.01E-01 7.78E-01 1.72E-01 7.08E-04 1.78E+00 4.85E-03 2.58E-02 6.58E-02 7.92E-02 4.220E+00
 1.250E-05 2.39E-01 1.70E-01 8.99E-01 7.76E-01 1.86E-01 8.73E-04 1.92E+00 5.38E-03 2.79E-02 6.53E-02 7.89E-02 4.365E+00
 1.190E-05 2.38E-01 1.70E-01 8.98E-01 7.81E-01 2.37E-01 1.34E-03 2.23E+00 6.72E-03 3.43E-02 6.45E-02 7.86E-02 4.735E+00
 1.160E-05 2.37E-01 1.70E-01 8.98E-01 7.86E-01 2.70E-01 1.67E-03 2.41E+00 7.58E-03 3.92E-02 6.42E-02 7.87E-02 4.960E+00
 1.140E-05 2.36E-01 1.70E-01 8.98E-01 7.86E-01 2.98E-01 1.97E-03 2.54E+00 8.24E-03 4.33E-02 6.40E-02 7.87E-02 5.127E+00
 1.110E-05 2.34E-01 1.70E-01 8.97E-01 7.88E-01 3.41E-01 2.57E-03 2.77E+00 9.40E-03 5.11E-02 6.34E-02 7.85E-02 5.404E+00
 1.080E-05 2.33E-01 1.69E-01 8.96E-01 7.89E-01 4.60E-01 3.42E-03 3.04E+00 1.08E-02 6.17E-02 6.28E-02 7.84E-02 5.803E+00
 1.050E-05 2.31E-01 1.69E-01 8.94E-01 7.91E-01 6.13E-01 4.44E-03 3.37E+00 1.27E-02 7.61E-02 6.24E-02 7.86E-02 6.306E+00
 1.030E-05 2.29E-01 1.68E-01 8.93E-01 7.92E-01 7.32E-01 5.09E-03 3.69E+00 1.41E-02 8.85E-02 6.18E-02 7.84E-02 6.751E+00
 1.000E-05 2.27E-01 1.68E-01 8.91E-01 7.95E-01 8.97E-01 6.21E-03 4.14E+00 1.62E-02 1.12E-01 6.15E-02 7.84E-02 7.390E+00
 9.750E-06 2.26E-01 1.67E-01 8.88E-01 7.96E-01 1.09E+00 7.71E-03 4.50E+00 1.80E-02 1.35E-01 6.10E-02 7.81E-02 7.967E+00
 9.500E-06 2.24E-01 1.66E-01 8.86E-01 7.99E-01 1.31E+00 9.12E-03 4.89E+00 2.01E-02 1.59E-01 6.07E-02 7.81E-02 8.598E+00
 9.250E-06 2.21E-01 1.66E-01 8.82E-01 8.00E-01 1.48E+00 1.02E-02 5.28E+00 2.21E-02 1.77E-01 6.03E-02 7.77E-02 9.176E+00
 9.080E-06 2.20E-01 1.65E-01 8.79E-01 8.02E-01 1.58E+00 1.09E-02 5.50E+00 2.31E-02 1.81E-01 6.02E-02 7.75E-02 9.506E+00
