#  wel (mu)   tau/tauV  E(w-V)/E(B-V)  E(w-V)| Rv_mod, Ebv =    3.378    0.450
   1.000E+04  1.095E-06 -3.378E+00 -1.520E+00
   2.159E+00  1.230E-01 -2.962E+00 -1.333E+00
   1.662E+00  1.699E-01 -2.804E+00 -1.262E+00
   1.235E+00  2.607E-01 -2.497E+00 -1.124E+00
   5.477E-01  1.000E+00  0.000E+00  0.000E+00
   4.440E-01  1.296E+00  1.000E+00  4.500E-01
   3.656E-01  1.577E+00  1.949E+00  8.770E-01
   2.780E-01  2.007E+00  3.403E+00  1.531E+00
   2.630E-01  2.140E+00  3.852E+00  1.733E+00
   2.500E-01  2.320E+00  4.460E+00  2.007E+00
   2.380E-01  2.570E+00  5.302E+00  2.386E+00
   2.270E-01  2.769E+00  5.974E+00  2.688E+00
   2.170E-01  2.780E+00  6.014E+00  2.706E+00
   2.080E-01  2.694E+00  5.723E+00  2.575E+00
   2.000E-01  2.610E+00  5.440E+00  2.448E+00
   1.920E-01  2.559E+00  5.264E+00  2.369E+00
   1.850E-01  2.561E+00  5.273E+00  2.373E+00
   1.790E-01  2.590E+00  5.371E+00  2.417E+00
   1.720E-01  2.659E+00  5.603E+00  2.522E+00
   1.670E-01  2.730E+00  5.842E+00  2.629E+00
   1.610E-01  2.857E+00  6.274E+00  2.823E+00
   1.560E-01  3.002E+00  6.761E+00  3.042E+00
   1.520E-01  3.151E+00  7.267E+00  3.270E+00
   1.470E-01  3.360E+00  7.970E+00  3.587E+00
   1.430E-01  3.537E+00  8.569E+00  3.856E+00
   1.390E-01  3.673E+00  9.027E+00  4.062E+00
   1.350E-01  3.800E+00  9.457E+00  4.256E+00
   1.320E-01  3.899E+00  9.793E+00  4.407E+00
   1.280E-01  4.046E+00  1.029E+01  4.631E+00
   1.250E-01  4.169E+00  1.071E+01  4.818E+00
   1.190E-01  4.483E+00  1.177E+01  5.295E+00
   1.160E-01  4.673E+00  1.241E+01  5.583E+00
   1.140E-01  4.811E+00  1.287E+01  5.793E+00
   1.110E-01  5.040E+00  1.365E+01  6.141E+00
   1.080E-01  5.332E+00  1.463E+01  6.584E+00
   1.050E-01  5.695E+00  1.586E+01  7.136E+00
   1.030E-01  6.023E+00  1.697E+01  7.636E+00
   1.000E-01  6.506E+00  1.860E+01  8.369E+00
   9.750E-02  6.920E+00  1.999E+01  8.998E+00
   9.500E-02  7.363E+00  2.149E+01  9.671E+00
   9.250E-02  7.781E+00  2.290E+01  1.031E+01
   9.080E-02  8.005E+00  2.366E+01  1.065E+01
