 #   Polarised Flux in [erg/s/Hz/ster] pro g IM
 # wel(mu)  emis      emip_t    emip_c    emip_Si   emip_d
  1.00E+04  1.61E-16  1.05E-17  6.39E-19  1.59E-18  8.25E-18
  9.00E+03  2.31E-16  1.50E-17  9.20E-19  2.31E-18  1.18E-17
  8.00E+03  3.45E-16  2.24E-17  1.38E-18  3.49E-18  1.75E-17
  7.00E+03  5.42E-16  3.52E-17  2.19E-18  5.57E-18  2.74E-17
  6.00E+03  9.14E-16  5.93E-17  3.74E-18  9.54E-18  4.60E-17
  5.50E+03  1.23E-15  7.96E-17  5.05E-18  1.29E-17  6.16E-17
  5.00E+03  1.69E-15  1.10E-16  7.02E-18  1.80E-17  8.48E-17
  4.50E+03  2.42E-15  1.57E-16  1.01E-17  2.59E-17  1.21E-16
  4.00E+03  3.59E-15  2.33E-16  1.52E-17  3.89E-17  1.78E-16
  3.50E+03  5.61E-15  3.64E-16  2.40E-17  6.16E-17  2.78E-16
  3.00E+03  9.37E-15  6.08E-16  4.09E-17  1.04E-16  4.63E-16
  2.50E+03  1.71E-14  1.11E-15  7.64E-17  1.93E-16  8.41E-16
  2.10E+03  3.04E-14  1.97E-15  1.39E-16  3.47E-16  1.48E-15
  1.50E+03  8.87E-14  5.77E-15  4.31E-16  1.03E-15  4.31E-15
  1.38E+03  1.15E-13  7.45E-15  5.66E-16  1.33E-15  5.55E-15
  1.32E+03  1.32E-13  8.59E-15  6.60E-16  1.54E-15  6.39E-15
  1.15E+03  2.01E-13  1.31E-14  1.04E-15  2.35E-15  9.71E-15
  1.00E+03  3.04E-13  1.99E-14  1.63E-15  3.55E-15  1.47E-14
  9.97E+02  3.07E-13  2.00E-14  1.65E-15  3.58E-15  1.48E-14
  8.67E+02  4.56E-13  2.98E-14  2.54E-15  5.35E-15  2.19E-14
  8.50E+02  4.82E-13  3.15E-14  2.71E-15  5.65E-15  2.32E-14
  7.50E+02  6.89E-13  4.52E-14  4.07E-15  7.92E-15  3.32E-14
  6.00E+02  1.20E-12  7.90E-14  7.80E-15  1.38E-14  5.74E-14
  5.50E+02  1.46E-12  9.64E-14  9.90E-15  1.62E-14  7.02E-14
  5.00E+02  1.83E-12  1.21E-13  1.29E-14  2.10E-14  8.74E-14
  4.50E+02  2.35E-12  1.56E-13  1.72E-14  2.85E-14  1.10E-13
  4.00E+02  3.02E-12  2.01E-13  2.38E-14  3.80E-14  1.39E-13
  3.50E+02  3.78E-12  2.52E-13  3.14E-14  5.51E-14  1.65E-13
  3.00E+02  4.87E-12  3.23E-13  4.49E-14  7.53E-14  2.03E-13
  2.75E+02  5.32E-12  3.52E-13  5.25E-14  8.45E-14  2.15E-13
  2.50E+02  5.69E-12  3.74E-13  6.03E-14  9.14E-14  2.22E-13
  2.40E+02  5.80E-12  3.79E-13  6.44E-14  9.32E-14  2.22E-13
  2.00E+02  5.79E-12  3.70E-13  7.69E-14  8.95E-14  2.03E-13
  1.80E+02  5.38E-12  3.36E-13  8.02E-14  7.67E-14  1.79E-13
  1.60E+02  4.69E-12  2.83E-13  8.20E-14  5.77E-14  1.43E-13
  1.50E+02  4.27E-12  2.50E-13  8.21E-14  4.71E-14  1.21E-13
  1.40E+02  3.66E-12  2.07E-13  7.53E-14  3.62E-14  9.52E-14
  1.20E+02  2.62E-12  1.32E-13  6.38E-14  1.71E-14  5.08E-14
  1.00E+02  1.59E-12  6.09E-14  3.84E-14  5.12E-15  1.74E-14
  9.00E+01  1.23E-12  3.64E-14  2.63E-14  2.09E-15  8.02E-15
  8.00E+01  9.55E-13  1.77E-14  1.43E-14  6.54E-16  2.70E-15
  7.50E+01  8.66E-13  1.15E-14  9.77E-15  3.25E-16  1.42E-15
  7.00E+01  8.04E-13  7.00E-15  6.20E-15  1.44E-16  6.54E-16
  6.00E+01  7.39E-13  1.78E-15  1.68E-15  1.75E-17  8.64E-17
  5.00E+01  7.20E-13  2.12E-16  2.07E-16  8.44E-19  4.36E-18
  4.50E+01  7.11E-13  4.77E-17  4.71E-17  1.04E-19  5.61E-19
  4.00E+01  6.89E-13  6.55E-18  6.51E-18  6.99E-21  4.03E-20
  3.50E+01  6.15E-13  4.77E-19  4.75E-19  1.97E-22  1.30E-21
  3.00E+01  4.38E-13  1.29E-20  1.29E-20  1.48E-24  1.22E-23
  2.75E+01  3.27E-13  1.21E-21  1.21E-21  6.23E-26  5.95E-25
  2.50E+01  2.32E-13  6.75E-23  6.74E-23  1.35E-27  1.54E-26
  2.40E+01  2.01E-13  1.80E-23  1.80E-23  2.31E-28  2.85E-27
  2.35E+01  1.87E-13  8.87E-24  8.87E-24  9.03E-29  1.16E-27
  2.32E+01  1.79E-13  5.71E-24  5.71E-24  5.04E-29  6.65E-28
  2.31E+01  1.77E-13  4.92E-24  4.92E-24  4.14E-29  5.50E-28
  2.30E+01  1.74E-13  4.23E-24  4.23E-24  3.39E-29  4.54E-28
  2.25E+01  1.62E-13  1.94E-24  1.94E-24  1.22E-29  1.70E-28
  2.20E+01  1.52E-13  8.60E-25  8.60E-25  4.17E-30  6.06E-29
  2.15E+01  1.42E-13  3.68E-25  3.68E-25  1.35E-30  2.05E-29
  2.12E+01  1.36E-13  2.16E-25  2.16E-25  6.68E-31  1.05E-29
  2.11E+01  1.34E-13  1.80E-25  1.80E-25  5.26E-31  8.32E-30
  2.10E+01  1.33E-13  1.50E-25  1.50E-25  4.12E-31  6.59E-30
  2.08E+01  1.29E-13  1.03E-25  1.03E-25  2.52E-31  4.11E-30
  2.00E+01  1.17E-13  2.15E-26  2.15E-26  3.14E-32  5.65E-31
  1.95E+01  1.10E-13  7.60E-27  7.60E-27  7.71E-33  1.49E-31
  1.90E+01  1.02E-13  2.55E-27  2.55E-27  1.74E-33  3.61E-32
  1.85E+01  9.32E-14  8.06E-28  8.06E-28  3.55E-34  8.00E-33
  1.83E+01  8.96E-14  4.99E-28  4.99E-28  1.83E-34  4.26E-33
  1.82E+01  8.77E-14  3.90E-28  3.90E-28  1.30E-34  3.09E-33
  1.81E+01  8.57E-14  3.04E-28  3.04E-28  9.25E-35  2.23E-33
  1.80E+01  8.37E-14  2.37E-28  2.37E-28  6.54E-35  1.61E-33
  1.75E+01  7.36E-14  6.51E-29  6.51E-29  1.07E-35  2.94E-34
  1.70E+01  6.37E-14  1.64E-29  1.64E-29  1.55E-36  4.85E-35
  1.67E+01  5.82E-14  6.94E-30  6.94E-30  4.55E-37  1.57E-35
  1.65E+01  5.45E-14  3.85E-30  3.85E-30  1.96E-37  7.23E-36
  1.64E+01  5.27E-14  2.85E-30  2.85E-30  1.27E-37  4.87E-36
  1.63E+01  5.09E-14  2.10E-30  2.10E-30  8.25E-38  3.27E-36
  1.61E+01  4.74E-14  1.12E-30  1.12E-30  3.40E-38  1.45E-36
  1.60E+01  4.57E-14  8.18E-31  8.18E-31  2.16E-38  9.59E-37
  1.59E+01  4.41E-14  5.93E-31  5.93E-31  1.37E-38  6.31E-37
  1.58E+01  4.26E-14  4.28E-31  4.28E-31  8.64E-39  4.14E-37
  1.57E+01  4.11E-14  3.07E-31  3.07E-31  5.42E-39  2.69E-37
  1.56E+01  3.96E-14  2.20E-31  2.20E-31  3.39E-39  1.75E-37
  1.54E+01  3.69E-14  1.11E-31  1.11E-31  1.32E-39  7.25E-38
  1.52E+01  3.45E-14  5.50E-32  5.50E-32  5.11E-40  2.93E-38
  1.51E+01  3.34E-14  3.84E-32  3.84E-32  3.18E-40  1.85E-38
  1.50E+01  3.23E-14  2.66E-32  2.66E-32  1.97E-40  1.16E-38
  1.45E+01  2.78E-14  4.00E-33  4.00E-33  0.00E+00  1.04E-39
  1.44E+01  2.72E-14  2.69E-33  2.69E-33  0.00E+00  6.32E-40
  1.43E+01  2.67E-14  1.80E-33  1.80E-33  0.00E+00  3.83E-40
  1.42E+01  2.61E-14  1.20E-33  1.20E-33  0.00E+00  2.30E-40
  1.40E+01  2.54E-14  5.26E-34  5.26E-34  0.00E+00  0.00E+00
  1.38E+01  2.54E-14  2.24E-34  2.24E-34  0.00E+00  0.00E+00
  1.37E+01  2.58E-14  1.45E-34  1.45E-34  0.00E+00  0.00E+00
  1.36E+01  2.62E-14  9.30E-35  9.30E-35  0.00E+00  0.00E+00
  1.35E+01  2.64E-14  5.94E-35  5.94E-35  0.00E+00  0.00E+00
  1.34E+01  2.68E-14  3.77E-35  3.77E-35  0.00E+00  0.00E+00
  1.33E+01  2.75E-14  2.37E-35  2.37E-35  0.00E+00  0.00E+00
  1.32E+01  2.87E-14  1.48E-35  1.48E-35  0.00E+00  0.00E+00
  1.31E+01  3.07E-14  9.17E-36  9.17E-36  0.00E+00  0.00E+00
  1.29E+01  3.96E-14  3.42E-36  3.42E-36  0.00E+00  0.00E+00
  1.28E+01  4.77E-14  2.07E-36  2.07E-36  0.00E+00  0.00E+00
  1.27E+01  5.30E-14  1.24E-36  1.24E-36  0.00E+00  0.00E+00
  1.26E+01  4.89E-14  7.40E-37  7.40E-37  0.00E+00  0.00E+00
  1.25E+01  4.22E-14  4.36E-37  4.36E-37  0.00E+00  0.00E+00
  1.22E+01  3.82E-14  8.63E-38  8.63E-38  0.00E+00  0.00E+00
  1.21E+01  4.06E-14  4.91E-38  4.91E-38  0.00E+00  0.00E+00
  1.20E+01  4.26E-14  2.77E-38  2.77E-38  0.00E+00  0.00E+00
  1.19E+01  4.27E-14  1.56E-38  1.56E-38  0.00E+00  0.00E+00
  1.18E+01  4.28E-14  8.62E-39  8.62E-39  0.00E+00  0.00E+00
  1.17E+01  4.50E-14  4.72E-39  4.72E-39  0.00E+00  0.00E+00
  1.16E+01  5.11E-14  2.56E-39  2.56E-39  0.00E+00  0.00E+00
  1.15E+01  6.55E-14  1.37E-39  1.37E-39  0.00E+00  0.00E+00
  1.14E+01  8.33E-14  7.25E-40  7.25E-40  0.00E+00  0.00E+00
  1.13E+01  9.61E-14  3.79E-40  3.79E-40  0.00E+00  0.00E+00
  1.12E+01  8.24E-14  1.96E-40  1.96E-40  0.00E+00  0.00E+00
  1.11E+01  6.16E-14  1.00E-40  1.00E-40  0.00E+00  0.00E+00
  1.09E+01  4.07E-14  0.00E+00  0.00E+00  0.00E+00  0.00E+00
  1.05E+01  3.21E-14  0.00E+00  0.00E+00  0.00E+00  0.00E+00
  1.00E+01  2.96E-14  0.00E+00  0.00E+00  0.00E+00  0.00E+00
  9.80E+00  2.90E-14  0.00E+00  0.00E+00  0.00E+00  0.00E+00
  9.60E+00  2.85E-14  0.00E+00  0.00E+00  0.00E+00  0.00E+00
  9.50E+00  2.80E-14  0.00E+00  0.00E+00  0.00E+00  0.00E+00
  9.40E+00  2.73E-14  0.00E+00  0.00E+00  0.00E+00  0.00E+00
  9.20E+00  2.48E-14  0.00E+00  0.00E+00  0.00E+00  0.00E+00
  8.90E+00  2.03E-14  0.00E+00  0.00E+00  0.00E+00  0.00E+00
  8.70E+00  2.09E-14  0.00E+00  0.00E+00  0.00E+00  0.00E+00
  8.60E+00  2.29E-14  0.00E+00  0.00E+00  0.00E+00  0.00E+00
  8.50E+00  1.90E-14  0.00E+00  0.00E+00  0.00E+00  0.00E+00
  8.40E+00  1.60E-14  0.00E+00  0.00E+00  0.00E+00  0.00E+00
  8.20E+00  1.38E-14  0.00E+00  0.00E+00  0.00E+00  0.00E+00
  8.00E+00  1.40E-14  0.00E+00  0.00E+00  0.00E+00  0.00E+00
  7.90E+00  1.50E-14  0.00E+00  0.00E+00  0.00E+00  0.00E+00
  7.80E+00  1.60E-14  0.00E+00  0.00E+00  0.00E+00  0.00E+00
  7.70E+00  1.62E-14  0.00E+00  0.00E+00  0.00E+00  0.00E+00
  7.60E+00  1.49E-14  0.00E+00  0.00E+00  0.00E+00  0.00E+00
  7.50E+00  1.27E-14  0.00E+00  0.00E+00  0.00E+00  0.00E+00
  7.30E+00  8.93E-15  0.00E+00  0.00E+00  0.00E+00  0.00E+00
  7.20E+00  7.89E-15  0.00E+00  0.00E+00  0.00E+00  0.00E+00
  7.10E+00  7.65E-15  0.00E+00  0.00E+00  0.00E+00  0.00E+00
  7.00E+00  9.18E-15  0.00E+00  0.00E+00  0.00E+00  0.00E+00
  6.90E+00  6.61E-15  0.00E+00  0.00E+00  0.00E+00  0.00E+00
  6.80E+00  5.74E-15  0.00E+00  0.00E+00  0.00E+00  0.00E+00
  6.60E+00  5.41E-15  0.00E+00  0.00E+00  0.00E+00  0.00E+00
  6.40E+00  6.47E-15  0.00E+00  0.00E+00  0.00E+00  0.00E+00
  6.30E+00  8.39E-15  0.00E+00  0.00E+00  0.00E+00  0.00E+00
  6.20E+00  1.03E-14  0.00E+00  0.00E+00  0.00E+00  0.00E+00
  6.10E+00  8.03E-15  0.00E+00  0.00E+00  0.00E+00  0.00E+00
  5.90E+00  4.76E-15  0.00E+00  0.00E+00  0.00E+00  0.00E+00
  5.50E+00  3.95E-15  0.00E+00  0.00E+00  0.00E+00  0.00E+00
  5.30E+00  4.81E-15  0.00E+00  0.00E+00  0.00E+00  0.00E+00
  5.20E+00  6.33E-15  0.00E+00  0.00E+00  0.00E+00  0.00E+00
  5.10E+00  7.83E-15  0.00E+00  0.00E+00  0.00E+00  0.00E+00
  5.00E+00  5.98E-15  0.00E+00  0.00E+00  0.00E+00  0.00E+00
  4.80E+00  3.49E-15  0.00E+00  0.00E+00  0.00E+00  0.00E+00
  4.50E+00  2.76E-15  0.00E+00  0.00E+00  0.00E+00  0.00E+00
  4.00E+00  2.38E-15  0.00E+00  0.00E+00  0.00E+00  0.00E+00
  3.80E+00  2.30E-15  0.00E+00  0.00E+00  0.00E+00  0.00E+00
  3.60E+00  2.32E-15  0.00E+00  0.00E+00  0.00E+00  0.00E+00
  3.40E+00  3.33E-15  0.00E+00  0.00E+00  0.00E+00  0.00E+00
  3.30E+00  6.84E-15  0.00E+00  0.00E+00  0.00E+00  0.00E+00
  3.20E+00  2.97E-15  0.00E+00  0.00E+00  0.00E+00  0.00E+00
  3.15E+00  2.37E-15  0.00E+00  0.00E+00  0.00E+00  0.00E+00
  3.10E+00  2.10E-15  0.00E+00  0.00E+00  0.00E+00  0.00E+00
  3.08E+00  2.03E-15  0.00E+00  0.00E+00  0.00E+00  0.00E+00
  3.05E+00  1.95E-15  0.00E+00  0.00E+00  0.00E+00  0.00E+00
  3.00E+00  1.85E-15  0.00E+00  0.00E+00  0.00E+00  0.00E+00
  2.90E+00  1.72E-15  0.00E+00  0.00E+00  0.00E+00  0.00E+00
  2.80E+00  1.62E-15  0.00E+00  0.00E+00  0.00E+00  0.00E+00
  2.60E+00  1.45E-15  0.00E+00  0.00E+00  0.00E+00  0.00E+00
  2.50E+00  1.36E-15  0.00E+00  0.00E+00  0.00E+00  0.00E+00
  2.20E+00  1.09E-15  0.00E+00  0.00E+00  0.00E+00  0.00E+00
  2.16E+00  1.05E-15  0.00E+00  0.00E+00  0.00E+00  0.00E+00
  2.00E+00  9.00E-16  0.00E+00  0.00E+00  0.00E+00  0.00E+00
  1.66E+00  5.75E-16  0.00E+00  0.00E+00  0.00E+00  0.00E+00
  1.65E+00  5.64E-16  0.00E+00  0.00E+00  0.00E+00  0.00E+00
  1.25E+00  2.27E-16  0.00E+00  0.00E+00  0.00E+00  0.00E+00
  1.23E+00  2.17E-16  0.00E+00  0.00E+00  0.00E+00  0.00E+00
  1.13E+00  1.50E-16  0.00E+00  0.00E+00  0.00E+00  0.00E+00
  1.00E+00  8.37E-17  0.00E+00  0.00E+00  0.00E+00  0.00E+00
  9.50E-01  6.37E-17  0.00E+00  0.00E+00  0.00E+00  0.00E+00
  9.30E-01  5.66E-17  0.00E+00  0.00E+00  0.00E+00  0.00E+00
  9.20E-01  5.32E-17  0.00E+00  0.00E+00  0.00E+00  0.00E+00
  9.10E-01  4.99E-17  0.00E+00  0.00E+00  0.00E+00  0.00E+00
  9.00E-01  4.68E-17  0.00E+00  0.00E+00  0.00E+00  0.00E+00
  8.90E-01  4.38E-17  0.00E+00  0.00E+00  0.00E+00  0.00E+00
  8.80E-01  4.09E-17  0.00E+00  0.00E+00  0.00E+00  0.00E+00
  8.70E-01  3.81E-17  0.00E+00  0.00E+00  0.00E+00  0.00E+00
  8.60E-01  3.55E-17  0.00E+00  0.00E+00  0.00E+00  0.00E+00
  8.50E-01  3.30E-17  0.00E+00  0.00E+00  0.00E+00  0.00E+00
  8.40E-01  3.05E-17  0.00E+00  0.00E+00  0.00E+00  0.00E+00
  8.33E-01  2.89E-17  0.00E+00  0.00E+00  0.00E+00  0.00E+00
  8.20E-01  2.61E-17  0.00E+00  0.00E+00  0.00E+00  0.00E+00
  8.10E-01  2.40E-17  0.00E+00  0.00E+00  0.00E+00  0.00E+00
  8.00E-01  2.21E-17  0.00E+00  0.00E+00  0.00E+00  0.00E+00
  7.90E-01  2.02E-17  0.00E+00  0.00E+00  0.00E+00  0.00E+00
  7.80E-01  1.85E-17  0.00E+00  0.00E+00  0.00E+00  0.00E+00
  7.70E-01  1.68E-17  0.00E+00  0.00E+00  0.00E+00  0.00E+00
  7.60E-01  1.53E-17  0.00E+00  0.00E+00  0.00E+00  0.00E+00
  7.50E-01  1.39E-17  0.00E+00  0.00E+00  0.00E+00  0.00E+00
  7.40E-01  1.25E-17  0.00E+00  0.00E+00  0.00E+00  0.00E+00
  7.30E-01  1.13E-17  0.00E+00  0.00E+00  0.00E+00  0.00E+00
  7.14E-01  9.47E-18  0.00E+00  0.00E+00  0.00E+00  0.00E+00
  7.10E-01  9.05E-18  0.00E+00  0.00E+00  0.00E+00  0.00E+00
  7.00E-01  8.07E-18  0.00E+00  0.00E+00  0.00E+00  0.00E+00
  6.90E-01  7.16E-18  0.00E+00  0.00E+00  0.00E+00  0.00E+00
  6.80E-01  6.34E-18  0.00E+00  0.00E+00  0.00E+00  0.00E+00
  6.70E-01  5.58E-18  0.00E+00  0.00E+00  0.00E+00  0.00E+00
  6.60E-01  4.89E-18  0.00E+00  0.00E+00  0.00E+00  0.00E+00
  6.50E-01  4.27E-18  0.00E+00  0.00E+00  0.00E+00  0.00E+00
  6.40E-01  3.71E-18  0.00E+00  0.00E+00  0.00E+00  0.00E+00
  6.30E-01  3.20E-18  0.00E+00  0.00E+00  0.00E+00  0.00E+00
  6.25E-01  2.97E-18  0.00E+00  0.00E+00  0.00E+00  0.00E+00
  6.20E-01  2.75E-18  0.00E+00  0.00E+00  0.00E+00  0.00E+00
  6.10E-01  2.35E-18  0.00E+00  0.00E+00  0.00E+00  0.00E+00
  6.00E-01  2.00E-18  0.00E+00  0.00E+00  0.00E+00  0.00E+00
  5.90E-01  1.69E-18  0.00E+00  0.00E+00  0.00E+00  0.00E+00
  5.80E-01  1.42E-18  0.00E+00  0.00E+00  0.00E+00  0.00E+00
  5.70E-01  1.18E-18  0.00E+00  0.00E+00  0.00E+00  0.00E+00
  5.60E-01  9.79E-19  0.00E+00  0.00E+00  0.00E+00  0.00E+00
  5.50E-01  8.04E-19  0.00E+00  0.00E+00  0.00E+00  0.00E+00
  5.48E-01  1.13E-18  0.00E+00  0.00E+00  0.00E+00  0.00E+00
  5.40E-01  9.66E-19  0.00E+00  0.00E+00  0.00E+00  0.00E+00
  5.30E-01  7.85E-19  0.00E+00  0.00E+00  0.00E+00  0.00E+00
  5.20E-01  6.32E-19  0.00E+00  0.00E+00  0.00E+00  0.00E+00
  5.10E-01  5.05E-19  0.00E+00  0.00E+00  0.00E+00  0.00E+00
  5.00E-01  3.99E-19  0.00E+00  0.00E+00  0.00E+00  0.00E+00
  4.90E-01  3.13E-19  0.00E+00  0.00E+00  0.00E+00  0.00E+00
  4.88E-01  2.98E-19  0.00E+00  0.00E+00  0.00E+00  0.00E+00
  4.80E-01  2.42E-19  0.00E+00  0.00E+00  0.00E+00  0.00E+00
  4.76E-01  2.18E-19  0.00E+00  0.00E+00  0.00E+00  0.00E+00
  4.70E-01  1.86E-19  0.00E+00  0.00E+00  0.00E+00  0.00E+00
  4.65E-01  1.62E-19  0.00E+00  0.00E+00  0.00E+00  0.00E+00
  4.60E-01  1.41E-19  0.00E+00  0.00E+00  0.00E+00  0.00E+00
  4.55E-01  1.22E-19  0.00E+00  0.00E+00  0.00E+00  0.00E+00
  4.50E-01  1.05E-19  0.00E+00  0.00E+00  0.00E+00  0.00E+00
  4.44E-01  8.78E-20  0.00E+00  0.00E+00  0.00E+00  0.00E+00
  4.35E-01  6.63E-20  0.00E+00  0.00E+00  0.00E+00  0.00E+00
  4.17E-01  3.64E-20  0.00E+00  0.00E+00  0.00E+00  0.00E+00
  4.00E-01  1.97E-20  0.00E+00  0.00E+00  0.00E+00  0.00E+00
  3.85E-01  1.10E-20  0.00E+00  0.00E+00  0.00E+00  0.00E+00
  3.66E-01  4.79E-21  0.00E+00  0.00E+00  0.00E+00  0.00E+00
  3.57E-01  3.23E-21  0.00E+00  0.00E+00  0.00E+00  0.00E+00
  3.33E-01  9.76E-22  0.00E+00  0.00E+00  0.00E+00  0.00E+00
  3.13E-01  3.19E-22  0.00E+00  0.00E+00  0.00E+00  0.00E+00
  3.00E-01  1.45E-22  0.00E+00  0.00E+00  0.00E+00  0.00E+00
  2.94E-01  9.88E-23  0.00E+00  0.00E+00  0.00E+00  0.00E+00
  2.78E-01  3.38E-23  0.00E+00  0.00E+00  0.00E+00  0.00E+00
  2.63E-01  1.16E-23  0.00E+00  0.00E+00  0.00E+00  0.00E+00
  2.50E-01  4.27E-24  0.00E+00  0.00E+00  0.00E+00  0.00E+00
  2.38E-01  1.48E-24  0.00E+00  0.00E+00  0.00E+00  0.00E+00
  2.27E-01  3.90E-25  0.00E+00  0.00E+00  0.00E+00  0.00E+00
  2.17E-01  6.78E-26  0.00E+00  0.00E+00  0.00E+00  0.00E+00
  2.08E-01  9.88E-27  0.00E+00  0.00E+00  0.00E+00  0.00E+00
  2.00E-01  1.53E-27  0.00E+00  0.00E+00  0.00E+00  0.00E+00
  1.92E-01  2.13E-28  0.00E+00  0.00E+00  0.00E+00  0.00E+00
  1.85E-01  3.51E-29  0.00E+00  0.00E+00  0.00E+00  0.00E+00
  1.79E-01  7.01E-30  0.00E+00  0.00E+00  0.00E+00  0.00E+00
  1.72E-01  9.78E-31  0.00E+00  0.00E+00  0.00E+00  0.00E+00
  1.67E-01  2.24E-31  0.00E+00  0.00E+00  0.00E+00  0.00E+00
  1.61E-01  3.53E-32  0.00E+00  0.00E+00  0.00E+00  0.00E+00
  1.56E-01  0.00E+00  0.00E+00  0.00E+00  0.00E+00  0.00E+00
  1.52E-01  0.00E+00  0.00E+00  0.00E+00  0.00E+00  0.00E+00
  1.47E-01  0.00E+00  0.00E+00  0.00E+00  0.00E+00  0.00E+00
  1.43E-01  0.00E+00  0.00E+00  0.00E+00  0.00E+00  0.00E+00
  1.39E-01  0.00E+00  0.00E+00  0.00E+00  0.00E+00  0.00E+00
  1.35E-01  0.00E+00  0.00E+00  0.00E+00  0.00E+00  0.00E+00
  1.32E-01  0.00E+00  0.00E+00  0.00E+00  0.00E+00  0.00E+00
  1.28E-01  0.00E+00  0.00E+00  0.00E+00  0.00E+00  0.00E+00
  1.25E-01  0.00E+00  0.00E+00  0.00E+00  0.00E+00  0.00E+00
  1.22E-01  0.00E+00  0.00E+00  0.00E+00  0.00E+00  0.00E+00
  1.19E-01  0.00E+00  0.00E+00  0.00E+00  0.00E+00  0.00E+00
  1.16E-01  0.00E+00  0.00E+00  0.00E+00  0.00E+00  0.00E+00
  1.14E-01  0.00E+00  0.00E+00  0.00E+00  0.00E+00  0.00E+00
  1.11E-01  0.00E+00  0.00E+00  0.00E+00  0.00E+00  0.00E+00
  1.08E-01  0.00E+00  0.00E+00  0.00E+00  0.00E+00  0.00E+00
  1.05E-01  0.00E+00  0.00E+00  0.00E+00  0.00E+00  0.00E+00
  1.03E-01  0.00E+00  0.00E+00  0.00E+00  0.00E+00  0.00E+00
  1.00E-01  0.00E+00  0.00E+00  0.00E+00  0.00E+00  0.00E+00
  9.75E-02  0.00E+00  0.00E+00  0.00E+00  0.00E+00  0.00E+00
  9.50E-02  0.00E+00  0.00E+00  0.00E+00  0.00E+00  0.00E+00
  9.25E-02  0.00E+00  0.00E+00  0.00E+00  0.00E+00  0.00E+00
  9.08E-02  0.00E+00  0.00E+00  0.00E+00  0.00E+00  0.00E+00
