 # Optical depth (Siebenmorgen 2023, A&A 670A,115; SC 2023 doi: 10.48550/arXiv.2311.03310)
 # wel(cm) sa_aC    ss_aC    sa_Si    ss_Si    sa_vgr   ss_vgr   sa_vsi   ss_vsi   s_pahS+B sa_Dark  ss_Dark sigt 
 # ------------------------------------------------------------------------------------------------------------- 
1.000E+00 1.76E-07 8.68E-17 5.08E-07 9.01E-17 9.09E-09 7.97E-23 1.52E-07 2.38E-22 4.48E-12 1.32E-06 1.65E-14 2.164E-06
9.000E-01 2.06E-07 1.32E-16 6.00E-07 1.37E-16 1.16E-08 1.21E-22 1.81E-07 3.62E-22 5.53E-12 1.53E-06 2.51E-14 2.532E-06
8.000E-01 2.46E-07 2.12E-16 7.22E-07 2.20E-16 1.51E-08 1.95E-22 2.20E-07 5.80E-22 7.00E-12 1.82E-06 4.01E-14 3.022E-06
7.000E-01 3.01E-07 3.61E-16 8.93E-07 3.75E-16 2.03E-08 3.32E-22 2.71E-07 9.90E-22 9.14E-12 2.21E-06 6.83E-14 3.691E-06
6.000E-01 3.81E-07 6.69E-16 1.14E-06 6.96E-16 2.82E-08 6.15E-22 3.48E-07 1.83E-21 1.24E-11 2.76E-06 1.26E-13 4.658E-06
5.500E-01 4.35E-07 9.47E-16 1.31E-06 9.85E-16 3.37E-08 8.71E-22 4.01E-07 2.60E-21 1.48E-11 3.13E-06 1.79E-13 5.316E-06
5.000E-01 5.04E-07 1.39E-15 1.53E-06 1.44E-15 4.09E-08 1.28E-21 4.65E-07 3.80E-21 1.79E-11 3.60E-06 2.61E-13 6.141E-06
4.500E-01 5.94E-07 2.11E-15 1.81E-06 2.20E-15 5.03E-08 1.94E-21 5.54E-07 5.79E-21 2.21E-11 4.21E-06 3.98E-13 7.215E-06
4.000E-01 7.14E-07 3.38E-15 2.18E-06 3.52E-15 6.31E-08 3.11E-21 6.66E-07 9.27E-21 2.80E-11 5.01E-06 6.36E-13 8.636E-06
3.500E-01 8.81E-07 5.77E-15 2.71E-06 6.01E-15 8.08E-08 5.31E-21 8.34E-07 1.58E-20 3.66E-11 6.11E-06 1.08E-12 1.061E-05
3.000E-01 1.13E-06 1.07E-14 3.47E-06 1.11E-14 1.06E-07 9.84E-21 1.06E-06 2.93E-20 4.98E-11 7.69E-06 2.00E-12 1.346E-05
2.500E-01 1.51E-06 2.21E-14 4.67E-06 2.31E-14 1.45E-07 2.04E-20 1.42E-06 6.07E-20 7.17E-11 1.01E-05 4.13E-12 1.787E-05
2.098E-01 2.00E-06 4.46E-14 6.21E-06 4.66E-14 1.93E-07 4.11E-20 1.89E-06 1.22E-19 1.02E-10 1.32E-05 8.30E-12 2.352E-05
1.500E-01 3.48E-06 1.70E-13 1.07E-05 1.78E-13 3.68E-07 1.57E-19 3.24E-06 4.67E-19 1.99E-10 2.22E-05 3.16E-11 4.002E-05
1.382E-01 3.99E-06 2.36E-13 1.23E-05 2.47E-13 4.34E-07 2.18E-19 3.71E-06 6.48E-19 2.35E-10 2.52E-05 4.37E-11 4.565E-05
1.320E-01 4.31E-06 2.84E-13 1.33E-05 2.97E-13 4.75E-07 2.63E-19 3.99E-06 7.79E-19 2.57E-10 2.71E-05 5.25E-11 4.914E-05
1.150E-01 5.45E-06 4.93E-13 1.66E-05 5.15E-13 6.23E-07 4.56E-19 4.99E-06 1.35E-18 3.39E-10 3.37E-05 9.08E-11 6.139E-05
1.000E-01 6.93E-06 8.61E-13 2.09E-05 9.02E-13 8.18E-07 7.97E-19 6.23E-06 2.36E-18 4.48E-10 4.21E-05 1.58E-10 7.703E-05
9.970E-02 6.97E-06 8.72E-13 2.10E-05 9.13E-13 8.23E-07 8.06E-19 6.26E-06 2.39E-18 4.51E-10 4.23E-05 1.60E-10 7.742E-05
8.670E-02 8.77E-06 1.52E-12 2.65E-05 1.60E-12 1.09E-06 1.41E-18 7.85E-06 4.18E-18 5.96E-10 5.26E-05 2.79E-10 9.683E-05
8.500E-02 9.09E-06 1.65E-12 2.74E-05 1.73E-12 1.13E-06 1.53E-18 8.11E-06 4.52E-18 6.20E-10 5.44E-05 3.02E-10 1.001E-04
7.500E-02 1.15E-05 2.72E-12 3.37E-05 2.85E-12 1.44E-06 2.52E-18 9.90E-06 7.46E-18 7.97E-10 6.79E-05 4.97E-10 1.245E-04
6.000E-02 1.70E-05 6.64E-12 4.87E-05 7.01E-12 2.21E-06 6.15E-18 1.44E-05 1.82E-17 1.25E-09 9.62E-05 1.20E-09 1.784E-04
5.500E-02 1.97E-05 9.41E-12 5.46E-05 9.97E-12 2.61E-06 8.70E-18 1.68E-05 2.58E-17 1.48E-09 1.11E-04 1.70E-09 2.044E-04
5.000E-02 2.34E-05 1.38E-11 6.76E-05 1.47E-11 3.11E-06 1.27E-17 1.99E-05 3.78E-17 1.79E-09 1.31E-04 2.49E-09 2.453E-04
4.500E-02 2.88E-05 2.10E-11 8.96E-05 2.26E-11 3.80E-06 1.94E-17 2.44E-05 5.77E-17 2.21E-09 1.60E-04 3.79E-09 3.066E-04
4.000E-02 3.70E-05 3.38E-11 1.20E-04 3.65E-11 4.73E-06 3.11E-17 3.08E-05 9.25E-17 2.80E-09 2.00E-04 6.05E-09 3.929E-04
3.500E-02 4.64E-05 5.76E-11 1.82E-04 6.29E-11 6.06E-06 5.31E-17 4.08E-05 1.58E-16 3.66E-09 2.46E-04 1.03E-08 5.212E-04
3.000E-02 6.56E-05 1.07E-10 2.84E-04 1.17E-10 8.08E-06 9.83E-17 5.72E-05 2.93E-16 4.99E-09 3.35E-04 1.89E-08 7.501E-04
2.750E-02 7.83E-05 1.52E-10 3.58E-04 1.66E-10 9.52E-06 1.39E-16 6.99E-05 4.16E-16 5.94E-09 3.89E-04 2.66E-08 9.049E-04
2.500E-02 9.43E-05 2.23E-10 4.56E-04 2.43E-10 1.14E-05 2.04E-16 8.76E-05 6.09E-16 7.18E-09 4.63E-04 3.89E-08 1.112E-03
2.400E-02 1.04E-04 2.63E-10 5.04E-04 2.86E-10 1.23E-05 2.40E-16 9.56E-05 7.16E-16 7.80E-09 4.96E-04 4.56E-08 1.212E-03
2.000E-02 1.52E-04 5.50E-10 7.84E-04 5.82E-10 1.74E-05 4.99E-16 1.39E-04 1.48E-15 1.12E-08 6.92E-04 9.36E-08 1.783E-03
1.800E-02 1.89E-04 8.45E-10 9.71E-04 8.71E-10 2.14E-05 7.61E-16 1.72E-04 2.26E-15 1.39E-08 8.44E-04 1.42E-07 2.198E-03
1.600E-02 2.52E-04 1.37E-09 1.21E-03 1.36E-09 2.71E-05 1.22E-15 2.20E-04 3.63E-15 1.76E-08 1.05E-03 2.25E-07 2.759E-03
1.500E-02 3.00E-04 1.78E-09 1.35E-03 1.74E-09 3.09E-05 1.58E-15 2.49E-04 4.70E-15 2.00E-08 1.19E-03 2.88E-07 3.122E-03
1.400E-02 3.41E-04 2.35E-09 1.51E-03 2.26E-09 3.56E-05 2.09E-15 2.88E-04 6.19E-15 2.30E-08 1.32E-03 3.77E-07 3.496E-03
1.200E-02 5.22E-04 4.40E-09 1.92E-03 4.04E-09 4.96E-05 3.89E-15 3.94E-04 1.15E-14 3.14E-08 1.75E-03 6.78E-07 4.640E-03
1.000E-02 7.93E-04 9.25E-09 2.53E-03 7.97E-09 7.50E-05 8.12E-15 5.76E-04 2.39E-14 4.55E-08 2.35E-03 1.37E-06 6.326E-03
9.000E-03 1.06E-03 1.43E-08 2.88E-03 1.18E-08 9.63E-05 1.24E-14 7.18E-04 3.64E-14 5.63E-08 2.83E-03 2.04E-06 7.584E-03
8.000E-03 1.40E-03 2.24E-08 3.33E-03 1.86E-08 1.29E-04 2.01E-14 9.21E-04 5.84E-14 7.17E-08 3.31E-03 3.15E-06 9.090E-03
7.500E-03 1.63E-03 2.93E-08 3.69E-03 2.40E-08 1.52E-04 2.61E-14 1.06E-03 7.56E-14 8.18E-08 3.72E-03 4.04E-06 1.025E-02
7.000E-03 1.97E-03 3.82E-08 4.13E-03 3.14E-08 1.82E-04 3.46E-14 1.22E-03 9.96E-14 9.43E-08 4.14E-03 5.19E-06 1.165E-02
6.000E-03 2.79E-03 6.87E-08 5.29E-03 5.72E-08 2.81E-04 6.53E-14 1.70E-03 1.84E-13 1.30E-07 5.23E-03 9.18E-06 1.530E-02
5.000E-03 3.90E-03 1.32E-07 7.48E-03 1.16E-07 4.93E-04 1.39E-13 2.51E-03 3.81E-13 1.91E-07 6.77E-03 1.80E-05 2.118E-02
4.500E-03 4.73E-03 1.88E-07 9.12E-03 1.72E-07 6.97E-04 2.14E-13 3.14E-03 5.77E-13 2.40E-07 7.91E-03 2.63E-05 2.562E-02
4.000E-03 5.52E-03 2.75E-07 1.13E-02 2.56E-07 1.02E-03 3.40E-13 4.01E-03 9.15E-13 3.13E-07 9.28E-03 4.01E-05 3.116E-02
3.500E-03 6.55E-03 4.27E-07 1.38E-02 4.01E-07 1.42E-03 5.44E-13 5.22E-03 1.54E-12 4.29E-07 1.12E-02 6.50E-05 3.826E-02
3.000E-03 7.88E-03 6.89E-07 1.68E-02 6.37E-07 1.50E-03 8.51E-13 7.14E-03 2.81E-12 6.47E-07 1.40E-02 1.12E-04 4.738E-02
2.750E-03 8.52E-03 8.92E-07 1.83E-02 8.16E-07 1.29E-03 1.10E-12 8.58E-03 3.92E-12 8.65E-07 1.57E-02 1.50E-04 5.253E-02
2.500E-03 9.07E-03 1.18E-06 1.99E-02 1.06E-06 1.02E-03 1.51E-12 1.05E-02 5.65E-12 1.41E-06 1.78E-02 2.07E-04 5.850E-02
2.400E-03 9.36E-03 1.34E-06 2.05E-02 1.19E-06 9.11E-04 1.75E-12 1.15E-02 6.56E-12 1.95E-06 1.88E-02 2.37E-04 6.128E-02
2.350E-03 9.54E-03 1.43E-06 2.09E-02 1.26E-06 8.61E-04 1.90E-12 1.20E-02 7.08E-12 2.29E-06 1.94E-02 2.54E-04 6.288E-02
2.320E-03 9.63E-03 1.48E-06 2.11E-02 1.30E-06 8.33E-04 1.99E-12 1.23E-02 7.42E-12 2.47E-06 1.97E-02 2.64E-04 6.384E-02
2.310E-03 9.66E-03 1.50E-06 2.12E-02 1.32E-06 8.24E-04 2.02E-12 1.24E-02 7.53E-12 2.51E-06 1.98E-02 2.68E-04 6.417E-02
2.300E-03 9.69E-03 1.52E-06 2.13E-02 1.34E-06 8.14E-04 2.06E-12 1.26E-02 7.65E-12 2.55E-06 1.99E-02 2.71E-04 6.449E-02
2.250E-03 9.83E-03 1.62E-06 2.17E-02 1.42E-06 7.70E-04 2.24E-12 1.32E-02 8.31E-12 2.65E-06 2.05E-02 2.91E-04 6.627E-02
2.200E-03 9.96E-03 1.73E-06 2.22E-02 1.51E-06 7.29E-04 2.45E-12 1.39E-02 8.99E-12 2.78E-06 2.11E-02 3.12E-04 6.822E-02
2.150E-03 1.01E-02 1.86E-06 2.27E-02 1.60E-06 6.91E-04 2.68E-12 1.46E-02 9.72E-12 3.04E-06 2.17E-02 3.33E-04 7.023E-02
2.120E-03 1.02E-02 1.93E-06 2.30E-02 1.65E-06 6.70E-04 2.84E-12 1.51E-02 1.02E-11 3.17E-06 2.21E-02 3.47E-04 7.149E-02
2.110E-03 1.03E-02 1.96E-06 2.31E-02 1.67E-06 6.63E-04 2.89E-12 1.53E-02 1.04E-11 3.19E-06 2.23E-02 3.52E-04 7.192E-02
2.100E-03 1.03E-02 1.98E-06 2.32E-02 1.69E-06 6.56E-04 2.95E-12 1.54E-02 1.05E-11 3.19E-06 2.24E-02 3.56E-04 7.234E-02
2.080E-03 1.03E-02 2.03E-06 2.34E-02 1.72E-06 6.43E-04 3.06E-12 1.58E-02 1.09E-11 3.17E-06 2.26E-02 3.65E-04 7.308E-02
2.000E-03 1.04E-02 2.29E-06 2.40E-02 1.85E-06 5.96E-04 3.59E-12 1.73E-02 1.23E-11 3.03E-06 2.36E-02 4.07E-04 7.637E-02
1.950E-03 1.06E-02 2.48E-06 2.43E-02 1.92E-06 5.71E-04 3.98E-12 1.83E-02 1.31E-11 3.26E-06 2.42E-02 4.29E-04 7.835E-02
1.900E-03 1.08E-02 2.70E-06 2.43E-02 1.96E-06 5.48E-04 4.42E-12 1.90E-02 1.37E-11 3.93E-06 2.47E-02 4.51E-04 7.983E-02
1.850E-03 1.10E-02 2.95E-06 2.41E-02 1.98E-06 5.28E-04 4.93E-12 1.95E-02 1.40E-11 5.03E-06 2.49E-02 4.71E-04 8.044E-02
1.830E-03 1.11E-02 3.05E-06 2.39E-02 1.98E-06 5.20E-04 5.15E-12 1.95E-02 1.41E-11 5.42E-06 2.49E-02 4.77E-04 8.045E-02
1.820E-03 1.11E-02 3.09E-06 2.38E-02 1.97E-06 5.17E-04 5.27E-12 1.95E-02 1.41E-11 5.55E-06 2.49E-02 4.80E-04 8.035E-02
1.810E-03 1.11E-02 3.15E-06 2.37E-02 1.97E-06 5.13E-04 5.39E-12 1.95E-02 1.42E-11 5.63E-06 2.49E-02 4.84E-04 8.017E-02
1.800E-03 1.12E-02 3.21E-06 2.35E-02 1.96E-06 5.10E-04 5.51E-12 1.94E-02 1.42E-11 5.67E-06 2.48E-02 4.88E-04 7.999E-02
1.750E-03 1.14E-02 3.50E-06 2.24E-02 1.91E-06 4.95E-04 6.18E-12 1.89E-02 1.43E-11 5.81E-06 2.46E-02 5.07E-04 7.838E-02
1.700E-03 1.15E-02 3.83E-06 2.07E-02 1.83E-06 4.83E-04 6.96E-12 1.80E-02 1.44E-11 7.08E-06 2.40E-02 5.31E-04 7.533E-02
1.670E-03 1.17E-02 4.07E-06 1.94E-02 1.78E-06 4.78E-04 7.48E-12 1.73E-02 1.45E-11 8.32E-06 2.37E-02 5.50E-04 7.322E-02
1.650E-03 1.18E-02 4.25E-06 1.84E-02 1.75E-06 4.75E-04 7.86E-12 1.68E-02 1.47E-11 8.76E-06 2.35E-02 5.66E-04 7.164E-02
1.640E-03 1.19E-02 4.33E-06 1.79E-02 1.73E-06 4.73E-04 8.06E-12 1.65E-02 1.48E-11 8.75E-06 2.34E-02 5.73E-04 7.077E-02
1.630E-03 1.19E-02 4.41E-06 1.73E-02 1.73E-06 4.72E-04 8.26E-12 1.63E-02 1.49E-11 8.58E-06 2.33E-02 5.80E-04 6.988E-02
1.610E-03 1.21E-02 4.58E-06 1.61E-02 1.72E-06 4.69E-04 8.69E-12 1.57E-02 1.53E-11 8.04E-06 2.31E-02 5.99E-04 6.800E-02
1.600E-03 1.21E-02 4.68E-06 1.55E-02 1.73E-06 4.68E-04 8.91E-12 1.54E-02 1.55E-11 7.78E-06 2.29E-02 6.09E-04 6.704E-02
1.590E-03 1.22E-02 4.77E-06 1.48E-02 1.74E-06 4.67E-04 9.14E-12 1.52E-02 1.57E-11 7.60E-06 2.28E-02 6.20E-04 6.609E-02
1.580E-03 1.22E-02 4.86E-06 1.42E-02 1.77E-06 4.66E-04 9.38E-12 1.49E-02 1.60E-11 7.48E-06 2.27E-02 6.31E-04 6.514E-02
1.570E-03 1.22E-02 4.95E-06 1.36E-02 1.80E-06 4.66E-04 9.62E-12 1.46E-02 1.63E-11 7.36E-06 2.26E-02 6.44E-04 6.414E-02
1.560E-03 1.23E-02 5.07E-06 1.30E-02 1.85E-06 4.65E-04 9.88E-12 1.43E-02 1.66E-11 7.21E-06 2.25E-02 6.58E-04 6.326E-02
1.540E-03 1.25E-02 5.28E-06 1.19E-02 1.99E-06 4.64E-04 1.04E-11 1.38E-02 1.74E-11 7.06E-06 2.23E-02 6.86E-04 6.171E-02
1.520E-03 1.26E-02 5.47E-06 1.11E-02 2.18E-06 4.64E-04 1.10E-11 1.33E-02 1.84E-11 7.44E-06 2.21E-02 7.18E-04 6.027E-02
1.510E-03 1.26E-02 5.57E-06 1.08E-02 2.30E-06 4.64E-04 1.13E-11 1.31E-02 1.89E-11 7.67E-06 2.20E-02 7.35E-04 5.967E-02
1.500E-03 1.26E-02 5.67E-06 1.06E-02 2.43E-06 4.64E-04 1.16E-11 1.28E-02 1.95E-11 7.73E-06 2.19E-02 7.54E-04 5.913E-02
1.450E-03 1.28E-02 6.33E-06 1.01E-02 3.17E-06 4.67E-04 1.33E-11 1.18E-02 2.36E-11 9.77E-06 2.16E-02 8.82E-04 5.768E-02
1.440E-03 1.29E-02 6.47E-06 1.01E-02 3.33E-06 4.67E-04 1.37E-11 1.17E-02 2.47E-11 1.08E-05 2.16E-02 9.13E-04 5.760E-02
1.430E-03 1.29E-02 6.61E-06 1.01E-02 3.49E-06 4.69E-04 1.41E-11 1.16E-02 2.60E-11 1.17E-05 2.17E-02 9.50E-04 5.772E-02
1.420E-03 1.30E-02 6.76E-06 1.01E-02 3.65E-06 4.70E-04 1.45E-11 1.16E-02 2.73E-11 1.21E-05 2.17E-02 9.89E-04 5.784E-02
1.400E-03 1.31E-02 7.09E-06 1.01E-02 4.01E-06 4.72E-04 1.53E-11 1.17E-02 3.04E-11 1.32E-05 2.21E-02 1.08E-03 5.852E-02
1.380E-03 1.32E-02 7.41E-06 1.02E-02 4.40E-06 4.76E-04 1.63E-11 1.20E-02 3.39E-11 1.67E-05 2.26E-02 1.18E-03 5.961E-02
1.370E-03 1.33E-02 7.59E-06 1.02E-02 4.61E-06 4.77E-04 1.68E-11 1.23E-02 3.59E-11 1.98E-05 2.30E-02 1.23E-03 6.045E-02
1.360E-03 1.33E-02 7.78E-06 1.02E-02 4.83E-06 4.80E-04 1.73E-11 1.27E-02 3.79E-11 2.30E-05 2.34E-02 1.29E-03 6.142E-02
1.350E-03 1.34E-02 7.98E-06 1.02E-02 5.06E-06 4.82E-04 1.78E-11 1.30E-02 4.00E-11 2.46E-05 2.39E-02 1.35E-03 6.244E-02
1.340E-03 1.35E-02 8.17E-06 1.03E-02 5.31E-06 4.84E-04 1.83E-11 1.35E-02 4.21E-11 2.66E-05 2.44E-02 1.40E-03 6.359E-02
1.330E-03 1.36E-02 8.35E-06 1.03E-02 5.58E-06 4.86E-04 1.89E-11 1.40E-02 4.42E-11 3.08E-05 2.49E-02 1.46E-03 6.479E-02
1.320E-03 1.37E-02 8.55E-06 1.04E-02 5.86E-06 4.89E-04 1.95E-11 1.44E-02 4.65E-11 3.80E-05 2.55E-02 1.52E-03 6.603E-02
1.310E-03 1.37E-02 8.73E-06 1.05E-02 6.16E-06 4.92E-04 2.01E-11 1.50E-02 4.88E-11 4.98E-05 2.60E-02 1.58E-03 6.734E-02
1.290E-03 1.38E-02 9.11E-06 1.08E-02 6.82E-06 4.98E-04 2.14E-11 1.60E-02 5.38E-11 1.02E-04 2.71E-02 1.71E-03 7.002E-02
1.280E-03 1.38E-02 9.33E-06 1.09E-02 7.17E-06 5.01E-04 2.21E-11 1.67E-02 5.65E-11 1.50E-04 2.78E-02 1.78E-03 7.163E-02
1.270E-03 1.38E-02 9.58E-06 1.10E-02 7.56E-06 5.04E-04 2.28E-11 1.74E-02 5.93E-11 1.82E-04 2.84E-02 1.85E-03 7.325E-02
1.260E-03 1.39E-02 9.82E-06 1.12E-02 8.02E-06 5.07E-04 2.35E-11 1.81E-02 6.21E-11 1.57E-04 2.91E-02 1.92E-03 7.490E-02
1.250E-03 1.39E-02 1.01E-05 1.14E-02 8.51E-06 5.11E-04 2.43E-11 1.88E-02 6.50E-11 1.16E-04 2.98E-02 1.99E-03 7.662E-02
1.220E-03 1.42E-02 1.10E-05 1.30E-02 1.06E-05 5.22E-04 2.68E-11 2.11E-02 7.44E-11 9.03E-05 3.20E-02 2.22E-03 8.325E-02
1.210E-03 1.43E-02 1.12E-05 1.42E-02 1.14E-05 5.26E-04 2.77E-11 2.20E-02 7.79E-11 1.04E-04 3.28E-02 2.30E-03 8.627E-02
1.200E-03 1.43E-02 1.15E-05 1.57E-02 1.22E-05 5.29E-04 2.87E-11 2.30E-02 8.16E-11 1.15E-04 3.36E-02 2.37E-03 8.966E-02
1.190E-03 1.44E-02 1.19E-05 1.74E-02 1.29E-05 5.33E-04 2.97E-11 2.40E-02 8.54E-11 1.15E-04 3.45E-02 2.46E-03 9.336E-02
1.180E-03 1.45E-02 1.22E-05 1.90E-02 1.35E-05 5.38E-04 3.07E-11 2.50E-02 8.89E-11 1.14E-04 3.53E-02 2.52E-03 9.699E-02
1.170E-03 1.46E-02 1.25E-05 2.05E-02 1.40E-05 5.42E-04 3.18E-11 2.61E-02 9.27E-11 1.27E-04 3.61E-02 2.59E-03 1.005E-01
1.160E-03 1.47E-02 1.28E-05 2.19E-02 1.44E-05 5.49E-04 3.32E-11 2.71E-02 9.65E-11 1.63E-04 3.68E-02 2.66E-03 1.038E-01
1.150E-03 1.47E-02 1.31E-05 2.30E-02 1.47E-05 7.71E-04 3.28E-11 2.81E-02 1.00E-10 2.38E-04 3.75E-02 2.73E-03 1.071E-01
1.140E-03 1.47E-02 1.35E-05 2.40E-02 1.51E-05 5.72E-04 3.49E-11 2.92E-02 1.05E-10 3.58E-04 3.83E-02 2.80E-03 1.100E-01
1.130E-03 1.48E-02 1.38E-05 2.49E-02 1.54E-05 5.72E-04 3.63E-11 3.04E-02 1.10E-10 4.37E-04 3.90E-02 2.88E-03 1.130E-01
1.120E-03 1.48E-02 1.42E-05 2.57E-02 1.57E-05 5.75E-04 3.77E-11 3.17E-02 1.14E-10 3.52E-04 3.98E-02 2.95E-03 1.160E-01
1.110E-03 1.49E-02 1.46E-05 2.65E-02 1.61E-05 5.80E-04 3.91E-11 3.30E-02 1.19E-10 2.24E-04 4.06E-02 3.02E-03 1.189E-01
1.090E-03 1.50E-02 1.55E-05 2.81E-02 1.67E-05 5.92E-04 4.21E-11 3.58E-02 1.30E-10 9.32E-05 4.21E-02 3.16E-03 1.249E-01
1.050E-03 1.53E-02 1.77E-05 3.08E-02 1.80E-05 6.20E-04 4.89E-11 4.33E-02 1.54E-10 3.11E-05 4.55E-02 3.40E-03 1.390E-01
1.000E-03 1.58E-02 2.08E-05 3.35E-02 1.89E-05 6.61E-04 5.95E-11 5.01E-02 1.65E-10 1.58E-05 4.70E-02 3.39E-03 1.505E-01
9.800E-04 1.60E-02 2.23E-05 3.40E-02 1.88E-05 6.79E-04 6.46E-11 5.26E-02 1.70E-10 1.38E-05 4.75E-02 3.40E-03 1.542E-01
9.600E-04 1.62E-02 2.39E-05 3.37E-02 1.83E-05 6.99E-04 7.01E-11 5.50E-02 1.71E-10 1.28E-05 4.77E-02 3.33E-03 1.568E-01
9.500E-04 1.64E-02 2.47E-05 3.33E-02 1.79E-05 7.10E-04 7.32E-11 5.55E-02 1.68E-10 1.27E-05 4.76E-02 3.25E-03 1.569E-01
9.400E-04 1.65E-02 2.54E-05 3.26E-02 1.75E-05 7.21E-04 7.63E-11 5.54E-02 1.60E-10 1.27E-05 4.70E-02 3.14E-03 1.554E-01
9.200E-04 1.67E-02 2.71E-05 3.10E-02 1.67E-05 7.44E-04 8.32E-11 5.16E-02 1.33E-10 1.35E-05 4.47E-02 2.84E-03 1.476E-01
8.900E-04 1.71E-02 3.03E-05 2.74E-02 1.56E-05 7.82E-04 9.50E-11 4.07E-02 8.55E-11 1.96E-05 3.98E-02 2.44E-03 1.283E-01
8.700E-04 1.72E-02 3.23E-05 2.47E-02 1.53E-05 8.10E-04 1.04E-10 3.39E-02 6.35E-11 4.33E-05 3.65E-02 2.31E-03 1.156E-01
8.600E-04 1.74E-02 3.36E-05 2.35E-02 1.53E-05 8.25E-04 1.09E-10 3.12E-02 5.60E-11 6.51E-05 3.53E-02 2.29E-03 1.105E-01
8.500E-04 1.74E-02 3.48E-05 2.21E-02 1.53E-05 8.41E-04 1.14E-10 2.87E-02 4.99E-11 4.66E-05 3.41E-02 2.27E-03 1.056E-01
8.400E-04 1.76E-02 3.63E-05 2.06E-02 1.53E-05 8.56E-04 1.20E-10 2.62E-02 4.37E-11 3.36E-05 3.30E-02 2.26E-03 1.006E-01
8.200E-04 1.77E-02 3.87E-05 1.72E-02 1.57E-05 8.90E-04 1.32E-10 2.02E-02 3.14E-11 3.42E-05 2.99E-02 2.21E-03 8.823E-02
8.000E-04 1.79E-02 4.19E-05 1.39E-02 1.74E-05 9.25E-04 1.45E-10 1.38E-02 2.42E-11 4.98E-05 2.67E-02 2.29E-03 7.565E-02
7.900E-04 1.81E-02 4.36E-05 1.26E-02 1.87E-05 9.44E-04 1.53E-10 1.16E-02 2.61E-11 6.20E-05 2.57E-02 2.44E-03 7.155E-02
7.800E-04 1.82E-02 4.51E-05 1.16E-02 2.02E-05 9.62E-04 1.61E-10 9.46E-03 2.95E-11 7.41E-05 2.46E-02 2.59E-03 6.748E-02
7.700E-04 1.82E-02 4.68E-05 1.07E-02 2.19E-05 9.82E-04 1.69E-10 7.78E-03 3.51E-11 7.96E-05 2.37E-02 2.79E-03 6.432E-02
7.600E-04 1.82E-02 4.87E-05 9.94E-03 2.38E-05 1.00E-03 1.78E-10 6.61E-03 4.29E-11 7.40E-05 2.32E-02 3.03E-03 6.211E-02
7.500E-04 1.83E-02 5.07E-05 9.27E-03 2.59E-05 1.02E-03 1.88E-10 5.54E-03 5.21E-11 6.13E-05 2.27E-02 3.30E-03 6.017E-02
7.300E-04 1.85E-02 5.55E-05 8.21E-03 3.06E-05 1.07E-03 2.09E-10 4.65E-03 7.44E-11 3.83E-05 2.25E-02 3.93E-03 5.897E-02
7.200E-04 1.85E-02 5.77E-05 7.89E-03 3.33E-05 1.09E-03 2.21E-10 4.49E-03 8.60E-11 3.20E-05 2.26E-02 4.23E-03 5.889E-02
7.100E-04 1.85E-02 6.04E-05 7.68E-03 3.61E-05 1.12E-03 2.34E-10 4.36E-03 9.89E-11 3.14E-05 2.26E-02 4.57E-03 5.899E-02
7.000E-04 1.87E-02 6.34E-05 7.48E-03 3.89E-05 1.14E-03 2.48E-10 4.32E-03 1.12E-10 4.34E-05 2.28E-02 4.92E-03 5.955E-02
6.900E-04 1.88E-02 6.57E-05 7.18E-03 4.19E-05 1.17E-03 2.62E-10 4.29E-03 1.26E-10 2.56E-05 2.29E-02 5.24E-03 5.970E-02
6.800E-04 1.85E-02 6.82E-05 6.81E-03 4.50E-05 1.20E-03 2.78E-10 4.29E-03 1.40E-10 2.00E-05 2.27E-02 5.60E-03 5.925E-02
6.600E-04 1.86E-02 7.69E-05 6.14E-03 5.24E-05 1.26E-03 3.13E-10 4.29E-03 1.73E-10 1.92E-05 2.31E-02 6.50E-03 6.007E-02
6.400E-04 1.91E-02 8.69E-05 5.32E-03 6.11E-05 1.32E-03 3.53E-10 4.28E-03 2.09E-10 2.90E-05 2.39E-02 7.44E-03 6.155E-02
6.300E-04 1.95E-02 9.16E-05 4.97E-03 6.64E-05 1.33E-03 3.77E-10 4.27E-03 2.29E-10 4.51E-05 2.43E-02 7.88E-03 6.246E-02
6.200E-04 1.96E-02 9.59E-05 4.89E-03 7.23E-05 1.39E-03 4.01E-10 4.25E-03 2.52E-10 6.12E-05 2.44E-02 8.34E-03 6.312E-02
6.100E-04 1.98E-02 1.01E-04 4.87E-03 7.79E-05 1.43E-03 4.28E-10 4.22E-03 2.75E-10 4.45E-05 2.47E-02 8.86E-03 6.405E-02
5.900E-04 2.05E-02 1.14E-04 4.00E-03 9.08E-05 1.51E-03 4.88E-10 4.16E-03 3.30E-10 2.02E-05 2.55E-02 9.93E-03 6.590E-02
5.500E-04 1.97E-02 1.37E-04 2.97E-03 1.28E-04 1.69E-03 6.45E-10 4.10E-03 4.72E-10 1.71E-05 2.50E-02 1.24E-02 6.624E-02
5.300E-04 1.99E-02 1.57E-04 2.65E-03 1.52E-04 1.80E-03 7.47E-10 4.11E-03 5.66E-10 2.69E-05 2.55E-02 1.41E-02 6.850E-02
5.200E-04 2.00E-02 1.68E-04 2.49E-03 1.66E-04 1.85E-03 8.05E-10 4.12E-03 6.20E-10 4.23E-05 2.57E-02 1.50E-02 6.957E-02
5.100E-04 2.01E-02 1.81E-04 2.33E-03 1.82E-04 1.91E-03 8.69E-10 4.13E-03 6.80E-10 5.82E-05 2.61E-02 1.60E-02 7.106E-02
5.000E-04 2.04E-02 1.95E-04 2.16E-03 2.02E-04 1.97E-03 9.40E-10 4.16E-03 7.47E-10 4.22E-05 2.65E-02 1.70E-02 7.259E-02
4.800E-04 2.06E-02 2.25E-04 1.92E-03 2.43E-04 2.10E-03 1.10E-09 4.23E-03 9.01E-10 2.01E-05 2.71E-02 1.92E-02 7.566E-02
4.500E-04 2.13E-02 2.81E-04 1.61E-03 3.24E-04 2.33E-03 1.43E-09 4.38E-03 1.20E-09 1.56E-05 2.84E-02 2.29E-02 8.144E-02
4.000E-04 2.21E-02 4.29E-04 1.19E-03 5.41E-04 2.81E-03 2.27E-09 4.71E-03 2.01E-09 1.76E-05 3.05E-02 3.11E-02 9.337E-02
3.800E-04 2.26E-02 5.18E-04 1.05E-03 6.74E-04 3.04E-03 2.78E-09 4.86E-03 2.51E-09 1.97E-05 3.15E-02 3.53E-02 9.950E-02
3.600E-04 2.31E-02 6.34E-04 9.26E-04 8.47E-04 3.31E-03 3.44E-09 5.02E-03 3.15E-09 2.39E-05 3.26E-02 4.00E-02 1.064E-01
3.400E-04 2.42E-02 7.76E-04 8.15E-04 1.08E-03 3.62E-03 4.30E-09 5.20E-03 4.00E-09 4.77E-05 3.41E-02 4.49E-02 1.147E-01
3.300E-04 2.41E-02 8.57E-04 7.63E-04 1.22E-03 3.80E-03 4.84E-09 5.29E-03 4.53E-09 1.23E-04 3.43E-02 4.77E-02 1.181E-01
3.200E-04 2.42E-02 9.63E-04 7.10E-04 1.39E-03 3.98E-03 5.46E-09 5.38E-03 5.15E-09 4.93E-05 3.46E-02 5.10E-02 1.223E-01
3.150E-04 2.45E-02 1.02E-03 6.88E-04 1.48E-03 4.08E-03 5.81E-09 5.42E-03 5.49E-09 3.81E-05 3.50E-02 5.26E-02 1.248E-01
3.100E-04 2.47E-02 1.09E-03 6.65E-04 1.59E-03 4.19E-03 6.19E-09 5.46E-03 5.87E-09 3.39E-05 3.53E-02 5.43E-02 1.273E-01
3.080E-04 2.48E-02 1.11E-03 6.56E-04 1.63E-03 4.23E-03 6.35E-09 5.49E-03 6.03E-09 3.30E-05 3.55E-02 5.49E-02 1.283E-01
3.050E-04 2.49E-02 1.15E-03 6.42E-04 1.70E-03 4.30E-03 6.60E-09 5.52E-03 6.28E-09 3.22E-05 3.56E-02 5.60E-02 1.298E-01
3.000E-04 2.50E-02 1.22E-03 6.21E-04 1.82E-03 4.41E-03 7.04E-09 5.58E-03 6.72E-09 3.17E-05 3.59E-02 5.78E-02 1.324E-01
2.900E-04 2.55E-02 1.39E-03 5.79E-04 2.09E-03 4.65E-03 8.05E-09 5.69E-03 7.73E-09 3.23E-05 3.66E-02 6.14E-02 1.380E-01
2.800E-04 2.57E-02 1.57E-03 5.41E-04 2.42E-03 4.91E-03 9.24E-09 5.82E-03 8.92E-09 3.39E-05 3.71E-02 6.54E-02 1.435E-01
2.600E-04 2.64E-02 2.08E-03 4.69E-04 3.28E-03 5.51E-03 1.24E-08 6.11E-03 1.21E-08 3.88E-05 3.84E-02 7.47E-02 1.570E-01
2.500E-04 2.70E-02 2.42E-03 4.36E-04 3.86E-03 5.86E-03 1.44E-08 6.27E-03 1.42E-08 4.20E-05 3.94E-02 7.98E-02 1.650E-01
2.200E-04 2.95E-02 3.94E-03 3.52E-04 6.49E-03 7.12E-03 2.38E-08 6.87E-03 2.38E-08 5.53E-05 4.27E-02 9.65E-02 1.936E-01
2.159E-04 2.98E-02 4.22E-03 3.41E-04 7.01E-03 7.33E-03 2.56E-08 6.96E-03 2.57E-08 5.77E-05 4.31E-02 9.90E-02 1.979E-01
2.000E-04 3.16E-02 5.64E-03 3.07E-04 9.54E-03 8.24E-03 3.45E-08 7.37E-03 3.50E-08 6.90E-05 4.52E-02 1.09E-01 2.169E-01
1.662E-04 3.65E-02 1.11E-02 2.46E-04 1.98E-02 1.10E-02 7.13E-08 8.54E-03 7.38E-08 1.09E-04 5.03E-02 1.30E-01 2.677E-01
1.650E-04 3.67E-02 1.13E-02 2.43E-04 2.04E-02 1.11E-02 7.34E-08 8.59E-03 7.59E-08 1.11E-04 5.05E-02 1.31E-01 2.699E-01
1.250E-04 4.77E-02 2.87E-02 2.21E-04 5.67E-02 1.70E-02 2.17E-07 1.09E-02 2.31E-07 2.31E-04 5.94E-02 1.47E-01 3.679E-01
1.235E-04 4.84E-02 2.98E-02 2.19E-04 5.91E-02 1.74E-02 2.28E-07 1.10E-02 2.42E-07 2.38E-04 5.99E-02 1.47E-01 3.730E-01
1.130E-04 5.36E-02 3.87E-02 2.27E-04 7.92E-02 1.99E-02 3.23E-07 1.20E-02 3.46E-07 3.02E-04 6.30E-02 1.46E-01 4.135E-01
1.000E-04 6.32E-02 5.40E-02 2.52E-04 1.15E-01 2.43E-02 5.20E-07 1.34E-02 5.64E-07 4.16E-04 6.76E-02 1.43E-01 4.811E-01
9.500E-05 6.80E-02 6.14E-02 2.54E-04 1.34E-01 2.64E-02 6.35E-07 1.41E-02 6.93E-07 4.74E-04 6.96E-02 1.41E-01 5.146E-01
9.300E-05 7.00E-02 6.46E-02 2.59E-04 1.42E-01 2.74E-02 6.90E-07 1.44E-02 7.54E-07 5.01E-04 7.03E-02 1.40E-01 5.294E-01
9.200E-05 7.11E-02 6.62E-02 2.62E-04 1.47E-01 2.78E-02 7.19E-07 1.45E-02 7.87E-07 5.15E-04 7.07E-02 1.39E-01 5.372E-01
9.100E-05 7.21E-02 6.79E-02 2.66E-04 1.51E-01 2.83E-02 7.50E-07 1.47E-02 8.23E-07 5.29E-04 7.11E-02 1.39E-01 5.452E-01
9.000E-05 7.32E-02 6.97E-02 2.70E-04 1.56E-01 2.88E-02 7.83E-07 1.48E-02 8.60E-07 5.44E-04 7.15E-02 1.38E-01 5.535E-01
8.900E-05 7.42E-02 7.15E-02 2.74E-04 1.61E-01 2.94E-02 8.18E-07 1.50E-02 8.99E-07 5.60E-04 7.18E-02 1.38E-01 5.620E-01
8.800E-05 7.53E-02 7.33E-02 2.79E-04 1.67E-01 2.99E-02 8.55E-07 1.52E-02 9.41E-07 5.76E-04 7.22E-02 1.38E-01 5.709E-01
8.700E-05 7.64E-02 7.52E-02 2.83E-04 1.72E-01 3.04E-02 8.93E-07 1.53E-02 9.85E-07 5.93E-04 7.25E-02 1.37E-01 5.801E-01
8.600E-05 7.75E-02 7.72E-02 2.88E-04 1.78E-01 3.10E-02 9.34E-07 1.55E-02 1.03E-06 6.10E-04 7.29E-02 1.37E-01 5.895E-01
8.500E-05 7.86E-02 7.92E-02 2.93E-04 1.84E-01 3.16E-02 9.78E-07 1.57E-02 1.08E-06 6.28E-04 7.32E-02 1.36E-01 5.994E-01
8.400E-05 7.97E-02 8.14E-02 2.97E-04 1.90E-01 3.22E-02 1.02E-06 1.58E-02 1.13E-06 6.47E-04 7.36E-02 1.36E-01 6.097E-01
8.330E-05 8.06E-02 8.29E-02 3.00E-04 1.95E-01 3.26E-02 1.06E-06 1.60E-02 1.17E-06 6.61E-04 7.39E-02 1.36E-01 6.171E-01
8.200E-05 8.22E-02 8.58E-02 3.07E-04 2.03E-01 3.34E-02 1.12E-06 1.62E-02 1.25E-06 6.87E-04 7.43E-02 1.35E-01 6.314E-01
8.100E-05 8.35E-02 8.81E-02 3.12E-04 2.11E-01 3.41E-02 1.18E-06 1.64E-02 1.31E-06 7.08E-04 7.47E-02 1.35E-01 6.429E-01
8.000E-05 8.49E-02 9.04E-02 3.18E-04 2.18E-01 3.47E-02 1.24E-06 1.66E-02 1.38E-06 7.30E-04 7.51E-02 1.34E-01 6.549E-01
7.900E-05 8.64E-02 9.28E-02 3.24E-04 2.26E-01 3.54E-02 1.30E-06 1.68E-02 1.45E-06 7.53E-04 7.55E-02 1.34E-01 6.673E-01
7.800E-05 8.79E-02 9.53E-02 3.30E-04 2.34E-01 3.61E-02 1.36E-06 1.70E-02 1.53E-06 7.77E-04 7.60E-02 1.33E-01 6.802E-01
7.700E-05 8.95E-02 9.77E-02 3.36E-04 2.42E-01 3.69E-02 1.43E-06 1.72E-02 1.61E-06 8.02E-04 7.64E-02 1.33E-01 6.936E-01
7.600E-05 9.12E-02 1.00E-01 3.48E-04 2.51E-01 3.76E-02 1.51E-06 1.74E-02 1.69E-06 8.28E-04 7.69E-02 1.32E-01 7.075E-01
7.500E-05 9.30E-02 1.03E-01 3.62E-04 2.60E-01 3.84E-02 1.59E-06 1.76E-02 1.79E-06 8.56E-04 7.74E-02 1.32E-01 7.218E-01
7.400E-05 9.48E-02 1.05E-01 3.76E-04 2.70E-01 3.92E-02 1.67E-06 1.78E-02 1.88E-06 8.84E-04 7.78E-02 1.31E-01 7.366E-01
7.300E-05 9.67E-02 1.08E-01 3.90E-04 2.79E-01 4.00E-02 1.76E-06 1.81E-02 1.99E-06 9.14E-04 7.83E-02 1.30E-01 7.519E-01
7.140E-05 9.99E-02 1.12E-01 4.02E-04 2.96E-01 4.13E-02 1.92E-06 1.84E-02 2.18E-06 9.64E-04 7.91E-02 1.29E-01 7.773E-01
7.100E-05 1.01E-01 1.13E-01 4.06E-04 3.00E-01 4.17E-02 1.96E-06 1.85E-02 2.22E-06 9.77E-04 7.93E-02 1.29E-01 7.839E-01
7.000E-05 1.03E-01 1.15E-01 4.14E-04 3.12E-01 4.26E-02 2.07E-06 1.88E-02 2.36E-06 1.01E-03 7.98E-02 1.28E-01 8.006E-01
6.900E-05 1.05E-01 1.18E-01 4.26E-04 3.23E-01 4.35E-02 2.19E-06 1.91E-02 2.50E-06 1.05E-03 8.02E-02 1.28E-01 8.178E-01
6.800E-05 1.07E-01 1.21E-01 4.44E-04 3.35E-01 4.44E-02 2.32E-06 1.93E-02 2.65E-06 1.08E-03 8.07E-02 1.27E-01 8.356E-01
6.700E-05 1.09E-01 1.23E-01 4.61E-04 3.47E-01 4.54E-02 2.46E-06 1.96E-02 2.81E-06 1.12E-03 8.12E-02 1.26E-01 8.540E-01
6.600E-05 1.12E-01 1.26E-01 4.80E-04 3.60E-01 4.64E-02 2.60E-06 1.99E-02 2.98E-06 1.17E-03 8.17E-02 1.25E-01 8.728E-01
6.500E-05 1.14E-01 1.29E-01 4.91E-04 3.74E-01 4.75E-02 2.76E-06 2.02E-02 3.17E-06 1.21E-03 8.22E-02 1.24E-01 8.924E-01
6.400E-05 1.17E-01 1.32E-01 5.02E-04 3.87E-01 4.87E-02 2.94E-06 2.05E-02 3.38E-06 1.25E-03 8.26E-02 1.24E-01 9.125E-01
6.300E-05 1.19E-01 1.34E-01 5.13E-04 4.02E-01 4.98E-02 3.12E-06 2.08E-02 3.60E-06 1.30E-03 8.31E-02 1.23E-01 9.334E-01
6.250E-05 1.21E-01 1.36E-01 5.21E-04 4.09E-01 5.04E-02 3.22E-06 2.09E-02 3.72E-06 1.33E-03 8.34E-02 1.22E-01 9.440E-01
6.200E-05 1.22E-01 1.37E-01 5.32E-04 4.17E-01 5.10E-02 3.33E-06 2.11E-02 3.84E-06 1.35E-03 8.36E-02 1.22E-01 9.549E-01
6.100E-05 1.25E-01 1.40E-01 5.55E-04 4.32E-01 5.23E-02 3.55E-06 2.14E-02 4.10E-06 1.41E-03 8.41E-02 1.21E-01 9.771E-01
6.000E-05 1.28E-01 1.42E-01 5.78E-04 4.48E-01 5.36E-02 3.78E-06 2.17E-02 4.38E-06 1.47E-03 8.46E-02 1.19E-01 1.000E+00
5.900E-05 1.31E-01 1.45E-01 6.04E-04 4.65E-01 5.49E-02 4.04E-06 2.21E-02 4.69E-06 1.53E-03 8.51E-02 1.18E-01 1.024E+00
5.800E-05 1.35E-01 1.48E-01 6.31E-04 4.82E-01 5.63E-02 4.32E-06 2.25E-02 5.02E-06 1.59E-03 8.56E-02 1.17E-01 1.048E+00
5.700E-05 1.38E-01 1.50E-01 6.59E-04 5.00E-01 5.77E-02 4.63E-06 2.28E-02 5.39E-06 1.66E-03 8.61E-02 1.16E-01 1.073E+00
5.600E-05 1.42E-01 1.52E-01 6.87E-04 5.20E-01 5.91E-02 4.96E-06 2.32E-02 5.79E-06 1.73E-03 8.66E-02 1.15E-01 1.099E+00
5.500E-05 1.46E-01 1.54E-01 7.16E-04 5.40E-01 6.07E-02 5.32E-06 2.36E-02 6.22E-06 1.81E-03 8.71E-02 1.13E-01 1.126E+00
5.477E-05 1.46E-01 1.54E-01 7.23E-04 5.44E-01 6.11E-02 5.42E-06 2.37E-02 6.33E-06 2.70E-03 8.72E-02 1.13E-01 1.134E+00
5.400E-05 1.49E-01 1.56E-01 7.47E-04 5.61E-01 6.25E-02 5.73E-06 2.40E-02 6.71E-06 2.80E-03 8.75E-02 1.12E-01 1.155E+00
5.300E-05 1.53E-01 1.58E-01 7.85E-04 5.83E-01 6.44E-02 6.18E-06 2.45E-02 7.24E-06 2.95E-03 8.79E-02 1.11E-01 1.185E+00
5.200E-05 1.57E-01 1.59E-01 8.27E-04 6.06E-01 6.63E-02 6.68E-06 2.49E-02 7.82E-06 3.11E-03 8.83E-02 1.09E-01 1.215E+00
5.100E-05 1.61E-01 1.60E-01 8.72E-04 6.31E-01 6.84E-02 7.22E-06 2.54E-02 8.46E-06 3.29E-03 8.87E-02 1.08E-01 1.247E+00
5.000E-05 1.65E-01 1.62E-01 9.19E-04 6.57E-01 7.05E-02 7.82E-06 2.59E-02 9.17E-06 3.48E-03 8.90E-02 1.07E-01 1.281E+00
4.900E-05 1.69E-01 1.63E-01 9.69E-04 6.85E-01 7.27E-02 8.48E-06 2.64E-02 9.95E-06 3.70E-03 8.93E-02 1.06E-01 1.315E+00
4.880E-05 1.70E-01 1.63E-01 9.79E-04 6.90E-01 7.32E-02 8.63E-06 2.65E-02 1.01E-05 3.74E-03 8.94E-02 1.05E-01 1.322E+00
4.800E-05 1.73E-01 1.63E-01 1.02E-03 7.14E-01 7.53E-02 9.23E-06 2.69E-02 1.08E-05 3.93E-03 8.96E-02 1.04E-01 1.351E+00
4.760E-05 1.75E-01 1.64E-01 1.05E-03 7.26E-01 7.65E-02 9.55E-06 2.71E-02 1.12E-05 4.03E-03 8.97E-02 1.04E-01 1.366E+00
4.700E-05 1.77E-01 1.64E-01 1.08E-03 7.44E-01 7.83E-02 1.01E-05 2.74E-02 1.18E-05 4.19E-03 8.98E-02 1.03E-01 1.389E+00
4.650E-05 1.79E-01 1.64E-01 1.11E-03 7.60E-01 7.98E-02 1.05E-05 2.77E-02 1.23E-05 4.33E-03 8.99E-02 1.03E-01 1.408E+00
4.600E-05 1.81E-01 1.65E-01 1.15E-03 7.75E-01 8.14E-02 1.10E-05 2.80E-02 1.29E-05 4.48E-03 9.00E-02 1.02E-01 1.428E+00
4.550E-05 1.83E-01 1.65E-01 1.20E-03 7.92E-01 8.30E-02 1.15E-05 2.83E-02 1.35E-05 4.64E-03 9.01E-02 1.02E-01 1.448E+00
4.500E-05 1.85E-01 1.65E-01 1.26E-03 8.08E-01 8.46E-02 1.20E-05 2.86E-02 1.41E-05 4.80E-03 9.01E-02 1.01E-01 1.469E+00
4.440E-05 1.87E-01 1.65E-01 1.32E-03 8.28E-01 8.67E-02 1.27E-05 2.89E-02 1.49E-05 5.02E-03 9.02E-02 1.00E-01 1.493E+00
4.350E-05 1.91E-01 1.66E-01 1.44E-03 8.60E-01 8.99E-02 1.38E-05 2.95E-02 1.62E-05 5.36E-03 9.03E-02 9.95E-02 1.532E+00
4.170E-05 1.97E-01 1.66E-01 1.75E-03 9.26E-01 9.76E-02 1.65E-05 3.06E-02 1.93E-05 6.19E-03 9.03E-02 9.77E-02 1.613E+00
4.000E-05 2.03E-01 1.66E-01 2.31E-03 9.93E-01 1.06E-01 1.95E-05 3.19E-02 2.29E-05 7.19E-03 9.03E-02 9.61E-02 1.695E+00
3.850E-05 2.08E-01 1.66E-01 3.07E-03 1.06E+00 1.13E-01 2.29E-05 3.30E-02 2.68E-05 8.30E-03 9.01E-02 9.49E-02 1.772E+00
3.656E-05 2.15E-01 1.65E-01 4.50E-03 1.14E+00 1.24E-01 2.86E-05 3.45E-02 3.33E-05 1.02E-02 8.98E-02 9.34E-02 1.878E+00
3.570E-05 2.17E-01 1.65E-01 5.26E-03 1.18E+00 1.29E-01 3.16E-05 3.52E-02 3.67E-05 1.13E-02 8.96E-02 9.29E-02 1.927E+00
3.330E-05 2.24E-01 1.64E-01 7.89E-03 1.29E+00 1.47E-01 4.33E-05 3.74E-02 4.92E-05 1.57E-02 8.85E-02 9.09E-02 2.068E+00
3.130E-05 2.29E-01 1.63E-01 1.05E-02 1.39E+00 1.68E-01 5.84E-05 3.94E-02 6.40E-05 2.18E-02 8.73E-02 8.94E-02 2.197E+00
3.000E-05 2.31E-01 1.62E-01 1.27E-02 1.45E+00 1.88E-01 7.24E-05 4.07E-02 7.68E-05 2.83E-02 8.63E-02 8.83E-02 2.286E+00
2.940E-05 2.32E-01 1.62E-01 1.37E-02 1.47E+00 1.98E-01 8.03E-05 4.14E-02 8.38E-05 3.23E-02 8.61E-02 8.81E-02 2.327E+00
2.780E-05 2.35E-01 1.61E-01 1.69E-02 1.53E+00 2.32E-01 1.10E-04 4.32E-02 1.07E-04 4.89E-02 8.50E-02 8.71E-02 2.444E+00
2.630E-05 2.37E-01 1.60E-01 2.02E-02 1.58E+00 2.83E-01 1.57E-04 4.49E-02 1.37E-04 7.95E-02 8.39E-02 8.62E-02 2.575E+00
2.500E-05 2.37E-01 1.59E-01 2.41E-02 1.61E+00 3.54E-01 2.28E-04 4.64E-02 1.72E-04 1.32E-01 8.28E-02 8.54E-02 2.728E+00
2.380E-05 2.39E-01 1.59E-01 2.92E-02 1.62E+00 4.87E-01 3.49E-04 4.65E-02 2.16E-04 2.14E-01 8.18E-02 8.48E-02 2.958E+00
2.270E-05 2.39E-01 1.58E-01 3.62E-02 1.62E+00 7.04E-01 5.10E-04 4.83E-02 2.71E-04 2.66E-01 8.08E-02 8.42E-02 3.234E+00
2.170E-05 2.39E-01 1.58E-01 4.55E-02 1.61E+00 9.52E-01 6.63E-04 5.44E-02 3.39E-04 2.19E-01 7.98E-02 8.38E-02 3.442E+00
2.080E-05 2.39E-01 1.58E-01 6.28E-02 1.61E+00 9.86E-01 6.15E-04 6.79E-02 4.21E-04 1.47E-01 7.89E-02 8.34E-02 3.429E+00
2.000E-05 2.38E-01 1.57E-01 2.24E-01 1.47E+00 8.55E-01 4.81E-04 8.64E-02 5.16E-04 9.89E-02 7.79E-02 8.31E-02 3.291E+00
1.920E-05 2.37E-01 1.58E-01 4.26E-01 1.29E+00 6.64E-01 3.31E-04 1.19E-01 6.41E-04 6.82E-02 7.70E-02 8.29E-02 3.127E+00
1.850E-05 2.38E-01 1.60E-01 5.47E-01 1.19E+00 5.20E-01 2.34E-04 1.59E-01 7.85E-04 5.10E-02 7.60E-02 8.28E-02 3.025E+00
1.790E-05 2.38E-01 1.61E-01 6.86E-01 1.05E+00 4.23E-01 1.79E-04 2.03E-01 9.41E-04 4.09E-02 7.54E-02 8.30E-02 2.960E+00
1.720E-05 2.39E-01 1.63E-01 7.80E-01 9.48E-01 3.39E-01 1.42E-04 2.82E-01 1.18E-03 3.28E-02 7.43E-02 8.28E-02 2.942E+00
1.670E-05 2.39E-01 1.64E-01 8.20E-01 9.05E-01 2.91E-01 1.29E-04 3.55E-01 1.39E-03 2.87E-02 7.34E-02 8.27E-02 2.961E+00
1.610E-05 2.40E-01 1.65E-01 8.54E-01 8.69E-01 2.45E-01 1.32E-04 4.84E-01 1.72E-03 2.51E-02 7.26E-02 8.30E-02 3.040E+00
1.560E-05 2.41E-01 1.66E-01 8.73E-01 8.47E-01 2.15E-01 1.48E-04 6.32E-01 2.06E-03 2.31E-02 7.17E-02 8.30E-02 3.154E+00
1.520E-05 2.41E-01 1.67E-01 8.85E-01 8.32E-01 1.95E-01 1.73E-04 7.90E-01 2.37E-03 2.20E-02 7.08E-02 8.28E-02 3.288E+00
1.470E-05 2.42E-01 1.68E-01 8.93E-01 8.16E-01 1.74E-01 2.18E-04 1.02E+00 2.80E-03 2.13E-02 7.02E-02 8.30E-02 3.488E+00
1.430E-05 2.42E-01 1.68E-01 8.98E-01 8.05E-01 1.63E-01 2.73E-04 1.21E+00 3.14E-03 2.12E-02 6.96E-02 8.27E-02 3.665E+00
1.390E-05 2.42E-01 1.68E-01 9.00E-01 7.95E-01 1.58E-01 3.46E-04 1.36E+00 3.47E-03 2.15E-02 6.94E-02 8.26E-02 3.804E+00
1.350E-05 2.41E-01 1.68E-01 9.01E-01 7.85E-01 1.58E-01 4.44E-04 1.51E+00 3.89E-03 2.23E-02 6.88E-02 8.22E-02 3.938E+00
1.320E-05 2.41E-01 1.68E-01 9.00E-01 7.78E-01 1.61E-01 5.39E-04 1.62E+00 4.26E-03 2.34E-02 6.86E-02 8.22E-02 4.046E+00
1.280E-05 2.40E-01 1.68E-01 8.99E-01 7.70E-01 1.71E-01 7.07E-04 1.78E+00 4.85E-03 2.54E-02 6.80E-02 8.19E-02 4.211E+00
1.250E-05 2.40E-01 1.69E-01 8.96E-01 7.68E-01 1.86E-01 8.72E-04 1.91E+00 5.38E-03 2.75E-02 6.75E-02 8.16E-02 4.356E+00
1.220E-05 2.40E-01 1.69E-01 8.95E-01 7.67E-01 2.08E-01 1.08E-03 2.06E+00 5.99E-03 3.03E-02 6.72E-02 8.16E-02 4.526E+00
1.190E-05 2.39E-01 1.69E-01 8.96E-01 7.73E-01 2.37E-01 1.34E-03 2.22E+00 6.71E-03 3.40E-02 6.67E-02 8.14E-02 4.727E+00
1.160E-05 2.38E-01 1.69E-01 8.97E-01 7.77E-01 2.70E-01 1.67E-03 2.41E+00 7.57E-03 3.88E-02 6.64E-02 8.14E-02 4.952E+00
1.140E-05 2.37E-01 1.69E-01 8.97E-01 7.78E-01 2.98E-01 1.96E-03 2.54E+00 8.23E-03 4.29E-02 6.62E-02 8.15E-02 5.119E+00
1.110E-05 2.36E-01 1.68E-01 8.96E-01 7.79E-01 3.41E-01 2.57E-03 2.77E+00 9.39E-03 5.08E-02 6.56E-02 8.13E-02 5.396E+00
1.080E-05 2.34E-01 1.68E-01 8.95E-01 7.80E-01 4.59E-01 3.42E-03 3.04E+00 1.08E-02 6.14E-02 6.50E-02 8.11E-02 5.795E+00
1.050E-05 2.32E-01 1.67E-01 8.94E-01 7.82E-01 6.12E-01 4.44E-03 3.37E+00 1.27E-02 7.58E-02 6.45E-02 8.13E-02 6.298E+00
1.030E-05 2.31E-01 1.67E-01 8.93E-01 7.83E-01 7.31E-01 5.08E-03 3.68E+00 1.41E-02 8.82E-02 6.40E-02 8.12E-02 6.742E+00
1.000E-05 2.29E-01 1.66E-01 8.90E-01 7.85E-01 8.96E-01 6.20E-03 4.13E+00 1.62E-02 1.12E-01 6.36E-02 8.12E-02 7.380E+00
9.750E-06 2.27E-01 1.66E-01 8.88E-01 7.87E-01 1.09E+00 7.70E-03 4.50E+00 1.80E-02 1.35E-01 6.31E-02 8.09E-02 7.956E+00
9.500E-06 2.25E-01 1.65E-01 8.85E-01 7.89E-01 1.31E+00 9.11E-03 4.88E+00 2.00E-02 1.59E-01 6.29E-02 8.09E-02 8.587E+00
9.250E-06 2.23E-01 1.64E-01 8.82E-01 7.90E-01 1.48E+00 1.02E-02 5.28E+00 2.20E-02 1.77E-01 6.24E-02 8.05E-02 9.164E+00
9.080E-06 2.22E-01 1.64E-01 8.79E-01 7.92E-01 1.58E+00 1.09E-02 5.50E+00 2.31E-02 1.81E-01 6.23E-02 8.03E-02 9.494E+00
