 #   Flux in [erg/s/Hz/ster] pro g IM
 # wel(mu)  emis_tot  emis_c    emis_Si   emis_pol  emi_Dark  emi_vgr   emi_vsi   epah_s+b  ISRF j_v
  1.00E+04  1.61E-16  1.05E-17  2.21E-17  1.05E-17  1.24E-16  2.49E-19  4.23E-18  8.34E-23  3.03E-21
  9.00E+03  2.31E-16  1.51E-17  3.20E-17  1.50E-17  1.77E-16  3.89E-19  6.14E-18  1.25E-22  8.23E-21
  8.00E+03  3.45E-16  2.27E-17  4.84E-17  2.24E-17  2.64E-16  6.33E-19  9.35E-18  1.94E-22  2.21E-20
  7.00E+03  5.42E-16  3.61E-17  7.72E-17  3.52E-17  4.13E-16  1.09E-18  1.48E-17  3.21E-22  5.85E-20
  6.00E+03  9.14E-16  6.15E-17  1.32E-16  5.93E-17  6.93E-16  2.02E-18  2.53E-17  5.69E-22  1.51E-19
  5.50E+03  1.23E-15  8.31E-17  1.79E-16  7.96E-17  9.28E-16  2.84E-18  3.42E-17  7.84E-22  2.41E-19
  5.00E+03  1.69E-15  1.16E-16  2.50E-16  1.10E-16  1.28E-15  4.09E-18  4.72E-17  1.11E-21  3.81E-19
  4.50E+03  2.42E-15  1.66E-16  3.60E-16  1.57E-16  1.81E-15  6.09E-18  6.81E-17  1.63E-21  5.97E-19
  4.00E+03  3.59E-15  2.50E-16  5.42E-16  2.33E-16  2.69E-15  9.42E-18  1.01E-16  2.48E-21  9.22E-19
  3.50E+03  5.61E-15  3.96E-16  8.58E-16  3.64E-16  4.18E-15  1.53E-17  1.60E-16  3.96E-21  1.40E-18
  3.00E+03  9.37E-15  6.74E-16  1.45E-15  6.08E-16  6.96E-15  2.62E-17  2.64E-16  6.76E-21  2.09E-18
  2.50E+03  1.71E-14  1.26E-15  2.70E-15  1.11E-15  1.26E-14  4.84E-17  4.80E-16  1.25E-20  3.03E-18
  2.10E+03  3.04E-14  2.29E-15  4.84E-15  1.97E-15  2.23E-14  8.54E-17  8.45E-16  2.23E-20  3.96E-18
  1.50E+03  8.87E-14  7.13E-15  1.45E-14  5.77E-15  6.44E-14  2.70E-16  2.38E-15  6.50E-20  5.49E-18
  1.38E+03  1.15E-13  9.37E-15  1.88E-14  7.45E-15  8.30E-14  3.57E-16  3.04E-15  8.42E-20  5.76E-18
  1.32E+03  1.32E-13  1.09E-14  2.17E-14  8.59E-15  9.55E-14  4.16E-16  3.48E-15  9.74E-20  5.89E-18
  1.15E+03  2.01E-13  1.72E-14  3.32E-14  1.31E-14  1.45E-13  6.54E-16  5.17E-15  1.51E-19  6.20E-18
  1.00E+03  3.04E-13  2.71E-14  5.04E-14  1.99E-14  2.18E-13  1.02E-15  7.59E-15  2.36E-19  6.36E-18
  9.97E+02  3.07E-13  2.74E-14  5.08E-14  2.00E-14  2.20E-13  1.03E-15  7.65E-15  2.39E-19  6.47E-18
  8.67E+02  4.56E-13  4.22E-14  7.62E-14  2.98E-14  3.24E-13  1.60E-15  1.11E-14  3.77E-19  1.34E-17
  8.50E+02  4.82E-13  4.50E-14  8.05E-14  3.15E-14  3.43E-13  1.70E-15  1.17E-14  4.03E-19  1.48E-17
  7.50E+02  6.89E-13  6.76E-14  1.13E-13  4.52E-14  4.90E-13  2.45E-15  1.59E-14  6.11E-19  2.55E-17
  6.00E+02  1.20E-12  1.30E-13  1.99E-13  7.90E-14  8.40E-13  4.58E-15  2.69E-14  1.29E-18  5.56E-17
  5.50E+02  1.46E-12  1.65E-13  2.36E-13  9.64E-14  1.02E-12  5.75E-15  3.28E-14  1.73E-18  7.13E-17
  5.00E+02  1.83E-12  2.15E-13  3.06E-13  1.21E-13  1.26E-12  7.30E-15  4.05E-14  2.36E-18  9.06E-17
  4.50E+02  2.35E-12  2.88E-13  4.19E-13  1.56E-13  1.58E-12  9.44E-15  5.08E-14  3.32E-18  1.14E-16
  4.00E+02  3.02E-12  3.99E-13  5.63E-13  2.01E-13  1.99E-12  1.24E-14  6.48E-14  4.80E-18  1.42E-16
  3.50E+02  3.78E-12  5.29E-13  8.26E-13  2.52E-13  2.33E-12  1.65E-14  8.46E-14  7.18E-18  1.73E-16
  3.00E+02  4.87E-12  7.58E-13  1.16E-12  3.23E-13  2.82E-12  2.25E-14  1.14E-13  1.11E-17  2.07E-16
  2.75E+02  5.32E-12  8.89E-13  1.32E-12  3.52E-13  2.95E-12  2.66E-14  1.33E-13  1.41E-17  2.25E-16
  2.50E+02  5.69E-12  1.02E-12  1.46E-12  3.74E-13  3.01E-12  3.15E-14  1.58E-13  1.80E-17  2.42E-16
  2.40E+02  5.80E-12  1.09E-12  1.51E-12  3.79E-13  2.99E-12  3.39E-14  1.68E-13  1.98E-17  2.52E-16
  2.00E+02  5.79E-12  1.32E-12  1.55E-12  3.70E-13  2.66E-12  4.57E-14  2.12E-13  3.00E-17  3.10E-16
  1.80E+02  5.38E-12  1.38E-12  1.40E-12  3.36E-13  2.31E-12  5.38E-14  2.40E-13  3.71E-17  3.39E-16
  1.60E+02  4.69E-12  1.42E-12  1.13E-12  2.83E-13  1.80E-12  6.40E-14  2.74E-13  4.60E-17  3.66E-16
  1.50E+02  4.27E-12  1.43E-12  9.67E-13  2.50E-13  1.51E-12  7.00E-14  2.91E-13  5.12E-17  3.78E-16
  1.40E+02  3.66E-12  1.32E-12  7.85E-13  2.07E-13  1.17E-12  7.70E-14  3.12E-13  5.70E-17  3.40E-16
  1.20E+02  2.62E-12  1.13E-12  4.29E-13  1.32E-13  6.09E-13  9.45E-14  3.58E-13  7.07E-17  2.54E-16
  1.00E+02  1.59E-12  6.95E-13  1.62E-13  6.09E-14  2.00E-13  1.19E-13  4.13E-13  8.81E-17  1.84E-16
  9.00E+01  1.23E-12  4.83E-13  7.80E-14  3.64E-14  9.04E-14  1.36E-13  4.41E-13  9.89E-17  1.54E-16
  8.00E+01  9.55E-13  2.72E-13  3.03E-14  1.77E-14  2.98E-14  1.55E-13  4.67E-13  1.12E-16  1.10E-16
  7.50E+01  8.66E-13  1.87E-13  1.73E-14  1.15E-14  1.54E-14  1.67E-13  4.78E-13  1.19E-16  9.23E-17
  7.00E+01  8.04E-13  1.22E-13  9.04E-15  7.00E-15  7.02E-15  1.81E-13  4.86E-13  1.27E-16  7.72E-17
  6.00E+01  7.39E-13  3.50E-14  1.69E-15  1.78E-15  9.02E-16  2.15E-13  4.86E-13  1.45E-16  5.31E-17
  5.00E+01  7.20E-13  4.79E-15  1.57E-16  2.12E-16  4.43E-17  2.66E-13  4.49E-13  1.66E-16  3.57E-17
  4.50E+01  7.11E-13  1.18E-15  3.06E-17  4.77E-17  5.65E-18  2.99E-13  4.10E-13  1.77E-16  2.89E-17
  4.00E+01  6.89E-13  1.83E-16  3.79E-18  6.55E-18  4.05E-19  3.34E-13  3.56E-13  1.89E-16  2.31E-17
  3.50E+01  6.15E-13  1.54E-17  2.34E-19  4.77E-19  1.30E-20  3.31E-13  2.84E-13  2.05E-16  1.82E-17
  3.00E+01  4.38E-13  5.21E-19  5.10E-21  1.29E-20  1.25E-22  2.30E-13  2.07E-13  2.35E-16  1.45E-17
  2.75E+01  3.27E-13  5.69E-20  4.22E-22  1.21E-21  6.22E-24  1.55E-13  1.72E-13  2.72E-16  1.29E-17
  2.50E+01  2.32E-13  3.81E-21  2.05E-23  6.75E-23  1.65E-25  9.26E-14  1.39E-13  3.83E-16  1.14E-17
  2.40E+01  2.01E-13  1.10E-21  5.05E-24  1.80E-23  3.11E-26  7.36E-14  1.27E-13  5.01E-16  1.08E-17
  2.35E+01  1.87E-13  5.70E-22  2.40E-24  8.87E-24  1.28E-26  6.54E-14  1.21E-13  5.73E-16  1.05E-17
  2.32E+01  1.79E-13  3.78E-22  1.51E-24  5.71E-24  7.35E-27  6.08E-14  1.18E-13  6.05E-16  1.03E-17
  2.31E+01  1.77E-13  3.29E-22  1.29E-24  4.92E-24  6.09E-27  5.94E-14  1.17E-13  6.13E-16  1.03E-17
  2.30E+01  1.74E-13  2.85E-22  1.10E-24  4.23E-24  5.04E-27  5.80E-14  1.15E-13  6.18E-16  1.02E-17
  2.25E+01  1.62E-13  1.38E-22  4.90E-25  1.94E-24  1.91E-27  5.14E-14  1.10E-13  6.26E-16  9.93E-18
  2.20E+01  1.52E-13  6.45E-23  2.10E-25  8.60E-25  6.89E-28  4.55E-14  1.06E-13  6.40E-16  9.65E-18
  2.15E+01  1.42E-13  2.92E-23  8.62E-26  3.68E-25  2.37E-28  4.02E-14  1.01E-13  6.81E-16  9.37E-18
  2.12E+01  1.36E-13  1.78E-23  4.94E-26  2.16E-25  1.22E-28  3.74E-14  9.80E-14  6.98E-16  9.21E-18
  2.11E+01  1.34E-13  1.50E-23  4.09E-26  1.80E-25  9.70E-29  3.65E-14  9.72E-14  6.99E-16  9.16E-18
  2.10E+01  1.33E-13  1.27E-23  3.38E-26  1.50E-25  7.72E-29  3.56E-14  9.63E-14  6.98E-16  9.10E-18
  2.08E+01  1.29E-13  8.95E-24  2.29E-26  1.03E-25  4.84E-29  3.39E-14  9.45E-14  6.86E-16  8.99E-18
  2.00E+01  1.17E-13  2.06E-24  4.45E-27  2.15E-26  6.85E-30  2.80E-14  8.82E-14  6.31E-16  8.57E-18
  1.95E+01  1.10E-13  7.80E-25  1.48E-27  7.60E-27  1.85E-30  2.49E-14  8.41E-14  6.64E-16  8.51E-18
  1.90E+01  1.02E-13  2.81E-25  4.60E-28  2.55E-27  4.63E-31  2.21E-14  7.90E-14  7.82E-16  8.44E-18
  1.85E+01  9.32E-14  9.57E-26  1.32E-28  8.06E-28  1.06E-31  1.97E-14  7.26E-14  9.81E-16  8.38E-18
  1.83E+01  8.96E-14  6.12E-26  7.85E-29  4.99E-28  5.74E-32  1.88E-14  6.98E-14  1.05E-15  8.35E-18
  1.82E+01  8.77E-14  4.87E-26  6.02E-29  3.90E-28  4.19E-32  1.83E-14  6.83E-14  1.07E-15  8.33E-18
  1.81E+01  8.57E-14  3.87E-26  4.59E-29  3.04E-28  3.05E-32  1.79E-14  6.67E-14  1.08E-15  8.32E-18
  1.80E+01  8.37E-14  3.06E-26  3.50E-29  2.37E-28  0.00E+00  1.75E-14  6.51E-14  1.09E-15  8.30E-18
  1.75E+01  7.36E-14  9.19E-27  8.37E-30  6.51E-29  0.00E+00  1.57E-14  5.68E-14  1.09E-15  8.22E-18
  1.70E+01  6.37E-14  2.54E-27  1.78E-30  1.64E-29  0.00E+00  1.40E-14  4.84E-14  1.31E-15  8.13E-18
  1.67E+01  5.82E-14  1.14E-27  6.63E-31  6.94E-30  0.00E+00  1.32E-14  4.35E-14  1.52E-15  8.08E-18
  1.65E+01  5.45E-14  6.57E-28  3.33E-31  3.85E-30  0.00E+00  1.26E-14  4.03E-14  1.59E-15  8.04E-18
  1.64E+01  5.27E-14  4.96E-28  2.34E-31  2.85E-30  0.00E+00  1.24E-14  3.87E-14  1.59E-15  8.02E-18
  1.63E+01  5.09E-14  3.74E-28  1.63E-31  2.10E-30  0.00E+00  1.21E-14  3.72E-14  1.55E-15  8.00E-18
  1.61E+01  4.74E-14  2.09E-28  7.80E-32  1.12E-30  0.00E+00  1.16E-14  3.43E-14  1.45E-15  7.96E-18
  1.60E+01  4.57E-14  1.56E-28  5.34E-32  8.18E-31  0.00E+00  1.14E-14  3.29E-14  1.40E-15  7.94E-18
  1.59E+01  4.41E-14  1.15E-28  3.63E-32  5.93E-31  0.00E+00  1.12E-14  3.16E-14  1.36E-15  7.92E-18
  1.58E+01  4.26E-14  8.52E-29  0.00E+00  4.28E-31  0.00E+00  1.09E-14  3.03E-14  1.33E-15  7.90E-18
  1.57E+01  4.11E-14  6.25E-29  0.00E+00  3.07E-31  0.00E+00  1.07E-14  2.91E-14  1.31E-15  7.88E-18
  1.56E+01  3.96E-14  4.58E-29  0.00E+00  2.20E-31  0.00E+00  1.05E-14  2.78E-14  1.28E-15  7.86E-18
  1.54E+01  3.69E-14  2.44E-29  0.00E+00  1.11E-31  0.00E+00  1.01E-14  2.56E-14  1.25E-15  7.82E-18
  1.52E+01  3.45E-14  1.27E-29  0.00E+00  5.50E-32  0.00E+00  9.73E-15  2.35E-14  1.31E-15  7.77E-18
  1.51E+01  3.34E-14  9.08E-30  0.00E+00  3.84E-32  0.00E+00  9.55E-15  2.25E-14  1.34E-15  7.75E-18
  1.50E+01  3.23E-14  6.46E-30  0.00E+00  2.66E-32  0.00E+00  9.37E-15  2.16E-14  1.35E-15  7.73E-18
  1.45E+01  2.78E-14  1.11E-30  0.00E+00  4.00E-33  0.00E+00  8.55E-15  1.76E-14  1.69E-15  7.61E-18
  1.44E+01  2.72E-14  7.66E-31  0.00E+00  2.69E-33  0.00E+00  8.39E-15  1.69E-14  1.86E-15  7.58E-18
  1.43E+01  2.67E-14  5.28E-31  0.00E+00  1.80E-33  0.00E+00  8.25E-15  1.64E-14  2.01E-15  7.56E-18
  1.42E+01  2.61E-14  3.62E-31  0.00E+00  1.20E-33  0.00E+00  8.10E-15  1.60E-14  2.08E-15  7.53E-18
  1.40E+01  2.54E-14  1.68E-31  0.00E+00  5.26E-34  0.00E+00  7.82E-15  1.53E-14  2.26E-15  7.48E-18
  1.38E+01  2.54E-14  7.58E-32  0.00E+00  2.24E-34  0.00E+00  7.56E-15  1.49E-14  2.85E-15  7.43E-18
  1.37E+01  2.58E-14  5.05E-32  0.00E+00  1.45E-34  0.00E+00  7.43E-15  1.50E-14  3.37E-15  7.40E-18
  1.36E+01  2.62E-14  3.35E-32  0.00E+00  9.30E-35  0.00E+00  7.31E-15  1.50E-14  3.90E-15  7.38E-18
  1.35E+01  2.64E-14  0.00E+00  0.00E+00  5.94E-35  0.00E+00  7.19E-15  1.51E-14  4.16E-15  7.35E-18
  1.34E+01  2.68E-14  0.00E+00  0.00E+00  3.77E-35  0.00E+00  7.07E-15  1.52E-14  4.50E-15  7.32E-18
  1.33E+01  2.75E-14  0.00E+00  0.00E+00  2.37E-35  0.00E+00  6.95E-15  1.53E-14  5.21E-15  7.29E-18
  1.32E+01  2.87E-14  0.00E+00  0.00E+00  1.48E-35  0.00E+00  6.84E-15  1.54E-14  6.41E-15  7.27E-18
  1.31E+01  3.07E-14  0.00E+00  0.00E+00  9.17E-36  0.00E+00  6.73E-15  1.56E-14  8.37E-15  7.24E-18
  1.29E+01  3.96E-14  0.00E+00  0.00E+00  3.42E-36  0.00E+00  6.51E-15  1.59E-14  1.72E-14  7.18E-18
  1.28E+01  4.77E-14  0.00E+00  0.00E+00  2.07E-36  0.00E+00  6.41E-15  1.61E-14  2.52E-14  7.15E-18
  1.27E+01  5.30E-14  0.00E+00  0.00E+00  1.24E-36  0.00E+00  6.31E-15  1.64E-14  3.04E-14  7.12E-18
  1.26E+01  4.89E-14  0.00E+00  0.00E+00  7.40E-37  0.00E+00  6.21E-15  1.66E-14  2.61E-14  7.09E-18
  1.25E+01  4.22E-14  0.00E+00  0.00E+00  4.36E-37  0.00E+00  6.11E-15  1.68E-14  1.93E-14  7.06E-18
  1.22E+01  3.82E-14  0.00E+00  0.00E+00  8.63E-38  0.00E+00  5.82E-15  1.74E-14  1.50E-14  6.97E-18
  1.21E+01  4.06E-14  0.00E+00  0.00E+00  4.91E-38  0.00E+00  5.72E-15  1.77E-14  1.72E-14  6.91E-18
  1.20E+01  4.26E-14  0.00E+00  0.00E+00  2.77E-38  0.00E+00  5.63E-15  1.80E-14  1.90E-14  6.85E-18
  1.19E+01  4.27E-14  0.00E+00  0.00E+00  1.56E-38  0.00E+00  5.53E-15  1.83E-14  1.90E-14  6.80E-18
  1.18E+01  4.28E-14  0.00E+00  0.00E+00  8.62E-39  0.00E+00  5.44E-15  1.85E-14  1.88E-14  6.74E-18
  1.17E+01  4.50E-14  0.00E+00  0.00E+00  4.72E-39  0.00E+00  5.35E-15  1.88E-14  2.08E-14  6.68E-18
  1.16E+01  5.11E-14  0.00E+00  0.00E+00  2.56E-39  0.00E+00  5.29E-15  1.90E-14  2.68E-14  6.63E-18
  1.15E+01  6.55E-14  0.00E+00  0.00E+00  1.37E-39  0.00E+00  7.24E-15  1.92E-14  3.90E-14  6.57E-18
  1.14E+01  8.33E-14  0.00E+00  0.00E+00  7.25E-40  0.00E+00  5.24E-15  1.94E-14  5.86E-14  6.51E-18
  1.13E+01  9.61E-14  0.00E+00  0.00E+00  3.79E-40  0.00E+00  5.10E-15  1.97E-14  7.13E-14  6.45E-18
  1.12E+01  8.24E-14  0.00E+00  0.00E+00  1.96E-40  0.00E+00  5.01E-15  2.00E-14  5.74E-14  6.40E-18
  1.11E+01  6.16E-14  0.00E+00  0.00E+00  1.00E-40  0.00E+00  4.92E-15  2.03E-14  3.64E-14  6.34E-18
  1.09E+01  4.07E-14  0.00E+00  0.00E+00  0.00E+00  0.00E+00  4.76E-15  2.09E-14  1.51E-14  6.23E-18
  1.05E+01  3.21E-14  0.00E+00  0.00E+00  0.00E+00  0.00E+00  4.46E-15  2.27E-14  5.00E-15  6.00E-18
  1.00E+01  2.96E-14  0.00E+00  0.00E+00  0.00E+00  0.00E+00  4.12E-15  2.29E-14  2.52E-15  5.71E-18
  9.80E+00  2.90E-14  0.00E+00  0.00E+00  0.00E+00  0.00E+00  3.98E-15  2.28E-14  2.19E-15  5.60E-18
  9.60E+00  2.85E-14  0.00E+00  0.00E+00  0.00E+00  0.00E+00  3.86E-15  2.26E-14  2.02E-15  5.48E-18
  9.50E+00  2.80E-14  0.00E+00  0.00E+00  0.00E+00  0.00E+00  3.79E-15  2.23E-14  1.99E-15  5.43E-18
  9.40E+00  2.73E-14  0.00E+00  0.00E+00  0.00E+00  0.00E+00  3.73E-15  2.16E-14  1.99E-15  5.37E-18
  9.20E+00  2.48E-14  0.00E+00  0.00E+00  0.00E+00  0.00E+00  3.61E-15  1.91E-14  2.11E-15  5.25E-18
  8.90E+00  2.03E-14  0.00E+00  0.00E+00  0.00E+00  0.00E+00  3.43E-15  1.39E-14  3.02E-15  5.08E-18
  8.70E+00  2.09E-14  0.00E+00  0.00E+00  0.00E+00  0.00E+00  3.31E-15  1.10E-14  6.61E-15  4.97E-18
  8.60E+00  2.29E-14  0.00E+00  0.00E+00  0.00E+00  0.00E+00  3.25E-15  9.80E-15  9.90E-15  4.91E-18
  8.50E+00  1.90E-14  0.00E+00  0.00E+00  0.00E+00  0.00E+00  3.19E-15  8.79E-15  7.06E-15  4.85E-18
  8.40E+00  1.60E-14  0.00E+00  0.00E+00  0.00E+00  0.00E+00  3.14E-15  7.81E-15  5.07E-15  4.80E-18
  8.20E+00  1.38E-14  0.00E+00  0.00E+00  0.00E+00  0.00E+00  3.02E-15  5.70E-15  5.11E-15  4.68E-18
  8.00E+00  1.40E-14  0.00E+00  0.00E+00  0.00E+00  0.00E+00  2.91E-15  3.69E-15  7.36E-15  4.57E-18
  7.90E+00  1.50E-14  0.00E+00  0.00E+00  0.00E+00  0.00E+00  2.85E-15  3.02E-15  9.12E-15  4.51E-18
  7.80E+00  1.60E-14  0.00E+00  0.00E+00  0.00E+00  0.00E+00  2.79E-15  2.39E-15  1.08E-14  4.45E-18
  7.70E+00  1.62E-14  0.00E+00  0.00E+00  0.00E+00  0.00E+00  2.73E-15  1.91E-15  1.16E-14  4.40E-18
  7.60E+00  1.49E-14  0.00E+00  0.00E+00  0.00E+00  0.00E+00  2.67E-15  1.58E-15  1.07E-14  4.34E-18
  7.50E+00  1.27E-14  0.00E+00  0.00E+00  0.00E+00  0.00E+00  2.61E-15  1.29E-15  8.79E-15  4.28E-18
  7.30E+00  8.93E-15  0.00E+00  0.00E+00  0.00E+00  0.00E+00  2.50E-15  1.02E-15  5.41E-15  4.10E-18
  7.20E+00  7.89E-15  0.00E+00  0.00E+00  0.00E+00  0.00E+00  2.44E-15  9.56E-16  4.49E-15  3.98E-18
  7.10E+00  7.65E-15  0.00E+00  0.00E+00  0.00E+00  0.00E+00  2.38E-15  9.01E-16  4.36E-15  3.86E-18
  7.00E+00  9.18E-15  0.00E+00  0.00E+00  0.00E+00  0.00E+00  2.33E-15  8.67E-16  5.98E-15  3.75E-18
  6.90E+00  6.61E-15  0.00E+00  0.00E+00  0.00E+00  0.00E+00  2.27E-15  8.37E-16  3.51E-15  3.63E-18
  6.80E+00  5.74E-15  0.00E+00  0.00E+00  0.00E+00  0.00E+00  2.21E-15  8.13E-16  2.71E-15  3.52E-18
  6.60E+00  5.41E-15  0.00E+00  0.00E+00  0.00E+00  0.00E+00  2.10E-15  7.66E-16  2.55E-15  3.31E-18
  6.40E+00  6.47E-15  0.00E+00  0.00E+00  0.00E+00  0.00E+00  1.99E-15  7.20E-16  3.76E-15  3.11E-18
  6.30E+00  8.39E-15  0.00E+00  0.00E+00  0.00E+00  0.00E+00  1.90E-15  6.96E-16  5.79E-15  3.01E-18
  6.20E+00  1.03E-14  0.00E+00  0.00E+00  0.00E+00  0.00E+00  1.88E-15  6.73E-16  7.75E-15  2.92E-18
  6.10E+00  8.03E-15  0.00E+00  0.00E+00  0.00E+00  0.00E+00  1.82E-15  6.48E-16  5.56E-15  2.82E-18
  5.90E+00  4.76E-15  0.00E+00  0.00E+00  0.00E+00  0.00E+00  1.71E-15  6.01E-16  2.45E-15  2.64E-18
  5.50E+00  3.95E-15  0.00E+00  0.00E+00  0.00E+00  0.00E+00  1.49E-15  5.24E-16  1.94E-15  2.31E-18
  5.30E+00  4.81E-15  0.00E+00  0.00E+00  0.00E+00  0.00E+00  1.38E-15  4.94E-16  2.94E-15  2.15E-18
  5.20E+00  6.33E-15  0.00E+00  0.00E+00  0.00E+00  0.00E+00  1.33E-15  4.80E-16  4.52E-15  2.08E-18
  5.10E+00  7.83E-15  0.00E+00  0.00E+00  0.00E+00  0.00E+00  1.27E-15  4.67E-16  6.09E-15  2.01E-18
  5.00E+00  5.98E-15  0.00E+00  0.00E+00  0.00E+00  0.00E+00  1.22E-15  4.55E-16  4.31E-15  1.94E-18
  4.80E+00  3.49E-15  0.00E+00  0.00E+00  0.00E+00  0.00E+00  1.11E-15  4.34E-16  1.95E-15  1.80E-18
  4.50E+00  2.76E-15  0.00E+00  0.00E+00  0.00E+00  0.00E+00  9.60E-16  4.07E-16  1.39E-15  1.61E-18
  4.00E+00  2.38E-15  0.00E+00  0.00E+00  0.00E+00  0.00E+00  7.24E-16  3.66E-16  1.29E-15  1.78E-18
  3.80E+00  2.30E-15  0.00E+00  0.00E+00  0.00E+00  0.00E+00  6.37E-16  3.49E-16  1.32E-15  1.84E-18
  3.60E+00  2.32E-15  0.00E+00  0.00E+00  0.00E+00  0.00E+00  5.56E-16  3.30E-16  1.44E-15  1.91E-18
  3.40E+00  3.33E-15  0.00E+00  0.00E+00  0.00E+00  0.00E+00  4.80E-16  3.10E-16  2.54E-15  1.96E-18
  3.30E+00  6.84E-15  0.00E+00  0.00E+00  0.00E+00  0.00E+00  4.44E-16  2.99E-16  6.10E-15  1.99E-18
  3.20E+00  2.97E-15  0.00E+00  0.00E+00  0.00E+00  0.00E+00  4.10E-16  2.87E-16  2.28E-15  2.02E-18
  3.15E+00  2.37E-15  0.00E+00  0.00E+00  0.00E+00  0.00E+00  3.93E-16  2.80E-16  1.70E-15  2.03E-18
  3.10E+00  2.10E-15  0.00E+00  0.00E+00  0.00E+00  0.00E+00  3.76E-16  2.74E-16  1.45E-15  2.04E-18
  3.08E+00  2.03E-15  0.00E+00  0.00E+00  0.00E+00  0.00E+00  3.70E-16  2.71E-16  1.39E-15  2.05E-18
  3.05E+00  1.95E-15  0.00E+00  0.00E+00  0.00E+00  0.00E+00  3.60E-16  2.68E-16  1.32E-15  2.05E-18
  3.00E+00  1.85E-15  0.00E+00  0.00E+00  0.00E+00  0.00E+00  3.45E-16  2.61E-16  1.25E-15  2.07E-18
  2.90E+00  1.72E-15  0.00E+00  0.00E+00  0.00E+00  0.00E+00  3.14E-16  2.48E-16  1.16E-15  2.09E-18
  2.80E+00  1.62E-15  0.00E+00  0.00E+00  0.00E+00  0.00E+00  2.85E-16  2.35E-16  1.10E-15  2.10E-18
  2.60E+00  1.45E-15  0.00E+00  0.00E+00  0.00E+00  0.00E+00  2.30E-16  2.06E-16  1.01E-15  2.25E-18
  2.50E+00  1.36E-15  0.00E+00  0.00E+00  0.00E+00  0.00E+00  2.05E-16  1.91E-16  9.63E-16  2.38E-18
  2.20E+00  1.09E-15  0.00E+00  0.00E+00  0.00E+00  0.00E+00  1.36E-16  1.44E-16  8.09E-16  2.81E-18
  2.16E+00  1.05E-15  0.00E+00  0.00E+00  0.00E+00  0.00E+00  1.27E-16  1.38E-16  7.86E-16  2.87E-18
  2.00E+00  9.00E-16  0.00E+00  0.00E+00  0.00E+00  0.00E+00  9.71E-17  1.12E-16  6.90E-16  3.10E-18
  1.66E+00  5.75E-16  0.00E+00  0.00E+00  0.00E+00  0.00E+00  4.60E-17  6.12E-17  4.68E-16  3.58E-18
  1.65E+00  5.64E-16  0.00E+00  0.00E+00  0.00E+00  0.00E+00  4.45E-17  5.95E-17  4.60E-16  3.59E-18
  1.25E+00  2.27E-16  0.00E+00  0.00E+00  0.00E+00  0.00E+00  1.06E-17  1.65E-17  2.00E-16  3.44E-18
  1.23E+00  2.17E-16  0.00E+00  0.00E+00  0.00E+00  0.00E+00  9.82E-18  1.55E-17  1.92E-16  3.42E-18
  1.13E+00  1.50E-16  0.00E+00  0.00E+00  0.00E+00  0.00E+00  5.58E-18  9.14E-18  1.35E-16  3.31E-18
  1.00E+00  8.37E-17  0.00E+00  0.00E+00  0.00E+00  0.00E+00  2.34E-18  3.99E-18  7.74E-17  3.14E-18
  9.50E-01  6.37E-17  0.00E+00  0.00E+00  0.00E+00  0.00E+00  1.56E-18  2.71E-18  5.94E-17  3.03E-18
  9.30E-01  5.66E-17  0.00E+00  0.00E+00  0.00E+00  0.00E+00  1.31E-18  2.29E-18  5.30E-17  2.99E-18
  9.20E-01  5.32E-17  0.00E+00  0.00E+00  0.00E+00  0.00E+00  1.20E-18  2.10E-18  4.99E-17  2.97E-18
  9.10E-01  4.99E-17  0.00E+00  0.00E+00  0.00E+00  0.00E+00  1.09E-18  1.92E-18  4.69E-17  2.94E-18
  9.00E-01  4.68E-17  0.00E+00  0.00E+00  0.00E+00  0.00E+00  9.93E-19  1.75E-18  4.41E-17  2.92E-18
  8.90E-01  4.38E-17  0.00E+00  0.00E+00  0.00E+00  0.00E+00  9.01E-19  1.60E-18  4.13E-17  2.90E-18
  8.80E-01  4.09E-17  0.00E+00  0.00E+00  0.00E+00  0.00E+00  8.16E-19  1.45E-18  3.86E-17  2.87E-18
  8.70E-01  3.81E-17  0.00E+00  0.00E+00  0.00E+00  0.00E+00  7.37E-19  1.31E-18  3.61E-17  2.85E-18
  8.60E-01  3.55E-17  0.00E+00  0.00E+00  0.00E+00  0.00E+00  6.64E-19  1.19E-18  3.36E-17  2.83E-18
  8.50E-01  3.30E-17  0.00E+00  0.00E+00  0.00E+00  0.00E+00  5.96E-19  1.07E-18  3.13E-17  2.80E-18
  8.40E-01  3.05E-17  0.00E+00  0.00E+00  0.00E+00  0.00E+00  5.34E-19  9.63E-19  2.91E-17  2.78E-18
  8.33E-01  2.89E-17  0.00E+00  0.00E+00  0.00E+00  0.00E+00  4.93E-19  8.92E-19  2.75E-17  2.76E-18
  8.20E-01  2.61E-17  0.00E+00  0.00E+00  0.00E+00  0.00E+00  4.24E-19  7.72E-19  2.49E-17  2.73E-18
  8.10E-01  2.40E-17  0.00E+00  0.00E+00  0.00E+00  0.00E+00  3.76E-19  6.88E-19  2.29E-17  2.71E-18
  8.00E-01  2.21E-17  0.00E+00  0.00E+00  0.00E+00  0.00E+00  3.32E-19  6.11E-19  2.11E-17  2.68E-18
  7.90E-01  2.02E-17  0.00E+00  0.00E+00  0.00E+00  0.00E+00  2.93E-19  5.41E-19  1.94E-17  2.66E-18
  7.80E-01  1.85E-17  0.00E+00  0.00E+00  0.00E+00  0.00E+00  2.57E-19  4.77E-19  1.77E-17  2.63E-18
  7.70E-01  1.68E-17  0.00E+00  0.00E+00  0.00E+00  0.00E+00  2.25E-19  4.20E-19  1.62E-17  2.61E-18
  7.60E-01  1.53E-17  0.00E+00  0.00E+00  0.00E+00  0.00E+00  1.96E-19  3.68E-19  1.47E-17  2.58E-18
  7.50E-01  1.39E-17  0.00E+00  0.00E+00  0.00E+00  0.00E+00  1.70E-19  3.21E-19  1.34E-17  2.56E-18
  7.40E-01  1.25E-17  0.00E+00  0.00E+00  0.00E+00  0.00E+00  1.47E-19  2.79E-19  1.21E-17  2.53E-18
  7.30E-01  1.13E-17  0.00E+00  0.00E+00  0.00E+00  0.00E+00  1.27E-19  2.41E-19  1.09E-17  2.50E-18
  7.14E-01  9.47E-18  0.00E+00  0.00E+00  0.00E+00  0.00E+00  9.85E-20  1.90E-19  9.18E-18  2.46E-18
  7.10E-01  9.05E-18  0.00E+00  0.00E+00  0.00E+00  0.00E+00  9.23E-20  1.78E-19  8.78E-18  2.45E-18
  7.00E-01  8.07E-18  0.00E+00  0.00E+00  0.00E+00  0.00E+00  7.83E-20  1.52E-19  7.84E-18  2.42E-18
  6.90E-01  7.16E-18  0.00E+00  0.00E+00  0.00E+00  0.00E+00  6.60E-20  1.29E-19  6.97E-18  2.40E-18
  6.80E-01  6.34E-18  0.00E+00  0.00E+00  0.00E+00  0.00E+00  5.54E-20  1.09E-19  6.17E-18  2.37E-18
  6.70E-01  5.58E-18  0.00E+00  0.00E+00  0.00E+00  0.00E+00  4.62E-20  9.20E-20  5.44E-18  2.34E-18
  6.60E-01  4.89E-18  0.00E+00  0.00E+00  0.00E+00  0.00E+00  3.83E-20  7.69E-20  4.78E-18  2.32E-18
  6.50E-01  4.27E-18  0.00E+00  0.00E+00  0.00E+00  0.00E+00  3.15E-20  6.39E-20  4.17E-18  2.29E-18
  6.40E-01  3.71E-18  0.00E+00  0.00E+00  0.00E+00  0.00E+00  2.58E-20  5.28E-20  3.63E-18  2.26E-18
  6.30E-01  3.20E-18  0.00E+00  0.00E+00  0.00E+00  0.00E+00  2.10E-20  4.33E-20  3.14E-18  2.23E-18
  6.25E-01  2.97E-18  0.00E+00  0.00E+00  0.00E+00  0.00E+00  1.89E-20  3.92E-20  2.91E-18  2.22E-18
  6.20E-01  2.75E-18  0.00E+00  0.00E+00  0.00E+00  0.00E+00  1.69E-20  3.53E-20  2.70E-18  2.20E-18
  6.10E-01  2.35E-18  0.00E+00  0.00E+00  0.00E+00  0.00E+00  1.36E-20  2.86E-20  2.31E-18  2.18E-18
  6.00E-01  2.00E-18  0.00E+00  0.00E+00  0.00E+00  0.00E+00  1.08E-20  2.30E-20  1.97E-18  2.12E-18
  5.90E-01  1.69E-18  0.00E+00  0.00E+00  0.00E+00  0.00E+00  8.49E-21  1.83E-20  1.66E-18  2.05E-18
  5.80E-01  1.42E-18  0.00E+00  0.00E+00  0.00E+00  0.00E+00  6.62E-21  1.45E-20  1.40E-18  1.98E-18
  5.70E-01  1.18E-18  0.00E+00  0.00E+00  0.00E+00  0.00E+00  5.12E-21  1.13E-20  1.17E-18  1.91E-18
  5.60E-01  9.79E-19  0.00E+00  0.00E+00  0.00E+00  0.00E+00  3.92E-21  8.79E-21  9.66E-19  1.85E-18
  5.50E-01  8.04E-19  0.00E+00  0.00E+00  0.00E+00  0.00E+00  2.96E-21  6.76E-21  7.94E-19  1.79E-18
  5.48E-01  1.13E-18  0.00E+00  0.00E+00  0.00E+00  0.00E+00  2.78E-21  6.35E-21  1.12E-18  1.77E-18
  5.40E-01  9.66E-19  0.00E+00  0.00E+00  0.00E+00  0.00E+00  2.23E-21  5.14E-21  9.58E-19  1.73E-18
  5.30E-01  7.85E-19  0.00E+00  0.00E+00  0.00E+00  0.00E+00  1.65E-21  3.87E-21  7.79E-19  1.67E-18
  5.20E-01  6.32E-19  0.00E+00  0.00E+00  0.00E+00  0.00E+00  1.21E-21  2.88E-21  6.28E-19  1.61E-18
  5.10E-01  5.05E-19  0.00E+00  0.00E+00  0.00E+00  0.00E+00  8.77E-22  2.11E-21  5.02E-19  1.55E-18
  5.00E-01  3.99E-19  0.00E+00  0.00E+00  0.00E+00  0.00E+00  6.25E-22  1.53E-21  3.97E-19  1.50E-18
  4.90E-01  3.13E-19  0.00E+00  0.00E+00  0.00E+00  0.00E+00  4.39E-22  1.09E-21  3.11E-19  1.44E-18
  4.88E-01  2.98E-19  0.00E+00  0.00E+00  0.00E+00  0.00E+00  4.08E-22  1.02E-21  2.96E-19  1.43E-18
  4.80E-01  2.42E-19  0.00E+00  0.00E+00  0.00E+00  0.00E+00  3.05E-22  7.72E-22  2.41E-19  1.39E-18
  4.76E-01  2.18E-19  0.00E+00  0.00E+00  0.00E+00  0.00E+00  2.63E-22  6.68E-22  2.17E-19  1.37E-18
  4.70E-01  1.86E-19  0.00E+00  0.00E+00  0.00E+00  0.00E+00  2.09E-22  5.35E-22  1.85E-19  1.32E-18
  4.65E-01  1.62E-19  0.00E+00  0.00E+00  0.00E+00  0.00E+00  1.71E-22  4.43E-22  1.61E-19  1.26E-18
  4.60E-01  1.41E-19  0.00E+00  0.00E+00  0.00E+00  0.00E+00  1.40E-22  3.65E-22  1.40E-19  1.20E-18
  4.55E-01  1.22E-19  0.00E+00  0.00E+00  0.00E+00  0.00E+00  1.14E-22  2.99E-22  1.21E-19  1.14E-18
  4.50E-01  1.05E-19  0.00E+00  0.00E+00  0.00E+00  0.00E+00  9.23E-23  2.45E-22  1.05E-19  1.09E-18
  4.44E-01  8.78E-20  0.00E+00  0.00E+00  0.00E+00  0.00E+00  7.12E-23  1.91E-22  8.75E-20  1.02E-18
  4.35E-01  6.63E-20  0.00E+00  0.00E+00  0.00E+00  0.00E+00  4.75E-23  1.29E-22  6.61E-20  9.35E-19
  4.17E-01  3.64E-20  0.00E+00  0.00E+00  0.00E+00  0.00E+00  2.01E-23  5.65E-23  3.64E-20  7.81E-19
  4.00E-01  1.97E-20  0.00E+00  0.00E+00  0.00E+00  0.00E+00  8.28E-24  2.41E-23  1.97E-20  6.57E-19
  3.85E-01  1.10E-20  0.00E+00  0.00E+00  0.00E+00  0.00E+00  3.51E-24  1.06E-23  1.09E-20  5.64E-19
  3.66E-01  4.79E-21  0.00E+00  0.00E+00  0.00E+00  0.00E+00  1.03E-24  3.31E-24  4.78E-21  4.62E-19
  3.57E-01  3.23E-21  0.00E+00  0.00E+00  0.00E+00  0.00E+00  5.74E-25  1.89E-24  3.23E-21  4.24E-19
  3.33E-01  9.76E-22  0.00E+00  0.00E+00  0.00E+00  0.00E+00  9.48E-26  3.39E-25  9.75E-22  3.33E-19
  3.13E-01  3.19E-22  0.00E+00  0.00E+00  0.00E+00  0.00E+00  1.73E-26  6.58E-26  3.19E-22  2.71E-19
  3.00E-01  1.45E-22  0.00E+00  0.00E+00  0.00E+00  0.00E+00  5.13E-27  2.00E-26  1.45E-22  2.37E-19
  2.94E-01  9.88E-23  0.00E+00  0.00E+00  0.00E+00  0.00E+00  2.81E-27  1.11E-26  9.88E-23  2.22E-19
  2.78E-01  3.38E-23  0.00E+00  0.00E+00  0.00E+00  0.00E+00  5.01E-28  2.05E-27  3.38E-23  1.96E-19
  2.63E-01  1.16E-23  0.00E+00  0.00E+00  0.00E+00  0.00E+00  8.48E-29  3.46E-28  1.16E-23  1.81E-19
  2.50E-01  4.27E-24  0.00E+00  0.00E+00  0.00E+00  0.00E+00  1.57E-29  6.17E-29  4.27E-24  1.68E-19
  2.38E-01  1.48E-24  0.00E+00  0.00E+00  0.00E+00  0.00E+00  3.09E-30  1.03E-29  1.48E-24  1.57E-19
  2.27E-01  3.90E-25  0.00E+00  0.00E+00  0.00E+00  0.00E+00  6.23E-31  1.75E-30  3.90E-25  1.47E-19
  2.17E-01  6.78E-26  0.00E+00  0.00E+00  0.00E+00  0.00E+00  1.18E-31  3.22E-31  6.78E-26  1.48E-19
  2.08E-01  9.88E-27  0.00E+00  0.00E+00  0.00E+00  0.00E+00  0.00E+00  6.80E-32  9.88E-27  1.54E-19
  2.00E-01  1.53E-27  0.00E+00  0.00E+00  0.00E+00  0.00E+00  0.00E+00  0.00E+00  1.53E-27  1.60E-19
  1.92E-01  2.13E-28  0.00E+00  0.00E+00  0.00E+00  0.00E+00  0.00E+00  0.00E+00  2.13E-28  1.65E-19
  1.85E-01  3.51E-29  0.00E+00  0.00E+00  0.00E+00  0.00E+00  0.00E+00  0.00E+00  3.51E-29  1.69E-19
  1.79E-01  7.01E-30  0.00E+00  0.00E+00  0.00E+00  0.00E+00  0.00E+00  0.00E+00  7.01E-30  1.66E-19
  1.72E-01  9.78E-31  0.00E+00  0.00E+00  0.00E+00  0.00E+00  0.00E+00  0.00E+00  9.78E-31  1.60E-19
  1.67E-01  2.24E-31  0.00E+00  0.00E+00  0.00E+00  0.00E+00  0.00E+00  0.00E+00  2.24E-31  1.55E-19
  1.61E-01  3.53E-32  0.00E+00  0.00E+00  0.00E+00  0.00E+00  0.00E+00  0.00E+00  3.53E-32  1.49E-19
  1.56E-01  0.00E+00  0.00E+00  0.00E+00  0.00E+00  0.00E+00  0.00E+00  0.00E+00  0.00E+00  1.45E-19
  1.52E-01  0.00E+00  0.00E+00  0.00E+00  0.00E+00  0.00E+00  0.00E+00  0.00E+00  0.00E+00  1.41E-19
  1.47E-01  0.00E+00  0.00E+00  0.00E+00  0.00E+00  0.00E+00  0.00E+00  0.00E+00  0.00E+00  1.34E-19
  1.43E-01  0.00E+00  0.00E+00  0.00E+00  0.00E+00  0.00E+00  0.00E+00  0.00E+00  0.00E+00  1.28E-19
  1.39E-01  0.00E+00  0.00E+00  0.00E+00  0.00E+00  0.00E+00  0.00E+00  0.00E+00  0.00E+00  1.22E-19
  1.35E-01  0.00E+00  0.00E+00  0.00E+00  0.00E+00  0.00E+00  0.00E+00  0.00E+00  0.00E+00  1.16E-19
  1.32E-01  0.00E+00  0.00E+00  0.00E+00  0.00E+00  0.00E+00  0.00E+00  0.00E+00  0.00E+00  1.11E-19
  1.28E-01  0.00E+00  0.00E+00  0.00E+00  0.00E+00  0.00E+00  0.00E+00  0.00E+00  0.00E+00  1.05E-19
  1.25E-01  0.00E+00  0.00E+00  0.00E+00  0.00E+00  0.00E+00  0.00E+00  0.00E+00  0.00E+00  1.00E-19
  1.22E-01  0.00E+00  0.00E+00  0.00E+00  0.00E+00  0.00E+00  0.00E+00  0.00E+00  0.00E+00  9.58E-20
  1.19E-01  0.00E+00  0.00E+00  0.00E+00  0.00E+00  0.00E+00  0.00E+00  0.00E+00  0.00E+00  9.11E-20
  1.16E-01  0.00E+00  0.00E+00  0.00E+00  0.00E+00  0.00E+00  0.00E+00  0.00E+00  0.00E+00  8.65E-20
  1.14E-01  0.00E+00  0.00E+00  0.00E+00  0.00E+00  0.00E+00  0.00E+00  0.00E+00  0.00E+00  8.35E-20
  1.11E-01  0.00E+00  0.00E+00  0.00E+00  0.00E+00  0.00E+00  0.00E+00  0.00E+00  0.00E+00  7.92E-20
  1.08E-01  0.00E+00  0.00E+00  0.00E+00  0.00E+00  0.00E+00  0.00E+00  0.00E+00  0.00E+00  7.25E-20
  1.05E-01  0.00E+00  0.00E+00  0.00E+00  0.00E+00  0.00E+00  0.00E+00  0.00E+00  0.00E+00  6.64E-20
  1.03E-01  0.00E+00  0.00E+00  0.00E+00  0.00E+00  0.00E+00  0.00E+00  0.00E+00  0.00E+00  6.25E-20
  1.00E-01  0.00E+00  0.00E+00  0.00E+00  0.00E+00  0.00E+00  0.00E+00  0.00E+00  0.00E+00  5.71E-20
  9.75E-02  0.00E+00  0.00E+00  0.00E+00  0.00E+00  0.00E+00  0.00E+00  0.00E+00  0.00E+00  5.15E-20
  9.50E-02  0.00E+00  0.00E+00  0.00E+00  0.00E+00  0.00E+00  0.00E+00  0.00E+00  0.00E+00  4.65E-20
  9.25E-02  0.00E+00  0.00E+00  0.00E+00  0.00E+00  0.00E+00  0.00E+00  0.00E+00  0.00E+00  4.19E-20
  9.08E-02  0.00E+00  0.00E+00  0.00E+00  0.00E+00  0.00E+00  0.00E+00  0.00E+00  0.00E+00  3.90E-20
