 # Polarisation optical depth (Siebenmorgen 2023, A&A 670A,115; SC 2023 doi: 10.48550/arXiv.2311.03310)
 # wel         sigp_aC     sigp_Si      sigp_dark    sigt
 #----------------------------------------------------------------------------------------
   1.000E+00   1.080E-08   3.794E-08   1.594E-07   2.164E-06
   9.000E-01   1.265E-08   4.479E-08   1.854E-07   2.532E-06
   8.000E-01   1.511E-08   5.396E-08   2.196E-07   3.022E-06
   7.000E-01   1.851E-08   6.668E-08   2.662E-07   3.691E-06
   6.000E-01   2.342E-08   8.522E-08   3.329E-07   4.658E-06
   5.500E-01   2.677E-08   9.791E-08   3.779E-07   5.316E-06
   5.000E-01   3.101E-08   1.140E-07   4.343E-07   6.141E-06
   4.500E-01   3.652E-08   1.350E-07   5.070E-07   7.215E-06
   4.000E-01   4.389E-08   1.631E-07   6.029E-07   8.636E-06
   3.500E-01   5.414E-08   2.023E-07   7.350E-07   1.061E-05
   3.000E-01   6.913E-08   2.595E-07   9.246E-07   1.346E-05
   2.500E-01   9.257E-08   3.488E-07   1.216E-06   1.787E-05
   2.098E-01   1.230E-07   4.638E-07   1.586E-06   2.352E-05
   1.500E-01   2.137E-07   8.029E-07   2.656E-06   4.002E-05
   1.382E-01   2.451E-07   9.180E-07   3.017E-06   4.565E-05
   1.320E-01   2.648E-07   9.898E-07   3.241E-06   4.914E-05
   1.150E-01   3.344E-07   1.242E-06   4.026E-06   6.139E-05
   1.000E-01   4.252E-07   1.562E-06   5.029E-06   7.703E-05
   9.970E-02   4.275E-07   1.570E-06   5.054E-06   7.742E-05
   8.670E-02   5.382E-07   1.981E-06   6.270E-06   9.683E-05
   8.500E-02   5.575E-07   2.048E-06   6.484E-06   1.001E-04
   7.500E-02   7.074E-07   2.520E-06   8.087E-06   1.245E-04
   6.000E-02   1.040E-06   3.647E-06   1.143E-05   1.784E-04
   5.500E-02   1.205E-06   4.094E-06   1.317E-05   2.044E-04
   5.000E-02   1.435E-06   5.092E-06   1.558E-05   2.453E-04
   4.500E-02   1.769E-06   6.768E-06   1.897E-05   3.066E-04
   4.000E-02   2.274E-06   9.085E-06   2.373E-05   3.929E-04
   3.500E-02   2.851E-06   1.388E-05   2.903E-05   5.212E-04
   3.000E-02   4.031E-06   2.168E-05   3.947E-05   7.501E-04
   2.750E-02   4.813E-06   2.727E-05   4.580E-05   9.049E-04
   2.500E-02   5.803E-06   3.468E-05   5.442E-05   1.112E-03
   2.400E-02   6.373E-06   3.835E-05   5.825E-05   1.212E-03
   2.000E-02   9.354E-06   5.902E-05   8.082E-05   1.783E-03
   1.800E-02   1.169E-05   7.246E-05   9.846E-05   2.198E-03
   1.600E-02   1.560E-05   8.894E-05   1.225E-04   2.759E-03
   1.500E-02   1.863E-05   9.895E-05   1.377E-04   3.122E-03
   1.400E-02   2.120E-05   1.101E-04   1.520E-04   3.496E-03
   1.200E-02   3.254E-05   1.373E-04   1.996E-04   4.640E-03
   1.000E-02   4.957E-05   1.759E-04   2.652E-04   6.326E-03
   9.000E-03   6.622E-05   1.974E-04   3.165E-04   7.584E-03
   8.000E-03   8.670E-05   2.269E-04   3.641E-04   9.090E-03
   7.500E-03   1.017E-04   2.500E-04   4.077E-04   1.025E-02
   7.000E-03   1.217E-04   2.784E-04   4.491E-04   1.165E-02
   6.000E-03   1.704E-04   3.515E-04   5.561E-04   1.530E-02
   5.000E-03   2.305E-04   4.854E-04   7.023E-04   2.118E-02
   4.500E-03   2.714E-04   5.776E-04   8.042E-04   2.562E-02
   4.000E-03   3.050E-04   6.778E-04   9.216E-04   3.116E-02
   3.500E-03   3.466E-04   7.785E-04   1.083E-03   3.826E-02
   3.000E-03   3.901E-04   8.500E-04   1.299E-03   4.738E-02
   2.750E-03   4.043E-04   8.661E-04   1.422E-03   5.253E-02
   2.500E-03   4.107E-04   8.707E-04   1.559E-03   5.850E-02
   2.400E-03   4.170E-04   8.701E-04   1.618E-03   6.128E-02
   2.350E-03   4.206E-04   8.703E-04   1.650E-03   6.288E-02
   2.320E-03   4.219E-04   8.706E-04   1.667E-03   6.384E-02
   2.310E-03   4.224E-04   8.710E-04   1.672E-03   6.417E-02
   2.300E-03   4.230E-04   8.706E-04   1.678E-03   6.449E-02
   2.250E-03   4.238E-04   8.723E-04   1.710E-03   6.627E-02
   2.200E-03   4.250E-04   8.728E-04   1.738E-03   6.822E-02
   2.150E-03   4.278E-04   8.711E-04   1.763E-03   7.023E-02
   2.120E-03   4.291E-04   8.661E-04   1.778E-03   7.149E-02
   2.110E-03   4.291E-04   8.645E-04   1.782E-03   7.192E-02
   2.100E-03   4.288E-04   8.622E-04   1.786E-03   7.234E-02
   2.080E-03   4.276E-04   8.559E-04   1.790E-03   7.308E-02
   2.000E-03   4.262E-04   8.274E-04   1.818E-03   7.637E-02
   1.950E-03   4.279E-04   7.968E-04   1.812E-03   7.835E-02
   1.900E-03   4.323E-04   7.570E-04   1.792E-03   7.983E-02
   1.850E-03   4.365E-04   7.070E-04   1.749E-03   8.044E-02
   1.830E-03   4.381E-04   6.843E-04   1.725E-03   8.045E-02
   1.820E-03   4.380E-04   6.722E-04   1.711E-03   8.035E-02
   1.810E-03   4.386E-04   6.597E-04   1.699E-03   8.017E-02
   1.800E-03   4.394E-04   6.475E-04   1.687E-03   7.999E-02
   1.750E-03   4.428E-04   5.780E-04   1.618E-03   7.838E-02
   1.700E-03   4.426E-04   5.043E-04   1.547E-03   7.533E-02
   1.670E-03   4.468E-04   4.600E-04   1.516E-03   7.322E-02
   1.650E-03   4.508E-04   4.310E-04   1.497E-03   7.164E-02
   1.640E-03   4.518E-04   4.169E-04   1.485E-03   7.077E-02
   1.630E-03   4.528E-04   4.029E-04   1.475E-03   6.988E-02
   1.610E-03   4.541E-04   3.757E-04   1.457E-03   6.800E-02
   1.600E-03   4.551E-04   3.626E-04   1.450E-03   6.704E-02
   1.590E-03   4.561E-04   3.501E-04   1.442E-03   6.609E-02
   1.580E-03   4.568E-04   3.383E-04   1.436E-03   6.514E-02
   1.570E-03   4.565E-04   3.272E-04   1.429E-03   6.414E-02
   1.560E-03   4.583E-04   3.175E-04   1.426E-03   6.326E-02
   1.540E-03   4.612E-04   3.018E-04   1.419E-03   6.171E-02
   1.520E-03   4.606E-04   2.922E-04   1.412E-03   6.027E-02
   1.510E-03   4.603E-04   2.900E-04   1.409E-03   5.967E-02
   1.500E-03   4.592E-04   2.891E-04   1.407E-03   5.913E-02
   1.450E-03   4.612E-04   2.999E-04   1.431E-03   5.768E-02
   1.440E-03   4.620E-04   3.038E-04   1.440E-03   5.760E-02
   1.430E-03   4.627E-04   3.071E-04   1.458E-03   5.772E-02
   1.420E-03   4.633E-04   3.103E-04   1.477E-03   5.784E-02
   1.400E-03   4.657E-04   3.176E-04   1.527E-03   5.852E-02
   1.380E-03   4.671E-04   3.245E-04   1.592E-03   5.961E-02
   1.370E-03   4.679E-04   3.283E-04   1.632E-03   6.045E-02
   1.360E-03   4.694E-04   3.322E-04   1.676E-03   6.142E-02
   1.350E-03   4.712E-04   3.369E-04   1.721E-03   6.244E-02
   1.340E-03   4.726E-04   3.416E-04   1.766E-03   6.359E-02
   1.330E-03   4.733E-04   3.475E-04   1.811E-03   6.479E-02
   1.320E-03   4.745E-04   3.535E-04   1.858E-03   6.603E-02
   1.310E-03   4.740E-04   3.606E-04   1.903E-03   6.734E-02
   1.290E-03   4.718E-04   3.775E-04   1.996E-03   7.002E-02
   1.280E-03   4.715E-04   3.864E-04   2.047E-03   7.163E-02
   1.270E-03   4.724E-04   3.940E-04   2.102E-03   7.325E-02
   1.260E-03   4.728E-04   4.052E-04   2.154E-03   7.490E-02
   1.250E-03   4.727E-04   4.199E-04   2.202E-03   7.662E-02
   1.220E-03   4.794E-04   5.069E-04   2.362E-03   8.325E-02
   1.210E-03   4.791E-04   5.635E-04   2.410E-03   8.627E-02
   1.200E-03   4.789E-04   6.296E-04   2.460E-03   8.966E-02
   1.190E-03   4.821E-04   6.982E-04   2.514E-03   9.336E-02
   1.180E-03   4.832E-04   7.622E-04   2.553E-03   9.699E-02
   1.170E-03   4.840E-04   8.170E-04   2.591E-03   1.005E-01
   1.160E-03   4.851E-04   8.611E-04   2.622E-03   1.038E-01
   1.150E-03   4.842E-04   8.954E-04   2.648E-03   1.071E-01
   1.140E-03   4.830E-04   9.224E-04   2.676E-03   1.100E-01
   1.130E-03   4.826E-04   9.437E-04   2.706E-03   1.130E-01
   1.120E-03   4.824E-04   9.618E-04   2.729E-03   1.160E-01
   1.110E-03   4.817E-04   9.784E-04   2.749E-03   1.189E-01
   1.090E-03   4.824E-04   1.007E-03   2.776E-03   1.249E-01
   1.050E-03   4.886E-04   1.032E-03   2.760E-03   1.390E-01
   1.000E-03   4.983E-04   1.001E-03   2.432E-03   1.505E-01
   9.800E-04   5.028E-04   9.541E-04   2.295E-03   1.542E-01
   9.600E-04   5.066E-04   8.836E-04   2.106E-03   1.568E-01
   9.500E-04   5.098E-04   8.417E-04   1.980E-03   1.569E-01
   9.400E-04   5.093E-04   7.981E-04   1.838E-03   1.554E-01
   9.200E-04   5.106E-04   7.127E-04   1.553E-03   1.476E-01
   8.900E-04   5.168E-04   5.861E-04   1.256E-03   1.283E-01
   8.700E-04   5.139E-04   5.164E-04   1.153E-03   1.156E-01
   8.600E-04   5.169E-04   4.857E-04   1.123E-03   1.105E-01
   8.500E-04   5.164E-04   4.538E-04   1.091E-03   1.056E-01
   8.400E-04   5.201E-04   4.199E-04   1.059E-03   1.006E-01
   8.200E-04   5.159E-04   3.506E-04   9.790E-04   8.823E-02
   8.000E-04   5.179E-04   2.932E-04   9.295E-04   7.565E-02
   7.900E-04   5.205E-04   2.725E-04   9.381E-04   7.155E-02
   7.800E-04   5.181E-04   2.558E-04   9.392E-04   6.748E-02
   7.700E-04   5.160E-04   2.414E-04   9.505E-04   6.432E-02
   7.600E-04   5.143E-04   2.287E-04   9.721E-04   6.211E-02
   7.500E-04   5.126E-04   2.173E-04   9.958E-04   6.017E-02
   7.300E-04   5.154E-04   1.999E-04   1.072E-03   5.897E-02
   7.200E-04   5.133E-04   1.952E-04   1.105E-03   5.889E-02
   7.100E-04   5.125E-04   1.928E-04   1.144E-03   5.899E-02
   7.000E-04   5.155E-04   1.898E-04   1.185E-03   5.955E-02
   6.900E-04   5.118E-04   1.841E-04   1.215E-03   5.970E-02
   6.800E-04   5.017E-04   1.762E-04   1.240E-03   5.925E-02
   6.600E-04   5.083E-04   1.622E-04   1.336E-03   6.007E-02
   6.400E-04   5.233E-04   1.437E-04   1.438E-03   6.155E-02
   6.300E-04   5.301E-04   1.360E-04   1.482E-03   6.246E-02
   6.200E-04   5.285E-04   1.354E-04   1.517E-03   6.312E-02
   6.100E-04   5.318E-04   1.357E-04   1.561E-03   6.405E-02
   5.900E-04   5.466E-04   1.138E-04   1.658E-03   6.590E-02
   5.500E-04   5.089E-04   8.955E-05   1.782E-03   6.624E-02
   5.300E-04   5.156E-04   8.255E-05   1.905E-03   6.850E-02
   5.200E-04   5.160E-04   7.902E-05   1.963E-03   6.957E-02
   5.100E-04   5.215E-04   7.540E-05   2.030E-03   7.106E-02
   5.000E-04   5.265E-04   7.204E-05   2.095E-03   7.259E-02
   4.800E-04   5.315E-04   6.705E-05   2.219E-03   7.566E-02
   4.500E-04   5.438E-04   6.189E-05   2.402E-03   8.144E-02
   4.000E-04   5.636E-04   5.898E-05   2.711E-03   9.337E-02
   3.800E-04   5.772E-04   6.049E-05   2.818E-03   9.950E-02
   3.600E-04   5.931E-04   6.421E-05   2.906E-03   1.064E-01
   3.400E-04   6.197E-04   7.099E-05   2.954E-03   1.147E-01
   3.300E-04   6.178E-04   7.581E-05   2.968E-03   1.181E-01
   3.200E-04   6.251E-04   8.174E-05   2.995E-03   1.223E-01
   3.150E-04   6.332E-04   8.533E-05   3.009E-03   1.248E-01
   3.100E-04   6.409E-04   8.928E-05   3.018E-03   1.273E-01
   3.080E-04   6.433E-04   9.097E-05   3.022E-03   1.283E-01
   3.050E-04   6.465E-04   9.364E-05   3.028E-03   1.298E-01
   3.000E-04   6.529E-04   9.857E-05   3.040E-03   1.324E-01
   2.900E-04   6.699E-04   1.100E-04   3.064E-03   1.380E-01
   2.800E-04   6.794E-04   1.243E-04   3.093E-03   1.435E-01
   2.600E-04   7.179E-04   1.638E-04   3.168E-03   1.570E-01
   2.500E-04   7.462E-04   1.912E-04   3.199E-03   1.650E-01
   2.200E-04   8.693E-04   3.255E-04   3.211E-03   1.936E-01
   2.159E-04   8.872E-04   3.529E-04   3.205E-03   1.979E-01
   2.000E-04   9.898E-04   4.925E-04   3.176E-03   2.169E-01
   1.662E-04   1.319E-03   1.117E-03   3.044E-03   2.677E-01
   1.650E-04   1.335E-03   1.153E-03   3.035E-03   2.699E-01
   1.250E-04   2.192E-03   3.686E-03   2.494E-03   3.679E-01
   1.235E-04   2.236E-03   3.858E-03   2.467E-03   3.730E-01
   1.130E-04   2.565E-03   5.298E-03   2.249E-03   4.135E-01
   1.000E-04   2.994E-03   7.702E-03   1.916E-03   4.811E-01
   9.500E-05   3.131E-03   8.814E-03   1.770E-03   5.146E-01
   9.300E-05   3.177E-03   9.287E-03   1.715E-03   5.294E-01
   9.200E-05   3.198E-03   9.528E-03   1.688E-03   5.372E-01
   9.100E-05   3.217E-03   9.772E-03   1.661E-03   5.452E-01
   9.000E-05   3.235E-03   1.002E-02   1.634E-03   5.535E-01
   8.900E-05   3.251E-03   1.027E-02   1.607E-03   5.620E-01
   8.800E-05   3.266E-03   1.052E-02   1.579E-03   5.709E-01
   8.700E-05   3.280E-03   1.077E-02   1.551E-03   5.801E-01
   8.600E-05   3.294E-03   1.103E-02   1.522E-03   5.895E-01
   8.500E-05   3.306E-03   1.128E-02   1.494E-03   5.994E-01
   8.400E-05   3.318E-03   1.154E-02   1.467E-03   6.097E-01
   8.330E-05   3.326E-03   1.171E-02   1.449E-03   6.171E-01
   8.200E-05   3.340E-03   1.204E-02   1.418E-03   6.314E-01
   8.100E-05   3.350E-03   1.228E-02   1.395E-03   6.429E-01
   8.000E-05   3.359E-03   1.253E-02   1.370E-03   6.549E-01
   7.900E-05   3.368E-03   1.276E-02   1.347E-03   6.673E-01
   7.800E-05   3.375E-03   1.299E-02   1.322E-03   6.802E-01
   7.700E-05   3.382E-03   1.321E-02   1.297E-03   6.936E-01
   7.600E-05   3.388E-03   1.341E-02   1.273E-03   7.075E-01
   7.500E-05   3.393E-03   1.361E-02   1.251E-03   7.218E-01
   7.400E-05   3.397E-03   1.380E-02   1.230E-03   7.366E-01
   7.300E-05   3.401E-03   1.397E-02   1.208E-03   7.519E-01
   7.140E-05   3.405E-03   1.421E-02   1.173E-03   7.773E-01
   7.100E-05   3.406E-03   1.427E-02   1.164E-03   7.839E-01
   7.000E-05   3.408E-03   1.439E-02   1.141E-03   8.006E-01
   6.900E-05   3.408E-03   1.451E-02   1.118E-03   8.178E-01
   6.800E-05   3.408E-03   1.461E-02   1.095E-03   8.356E-01
   6.700E-05   3.407E-03   1.470E-02   1.073E-03   8.540E-01
   6.600E-05   3.403E-03   1.477E-02   1.048E-03   8.728E-01
   6.500E-05   3.397E-03   1.485E-02   1.023E-03   8.924E-01
   6.400E-05   3.388E-03   1.492E-02   9.970E-04   9.125E-01
   6.300E-05   3.377E-03   1.500E-02   9.691E-04   9.334E-01
   6.250E-05   3.369E-03   1.504E-02   9.547E-04   9.440E-01
   6.200E-05   3.360E-03   1.509E-02   9.407E-04   9.549E-01
   6.100E-05   3.339E-03   1.520E-02   9.124E-04   9.771E-01
   6.000E-05   3.313E-03   1.533E-02   8.822E-04   1.000E+00
   5.900E-05   3.281E-03   1.548E-02   8.520E-04   1.024E+00
   5.800E-05   3.242E-03   1.566E-02   8.222E-04   1.048E+00
   5.700E-05   3.198E-03   1.585E-02   7.917E-04   1.073E+00
   5.600E-05   3.147E-03   1.606E-02   7.623E-04   1.099E+00
   5.500E-05   3.091E-03   1.628E-02   7.335E-04   1.126E+00
   5.477E-05   3.078E-03   1.633E-02   7.269E-04   1.134E+00
   5.400E-05   3.030E-03   1.651E-02   7.053E-04   1.155E+00
   5.300E-05   2.964E-03   1.675E-02   6.784E-04   1.185E+00
   5.200E-05   2.893E-03   1.699E-02   6.522E-04   1.215E+00
   5.100E-05   2.817E-03   1.722E-02   6.268E-04   1.247E+00
   5.000E-05   2.737E-03   1.744E-02   6.020E-04   1.281E+00
   4.900E-05   2.651E-03   1.761E-02   5.771E-04   1.315E+00
   4.880E-05   2.633E-03   1.764E-02   5.722E-04   1.322E+00
   4.800E-05   2.560E-03   1.774E-02   5.525E-04   1.351E+00
   4.760E-05   2.523E-03   1.778E-02   5.426E-04   1.366E+00
   4.700E-05   2.466E-03   1.782E-02   5.277E-04   1.389E+00
   4.650E-05   2.416E-03   1.784E-02   5.154E-04   1.408E+00
   4.600E-05   2.367E-03   1.786E-02   5.032E-04   1.428E+00
   4.550E-05   2.315E-03   1.787E-02   4.911E-04   1.448E+00
   4.500E-05   2.263E-03   1.787E-02   4.790E-04   1.469E+00
   4.440E-05   2.200E-03   1.786E-02   4.646E-04   1.493E+00
   4.350E-05   2.103E-03   1.780E-02   4.436E-04   1.532E+00
   4.170E-05   1.904E-03   1.747E-02   4.021E-04   1.613E+00
   4.000E-05   1.714E-03   1.713E-02   3.630E-04   1.695E+00
   3.850E-05   1.547E-03   1.709E-02   3.292E-04   1.772E+00
   3.656E-05   1.333E-03   1.722E-02   2.887E-04   1.878E+00
   3.570E-05   1.240E-03   1.716E-02   2.720E-04   1.927E+00
   3.330E-05   9.862E-04   1.592E-02   2.292E-04   2.068E+00
   3.130E-05   7.849E-04   1.507E-02   1.926E-04   2.197E+00
   3.000E-05   6.597E-04   1.472E-02   1.704E-04   2.286E+00
   2.940E-05   6.041E-04   1.431E-02   1.617E-04   2.327E+00
   2.780E-05   4.545E-04   1.305E-02   1.384E-04   2.444E+00
   2.630E-05   3.344E-04   1.249E-02   1.191E-04   2.575E+00
   2.500E-05   2.570E-04   1.187E-02   1.053E-04   2.728E+00
   2.380E-05   2.007E-04   1.199E-02   9.384E-05   2.958E+00
   2.270E-05   1.623E-04   1.241E-02   8.390E-05   3.234E+00
   2.170E-05   1.431E-04   1.156E-02   7.664E-05   3.442E+00
   2.080E-05   1.321E-04   9.739E-03   6.966E-05   3.429E+00
   2.000E-05   1.271E-04   8.288E-03   6.358E-05   3.291E+00
   1.920E-05   1.226E-04   7.454E-03   5.812E-05   3.127E+00
   1.850E-05   1.215E-04   6.239E-03   5.184E-05   3.025E+00
   1.790E-05   1.250E-04   5.381E-03   4.595E-05   2.960E+00
   1.720E-05   1.315E-04   4.585E-03   3.697E-05   2.942E+00
   1.670E-05   1.392E-04   4.043E-03   2.977E-05   2.961E+00
   1.610E-05   1.565E-04   3.397E-03   1.925E-05   3.040E+00
   1.560E-05   1.785E-04   2.821E-03   1.152E-05   3.154E+00
   1.520E-05   1.997E-04   2.281E-03   8.828E-06   3.288E+00
   1.470E-05   2.286E-04   1.558E-03   1.656E-05   3.488E+00
   1.430E-05   2.534E-04   9.875E-04   2.556E-05   3.665E+00
   1.390E-05   2.770E-04   7.038E-04   3.332E-05   3.804E+00
   1.350E-05   2.967E-04   6.007E-04   3.595E-05   3.938E+00
   1.320E-05   3.093E-04   6.215E-04   3.982E-05   4.046E+00
   1.280E-05   3.260E-04   7.148E-04   4.093E-05   4.211E+00
   1.250E-05   3.401E-04   7.040E-04   4.037E-05   4.356E+00
   1.220E-05   3.550E-04   7.173E-04   4.372E-05   4.526E+00
   1.190E-05   3.698E-04   8.152E-04   4.251E-05   4.727E+00
   1.160E-05   3.831E-04   9.533E-04   4.559E-05   4.952E+00
   1.140E-05   3.910E-04   1.115E-03   4.768E-05   5.119E+00
   1.110E-05   4.011E-04   1.354E-03   4.556E-05   5.396E+00
   1.080E-05   4.088E-04   1.600E-03   4.310E-05   5.795E+00
   1.050E-05   4.144E-04   1.839E-03   4.623E-05   6.298E+00
   1.030E-05   4.169E-04   2.001E-03   4.294E-05   6.742E+00
   1.000E-05   4.183E-04   2.237E-03   4.567E-05   7.380E+00
   9.750E-06   4.179E-04   2.440E-03   4.049E-05   7.956E+00
   9.500E-06   4.159E-04   2.635E-03   4.161E-05   8.587E+00
   9.250E-06   4.121E-04   2.823E-03   3.536E-05   9.164E+00
   9.080E-06   4.086E-04   2.946E-03   3.543E-05   9.494E+00
